Archive member included because of file (symbol)

e:/01_tool software/09_kds3.0/toolchain/bin/../lib/gcc/arm-none-eabi/4.8.4/armv6-m\libgcc.a(_udivsi3.o)
                              ./07_Soft_Component/printf/printf.o (__aeabi_uidiv)
e:/01_tool software/09_kds3.0/toolchain/bin/../lib/gcc/arm-none-eabi/4.8.4/armv6-m\libgcc.a(_divsi3.o)
                              ./07_Soft_Component/printf/printf.o (__aeabi_idiv)
e:/01_tool software/09_kds3.0/toolchain/bin/../lib/gcc/arm-none-eabi/4.8.4/armv6-m\libgcc.a(_dvmd_tls.o)
                              e:/01_tool software/09_kds3.0/toolchain/bin/../lib/gcc/arm-none-eabi/4.8.4/armv6-m\libgcc.a(_udivsi3.o) (__aeabi_idiv0)
e:/01_tool software/09_kds3.0/toolchain/bin/../lib/gcc/arm-none-eabi/4.8.4/armv6-m\libgcc.a(_arm_cmpdf2.o)
                              ./07_Soft_Component/printf/printf.o (__aeabi_dcmplt)
e:/01_tool software/09_kds3.0/toolchain/bin/../lib/gcc/arm-none-eabi/4.8.4/armv6-m\libgcc.a(_aeabi_uldivmod.o)
                              ./07_Soft_Component/printf/printf.o (__aeabi_uldivmod)
e:/01_tool software/09_kds3.0/toolchain/bin/../lib/gcc/arm-none-eabi/4.8.4/armv6-m\libgcc.a(_fixunsdfsi.o)
                              ./07_Soft_Component/printf/printf.o (__aeabi_d2uiz)
e:/01_tool software/09_kds3.0/toolchain/bin/../lib/gcc/arm-none-eabi/4.8.4/armv6-m\libgcc.a(_fixunsdfdi.o)
                              ./07_Soft_Component/printf/printf.o (__aeabi_d2ulz)
e:/01_tool software/09_kds3.0/toolchain/bin/../lib/gcc/arm-none-eabi/4.8.4/armv6-m\libgcc.a(bpabi.o)
                              e:/01_tool software/09_kds3.0/toolchain/bin/../lib/gcc/arm-none-eabi/4.8.4/armv6-m\libgcc.a(_aeabi_uldivmod.o) (__gnu_uldivmod_helper)
e:/01_tool software/09_kds3.0/toolchain/bin/../lib/gcc/arm-none-eabi/4.8.4/armv6-m\libgcc.a(eqdf2.o)
                              e:/01_tool software/09_kds3.0/toolchain/bin/../lib/gcc/arm-none-eabi/4.8.4/armv6-m\libgcc.a(_arm_cmpdf2.o) (__eqdf2)
e:/01_tool software/09_kds3.0/toolchain/bin/../lib/gcc/arm-none-eabi/4.8.4/armv6-m\libgcc.a(gedf2.o)
                              e:/01_tool software/09_kds3.0/toolchain/bin/../lib/gcc/arm-none-eabi/4.8.4/armv6-m\libgcc.a(_arm_cmpdf2.o) (__gedf2)
e:/01_tool software/09_kds3.0/toolchain/bin/../lib/gcc/arm-none-eabi/4.8.4/armv6-m\libgcc.a(ledf2.o)
                              e:/01_tool software/09_kds3.0/toolchain/bin/../lib/gcc/arm-none-eabi/4.8.4/armv6-m\libgcc.a(_arm_cmpdf2.o) (__ledf2)
e:/01_tool software/09_kds3.0/toolchain/bin/../lib/gcc/arm-none-eabi/4.8.4/armv6-m\libgcc.a(muldf3.o)
                              ./07_Soft_Component/printf/printf.o (__aeabi_dmul)
e:/01_tool software/09_kds3.0/toolchain/bin/../lib/gcc/arm-none-eabi/4.8.4/armv6-m\libgcc.a(subdf3.o)
                              ./07_Soft_Component/printf/printf.o (__aeabi_dsub)
e:/01_tool software/09_kds3.0/toolchain/bin/../lib/gcc/arm-none-eabi/4.8.4/armv6-m\libgcc.a(fixdfsi.o)
                              e:/01_tool software/09_kds3.0/toolchain/bin/../lib/gcc/arm-none-eabi/4.8.4/armv6-m\libgcc.a(_fixunsdfsi.o) (__aeabi_d2iz)
e:/01_tool software/09_kds3.0/toolchain/bin/../lib/gcc/arm-none-eabi/4.8.4/armv6-m\libgcc.a(floatunsidf.o)
                              ./07_Soft_Component/printf/printf.o (__aeabi_ui2d)
e:/01_tool software/09_kds3.0/toolchain/bin/../lib/gcc/arm-none-eabi/4.8.4/armv6-m\libgcc.a(_clzsi2.o)
                              e:/01_tool software/09_kds3.0/toolchain/bin/../lib/gcc/arm-none-eabi/4.8.4/armv6-m\libgcc.a(muldf3.o) (__clzsi2)
e:/01_tool software/09_kds3.0/toolchain/bin/../lib/gcc/arm-none-eabi/4.8.4/armv6-m\libgcc.a(_muldi3.o)
                              e:/01_tool software/09_kds3.0/toolchain/bin/../lib/gcc/arm-none-eabi/4.8.4/armv6-m\libgcc.a(bpabi.o) (__aeabi_lmul)
e:/01_tool software/09_kds3.0/toolchain/bin/../lib/gcc/arm-none-eabi/4.8.4/armv6-m\libgcc.a(_divdi3.o)
                              e:/01_tool software/09_kds3.0/toolchain/bin/../lib/gcc/arm-none-eabi/4.8.4/armv6-m\libgcc.a(bpabi.o) (__divdi3)
e:/01_tool software/09_kds3.0/toolchain/bin/../lib/gcc/arm-none-eabi/4.8.4/armv6-m\libgcc.a(_udivdi3.o)
                              e:/01_tool software/09_kds3.0/toolchain/bin/../lib/gcc/arm-none-eabi/4.8.4/armv6-m\libgcc.a(bpabi.o) (__udivdi3)
e:/01_tool software/09_kds3.0/toolchain/bin/../lib/gcc/arm-none-eabi/4.8.4/../../../../arm-none-eabi/lib/armv6-m\libg.a(lib_a-memset.o)
                              ./07_Soft_Component/printf/printf.o (memset)
e:/01_tool software/09_kds3.0/toolchain/bin/../lib/gcc/arm-none-eabi/4.8.4/../../../../arm-none-eabi/lib/armv6-m\libg.a(lib_a-strlen.o)
                              ./07_Soft_Component/printf/printf.o (strlen)

Discarded input sections

 .group         0x00000000        0x8 ./08_Source/isr.o
 .group         0x00000000        0x8 ./08_Source/isr.o
 .group         0x00000000        0x8 ./08_Source/isr.o
 .group         0x00000000        0x8 ./08_Source/isr.o
 .group         0x00000000        0x8 ./08_Source/isr.o
 .group         0x00000000        0x8 ./08_Source/isr.o
 .group         0x00000000        0x8 ./08_Source/isr.o
 .group         0x00000000        0x8 ./08_Source/isr.o
 .group         0x00000000        0x8 ./08_Source/isr.o
 .group         0x00000000        0x8 ./08_Source/isr.o
 .group         0x00000000        0x8 ./08_Source/isr.o
 .group         0x00000000        0x8 ./08_Source/isr.o
 .group         0x00000000        0x8 ./08_Source/isr.o
 .group         0x00000000        0x8 ./08_Source/isr.o
 .group         0x00000000        0x8 ./08_Source/isr.o
 .group         0x00000000        0x8 ./08_Source/isr.o
 .group         0x00000000        0x8 ./08_Source/isr.o
 .text          0x00000000        0x0 ./08_Source/isr.o
 .data          0x00000000        0x0 ./08_Source/isr.o
 .bss           0x00000000        0x0 ./08_Source/isr.o
 .group         0x00000000        0x8 ./08_Source/main.o
 .group         0x00000000        0x8 ./08_Source/main.o
 .group         0x00000000        0x8 ./08_Source/main.o
 .group         0x00000000        0x8 ./08_Source/main.o
 .group         0x00000000        0x8 ./08_Source/main.o
 .group         0x00000000        0x8 ./08_Source/main.o
 .group         0x00000000        0x8 ./08_Source/main.o
 .group         0x00000000        0x8 ./08_Source/main.o
 .group         0x00000000        0x8 ./08_Source/main.o
 .group         0x00000000        0x8 ./08_Source/main.o
 .group         0x00000000        0x8 ./08_Source/main.o
 .group         0x00000000        0x8 ./08_Source/main.o
 .group         0x00000000        0x8 ./08_Source/main.o
 .group         0x00000000        0x8 ./08_Source/main.o
 .group         0x00000000        0x8 ./08_Source/main.o
 .group         0x00000000        0x8 ./08_Source/main.o
 .group         0x00000000        0x8 ./08_Source/main.o
 .text          0x00000000        0x0 ./08_Source/main.o
 .data          0x00000000        0x0 ./08_Source/main.o
 .bss           0x00000000        0x0 ./08_Source/main.o
 .debug_macro   0x00000000      0x7f6 ./08_Source/main.o
 .debug_macro   0x00000000       0x16 ./08_Source/main.o
 .debug_macro   0x00000000       0x16 ./08_Source/main.o
 .debug_macro   0x00000000       0x44 ./08_Source/main.o
 .debug_macro   0x00000000      0x209 ./08_Source/main.o
 .debug_macro   0x00000000       0x3a ./08_Source/main.o
 .debug_macro   0x00000000       0x3a ./08_Source/main.o
 .debug_macro   0x00000000       0x26 ./08_Source/main.o
 .debug_macro   0x00000000      0x306 ./08_Source/main.o
 .debug_macro   0x00000000       0xbe ./08_Source/main.o
 .debug_macro   0x00000000     0x839f ./08_Source/main.o
 .debug_macro   0x00000000       0x34 ./08_Source/main.o
 .debug_macro   0x00000000       0x3a ./08_Source/main.o
 .debug_macro   0x00000000       0x9a ./08_Source/main.o
 .debug_macro   0x00000000       0x52 ./08_Source/main.o
 .debug_macro   0x00000000       0x28 ./08_Source/main.o
 .debug_macro   0x00000000       0x16 ./08_Source/main.o
 .group         0x00000000        0x8 ./07_Soft_Component/printf/printf.o
 .group         0x00000000        0x8 ./07_Soft_Component/printf/printf.o
 .group         0x00000000        0x8 ./07_Soft_Component/printf/printf.o
 .group         0x00000000        0x8 ./07_Soft_Component/printf/printf.o
 .group         0x00000000        0x8 ./07_Soft_Component/printf/printf.o
 .group         0x00000000        0x8 ./07_Soft_Component/printf/printf.o
 .group         0x00000000        0x8 ./07_Soft_Component/printf/printf.o
 .group         0x00000000        0x8 ./07_Soft_Component/printf/printf.o
 .group         0x00000000        0x8 ./07_Soft_Component/printf/printf.o
 .group         0x00000000        0x8 ./07_Soft_Component/printf/printf.o
 .group         0x00000000        0x8 ./07_Soft_Component/printf/printf.o
 .group         0x00000000        0x8 ./07_Soft_Component/printf/printf.o
 .group         0x00000000        0x8 ./07_Soft_Component/printf/printf.o
 .group         0x00000000        0x8 ./07_Soft_Component/printf/printf.o
 .text          0x00000000        0x0 ./07_Soft_Component/printf/printf.o
 .data          0x00000000        0x0 ./07_Soft_Component/printf/printf.o
 .bss           0x00000000        0x0 ./07_Soft_Component/printf/printf.o
 .debug_macro   0x00000000      0x7f6 ./07_Soft_Component/printf/printf.o
 .debug_macro   0x00000000       0x16 ./07_Soft_Component/printf/printf.o
 .debug_macro   0x00000000       0x16 ./07_Soft_Component/printf/printf.o
 .debug_macro   0x00000000       0x44 ./07_Soft_Component/printf/printf.o
 .debug_macro   0x00000000      0x209 ./07_Soft_Component/printf/printf.o
 .debug_macro   0x00000000       0x3a ./07_Soft_Component/printf/printf.o
 .debug_macro   0x00000000       0x3a ./07_Soft_Component/printf/printf.o
 .debug_macro   0x00000000       0x26 ./07_Soft_Component/printf/printf.o
 .debug_macro   0x00000000      0x306 ./07_Soft_Component/printf/printf.o
 .debug_macro   0x00000000       0xbe ./07_Soft_Component/printf/printf.o
 .debug_macro   0x00000000     0x839f ./07_Soft_Component/printf/printf.o
 .debug_macro   0x00000000       0x34 ./07_Soft_Component/printf/printf.o
 .debug_macro   0x00000000       0x9a ./07_Soft_Component/printf/printf.o
 .group         0x00000000        0x8 ./07_Soft_Component/common/common.o
 .group         0x00000000        0x8 ./07_Soft_Component/common/common.o
 .group         0x00000000        0x8 ./07_Soft_Component/common/common.o
 .group         0x00000000        0x8 ./07_Soft_Component/common/common.o
 .group         0x00000000        0x8 ./07_Soft_Component/common/common.o
 .group         0x00000000        0x8 ./07_Soft_Component/common/common.o
 .group         0x00000000        0x8 ./07_Soft_Component/common/common.o
 .group         0x00000000        0x8 ./07_Soft_Component/common/common.o
 .group         0x00000000        0x8 ./07_Soft_Component/common/common.o
 .group         0x00000000        0x8 ./07_Soft_Component/common/common.o
 .group         0x00000000        0x8 ./07_Soft_Component/common/common.o
 .group         0x00000000        0x8 ./07_Soft_Component/common/common.o
 .text          0x00000000        0x0 ./07_Soft_Component/common/common.o
 .data          0x00000000        0x0 ./07_Soft_Component/common/common.o
 .bss           0x00000000        0x0 ./07_Soft_Component/common/common.o
 .text.NVIC_EnableIRQ
                0x00000000       0x2c ./07_Soft_Component/common/common.o
 .text.NVIC_DisableIRQ
                0x00000000       0x2c ./07_Soft_Component/common/common.o
 .text.NVIC_SetPriority
                0x00000000       0xe0 ./07_Soft_Component/common/common.o
 .bss.int_disable_level
                0x00000000        0x4 ./07_Soft_Component/common/common.o
 .text.init_critical
                0x00000000       0x14 ./07_Soft_Component/common/common.o
 .text.enter_critical
                0x00000000       0x20 ./07_Soft_Component/common/common.o
 .text.exit_critical
                0x00000000       0x28 ./07_Soft_Component/common/common.o
 .text.enable_irq
                0x00000000       0x30 ./07_Soft_Component/common/common.o
 .text.disable_irq
                0x00000000       0x30 ./07_Soft_Component/common/common.o
 .text.set_irq_priority
                0x00000000       0x60 ./07_Soft_Component/common/common.o
 .debug_info    0x00000000      0x4fd ./07_Soft_Component/common/common.o
 .debug_abbrev  0x00000000      0x18a ./07_Soft_Component/common/common.o
 .debug_aranges
                0x00000000       0x60 ./07_Soft_Component/common/common.o
 .debug_ranges  0x00000000       0x50 ./07_Soft_Component/common/common.o
 .debug_macro   0x00000000       0x9a ./07_Soft_Component/common/common.o
 .debug_macro   0x00000000      0x7f6 ./07_Soft_Component/common/common.o
 .debug_macro   0x00000000       0x16 ./07_Soft_Component/common/common.o
 .debug_macro   0x00000000       0x16 ./07_Soft_Component/common/common.o
 .debug_macro   0x00000000       0x44 ./07_Soft_Component/common/common.o
 .debug_macro   0x00000000      0x209 ./07_Soft_Component/common/common.o
 .debug_macro   0x00000000       0x3a ./07_Soft_Component/common/common.o
 .debug_macro   0x00000000       0x3a ./07_Soft_Component/common/common.o
 .debug_macro   0x00000000       0x26 ./07_Soft_Component/common/common.o
 .debug_macro   0x00000000      0x306 ./07_Soft_Component/common/common.o
 .debug_macro   0x00000000       0xbe ./07_Soft_Component/common/common.o
 .debug_macro   0x00000000     0x839f ./07_Soft_Component/common/common.o
 .debug_macro   0x00000000       0x34 ./07_Soft_Component/common/common.o
 .debug_line    0x00000000      0x354 ./07_Soft_Component/common/common.o
 .debug_str     0x00000000    0x32365 ./07_Soft_Component/common/common.o
 .comment       0x00000000       0x71 ./07_Soft_Component/common/common.o
 .ARM.attributes
                0x00000000       0x32 ./07_Soft_Component/common/common.o
 .debug_frame   0x00000000      0x128 ./07_Soft_Component/common/common.o
 .group         0x00000000        0x8 ./06_App_Component/light/light.o
 .group         0x00000000        0x8 ./06_App_Component/light/light.o
 .group         0x00000000        0x8 ./06_App_Component/light/light.o
 .group         0x00000000        0x8 ./06_App_Component/light/light.o
 .group         0x00000000        0x8 ./06_App_Component/light/light.o
 .group         0x00000000        0x8 ./06_App_Component/light/light.o
 .group         0x00000000        0x8 ./06_App_Component/light/light.o
 .group         0x00000000        0x8 ./06_App_Component/light/light.o
 .group         0x00000000        0x8 ./06_App_Component/light/light.o
 .group         0x00000000        0x8 ./06_App_Component/light/light.o
 .group         0x00000000        0x8 ./06_App_Component/light/light.o
 .group         0x00000000        0x8 ./06_App_Component/light/light.o
 .group         0x00000000        0x8 ./06_App_Component/light/light.o
 .group         0x00000000        0x8 ./06_App_Component/light/light.o
 .text          0x00000000        0x0 ./06_App_Component/light/light.o
 .data          0x00000000        0x0 ./06_App_Component/light/light.o
 .bss           0x00000000        0x0 ./06_App_Component/light/light.o
 .text.light_control
                0x00000000       0x28 ./06_App_Component/light/light.o
 .debug_macro   0x00000000      0x7f6 ./06_App_Component/light/light.o
 .debug_macro   0x00000000       0x16 ./06_App_Component/light/light.o
 .debug_macro   0x00000000       0x16 ./06_App_Component/light/light.o
 .debug_macro   0x00000000       0x44 ./06_App_Component/light/light.o
 .debug_macro   0x00000000      0x209 ./06_App_Component/light/light.o
 .debug_macro   0x00000000       0x3a ./06_App_Component/light/light.o
 .debug_macro   0x00000000       0x3a ./06_App_Component/light/light.o
 .debug_macro   0x00000000       0x26 ./06_App_Component/light/light.o
 .debug_macro   0x00000000      0x306 ./06_App_Component/light/light.o
 .debug_macro   0x00000000       0xbe ./06_App_Component/light/light.o
 .debug_macro   0x00000000     0x839f ./06_App_Component/light/light.o
 .debug_macro   0x00000000       0x34 ./06_App_Component/light/light.o
 .debug_macro   0x00000000       0x52 ./06_App_Component/light/light.o
 .group         0x00000000        0x8 ./05_Driver/uart/uart.o
 .group         0x00000000        0x8 ./05_Driver/uart/uart.o
 .group         0x00000000        0x8 ./05_Driver/uart/uart.o
 .group         0x00000000        0x8 ./05_Driver/uart/uart.o
 .group         0x00000000        0x8 ./05_Driver/uart/uart.o
 .group         0x00000000        0x8 ./05_Driver/uart/uart.o
 .group         0x00000000        0x8 ./05_Driver/uart/uart.o
 .group         0x00000000        0x8 ./05_Driver/uart/uart.o
 .group         0x00000000        0x8 ./05_Driver/uart/uart.o
 .group         0x00000000        0x8 ./05_Driver/uart/uart.o
 .group         0x00000000        0x8 ./05_Driver/uart/uart.o
 .group         0x00000000        0x8 ./05_Driver/uart/uart.o
 .group         0x00000000        0x8 ./05_Driver/uart/uart.o
 .text          0x00000000        0x0 ./05_Driver/uart/uart.o
 .data          0x00000000        0x0 ./05_Driver/uart/uart.o
 .bss           0x00000000        0x0 ./05_Driver/uart/uart.o
 .text.NVIC_DisableIRQ
                0x00000000       0x2c ./05_Driver/uart/uart.o
 .text.uart_sendN
                0x00000000       0x78 ./05_Driver/uart/uart.o
 .text.uart_reN
                0x00000000       0x88 ./05_Driver/uart/uart.o
 .text.uart_disable_re_int
                0x00000000       0x6c ./05_Driver/uart/uart.o
 .debug_macro   0x00000000      0x7f6 ./05_Driver/uart/uart.o
 .debug_macro   0x00000000       0x16 ./05_Driver/uart/uart.o
 .debug_macro   0x00000000       0x16 ./05_Driver/uart/uart.o
 .debug_macro   0x00000000       0x44 ./05_Driver/uart/uart.o
 .debug_macro   0x00000000      0x209 ./05_Driver/uart/uart.o
 .debug_macro   0x00000000       0x3a ./05_Driver/uart/uart.o
 .debug_macro   0x00000000       0x3a ./05_Driver/uart/uart.o
 .debug_macro   0x00000000       0x26 ./05_Driver/uart/uart.o
 .debug_macro   0x00000000      0x306 ./05_Driver/uart/uart.o
 .debug_macro   0x00000000       0xbe ./05_Driver/uart/uart.o
 .debug_macro   0x00000000     0x839f ./05_Driver/uart/uart.o
 .debug_macro   0x00000000       0x34 ./05_Driver/uart/uart.o
 .debug_macro   0x00000000       0x34 ./05_Driver/uart/uart.o
 .group         0x00000000        0x8 ./05_Driver/gpio/gpio.o
 .group         0x00000000        0x8 ./05_Driver/gpio/gpio.o
 .group         0x00000000        0x8 ./05_Driver/gpio/gpio.o
 .group         0x00000000        0x8 ./05_Driver/gpio/gpio.o
 .group         0x00000000        0x8 ./05_Driver/gpio/gpio.o
 .group         0x00000000        0x8 ./05_Driver/gpio/gpio.o
 .group         0x00000000        0x8 ./05_Driver/gpio/gpio.o
 .group         0x00000000        0x8 ./05_Driver/gpio/gpio.o
 .group         0x00000000        0x8 ./05_Driver/gpio/gpio.o
 .group         0x00000000        0x8 ./05_Driver/gpio/gpio.o
 .group         0x00000000        0x8 ./05_Driver/gpio/gpio.o
 .group         0x00000000        0x8 ./05_Driver/gpio/gpio.o
 .group         0x00000000        0x8 ./05_Driver/gpio/gpio.o
 .text          0x00000000        0x0 ./05_Driver/gpio/gpio.o
 .data          0x00000000        0x0 ./05_Driver/gpio/gpio.o
 .bss           0x00000000        0x0 ./05_Driver/gpio/gpio.o
 .text.gpio_get
                0x00000000       0x54 ./05_Driver/gpio/gpio.o
 .text.gpio_pull
                0x00000000      0x118 ./05_Driver/gpio/gpio.o
 .text.gpio_enable_int
                0x00000000       0xb0 ./05_Driver/gpio/gpio.o
 .text.gpio_disable_int
                0x00000000       0x80 ./05_Driver/gpio/gpio.o
 .text.gpio_drive_strength
                0x00000000       0xb4 ./05_Driver/gpio/gpio.o
 .debug_macro   0x00000000      0x7f6 ./05_Driver/gpio/gpio.o
 .debug_macro   0x00000000       0x16 ./05_Driver/gpio/gpio.o
 .debug_macro   0x00000000       0x16 ./05_Driver/gpio/gpio.o
 .debug_macro   0x00000000       0x44 ./05_Driver/gpio/gpio.o
 .debug_macro   0x00000000      0x209 ./05_Driver/gpio/gpio.o
 .debug_macro   0x00000000       0x3a ./05_Driver/gpio/gpio.o
 .debug_macro   0x00000000       0x3a ./05_Driver/gpio/gpio.o
 .debug_macro   0x00000000       0x26 ./05_Driver/gpio/gpio.o
 .debug_macro   0x00000000      0x306 ./05_Driver/gpio/gpio.o
 .debug_macro   0x00000000       0xbe ./05_Driver/gpio/gpio.o
 .debug_macro   0x00000000     0x839f ./05_Driver/gpio/gpio.o
 .debug_macro   0x00000000       0x34 ./05_Driver/gpio/gpio.o
 .group         0x00000000        0x8 ./05_Driver/cop/cop.o
 .group         0x00000000        0x8 ./05_Driver/cop/cop.o
 .group         0x00000000        0x8 ./05_Driver/cop/cop.o
 .group         0x00000000        0x8 ./05_Driver/cop/cop.o
 .group         0x00000000        0x8 ./05_Driver/cop/cop.o
 .group         0x00000000        0x8 ./05_Driver/cop/cop.o
 .group         0x00000000        0x8 ./05_Driver/cop/cop.o
 .group         0x00000000        0x8 ./05_Driver/cop/cop.o
 .group         0x00000000        0x8 ./05_Driver/cop/cop.o
 .group         0x00000000        0x8 ./05_Driver/cop/cop.o
 .group         0x00000000        0x8 ./05_Driver/cop/cop.o
 .group         0x00000000        0x8 ./05_Driver/cop/cop.o
 .text          0x00000000        0x0 ./05_Driver/cop/cop.o
 .data          0x00000000        0x0 ./05_Driver/cop/cop.o
 .bss           0x00000000        0x0 ./05_Driver/cop/cop.o
 .text.WDOG_DISABLE
                0x00000000       0x18 ./05_Driver/cop/cop.o
 .debug_macro   0x00000000      0x7f6 ./05_Driver/cop/cop.o
 .debug_macro   0x00000000       0x16 ./05_Driver/cop/cop.o
 .debug_macro   0x00000000       0x16 ./05_Driver/cop/cop.o
 .debug_macro   0x00000000       0x44 ./05_Driver/cop/cop.o
 .debug_macro   0x00000000      0x209 ./05_Driver/cop/cop.o
 .debug_macro   0x00000000       0x3a ./05_Driver/cop/cop.o
 .debug_macro   0x00000000       0x3a ./05_Driver/cop/cop.o
 .debug_macro   0x00000000       0x26 ./05_Driver/cop/cop.o
 .debug_macro   0x00000000      0x306 ./05_Driver/cop/cop.o
 .debug_macro   0x00000000       0xbe ./05_Driver/cop/cop.o
 .debug_macro   0x00000000     0x839f ./05_Driver/cop/cop.o
 .debug_macro   0x00000000       0x34 ./05_Driver/cop/cop.o
 .data          0x00000000        0x0 ./03_MCU/startup_MKL25Z4.o
 .bss           0x00000000        0x0 ./03_MCU/startup_MKL25Z4.o
 .group         0x00000000        0x8 ./03_MCU/system_MKL25Z4.o
 .group         0x00000000        0x8 ./03_MCU/system_MKL25Z4.o
 .group         0x00000000        0x8 ./03_MCU/system_MKL25Z4.o
 .group         0x00000000        0x8 ./03_MCU/system_MKL25Z4.o
 .group         0x00000000        0x8 ./03_MCU/system_MKL25Z4.o
 .group         0x00000000        0x8 ./03_MCU/system_MKL25Z4.o
 .group         0x00000000        0x8 ./03_MCU/system_MKL25Z4.o
 .group         0x00000000        0x8 ./03_MCU/system_MKL25Z4.o
 .group         0x00000000        0x8 ./03_MCU/system_MKL25Z4.o
 .group         0x00000000        0x8 ./03_MCU/system_MKL25Z4.o
 .text          0x00000000        0x0 ./03_MCU/system_MKL25Z4.o
 .data          0x00000000        0x0 ./03_MCU/system_MKL25Z4.o
 .bss           0x00000000        0x0 ./03_MCU/system_MKL25Z4.o
 .data.SystemCoreClock
                0x00000000        0x4 ./03_MCU/system_MKL25Z4.o
 .debug_macro   0x00000000      0x7f6 ./03_MCU/system_MKL25Z4.o
 .debug_macro   0x00000000       0x16 ./03_MCU/system_MKL25Z4.o
 .debug_macro   0x00000000       0x44 ./03_MCU/system_MKL25Z4.o
 .debug_macro   0x00000000      0x209 ./03_MCU/system_MKL25Z4.o
 .debug_macro   0x00000000       0x3a ./03_MCU/system_MKL25Z4.o
 .debug_macro   0x00000000       0x26 ./03_MCU/system_MKL25Z4.o
 .debug_macro   0x00000000      0x306 ./03_MCU/system_MKL25Z4.o
 .debug_macro   0x00000000       0xbe ./03_MCU/system_MKL25Z4.o
 .debug_macro   0x00000000     0x839f ./03_MCU/system_MKL25Z4.o
 .data          0x00000000        0x0 e:/01_tool software/09_kds3.0/toolchain/bin/../lib/gcc/arm-none-eabi/4.8.4/armv6-m\libgcc.a(_udivsi3.o)
 .bss           0x00000000        0x0 e:/01_tool software/09_kds3.0/toolchain/bin/../lib/gcc/arm-none-eabi/4.8.4/armv6-m\libgcc.a(_udivsi3.o)
 .data          0x00000000        0x0 e:/01_tool software/09_kds3.0/toolchain/bin/../lib/gcc/arm-none-eabi/4.8.4/armv6-m\libgcc.a(_divsi3.o)
 .bss           0x00000000        0x0 e:/01_tool software/09_kds3.0/toolchain/bin/../lib/gcc/arm-none-eabi/4.8.4/armv6-m\libgcc.a(_divsi3.o)
 .data          0x00000000        0x0 e:/01_tool software/09_kds3.0/toolchain/bin/../lib/gcc/arm-none-eabi/4.8.4/armv6-m\libgcc.a(_dvmd_tls.o)
 .bss           0x00000000        0x0 e:/01_tool software/09_kds3.0/toolchain/bin/../lib/gcc/arm-none-eabi/4.8.4/armv6-m\libgcc.a(_dvmd_tls.o)
 .data          0x00000000        0x0 e:/01_tool software/09_kds3.0/toolchain/bin/../lib/gcc/arm-none-eabi/4.8.4/armv6-m\libgcc.a(_arm_cmpdf2.o)
 .bss           0x00000000        0x0 e:/01_tool software/09_kds3.0/toolchain/bin/../lib/gcc/arm-none-eabi/4.8.4/armv6-m\libgcc.a(_arm_cmpdf2.o)
 .data          0x00000000        0x0 e:/01_tool software/09_kds3.0/toolchain/bin/../lib/gcc/arm-none-eabi/4.8.4/armv6-m\libgcc.a(_aeabi_uldivmod.o)
 .bss           0x00000000        0x0 e:/01_tool software/09_kds3.0/toolchain/bin/../lib/gcc/arm-none-eabi/4.8.4/armv6-m\libgcc.a(_aeabi_uldivmod.o)
 .data          0x00000000        0x0 e:/01_tool software/09_kds3.0/toolchain/bin/../lib/gcc/arm-none-eabi/4.8.4/armv6-m\libgcc.a(_fixunsdfsi.o)
 .bss           0x00000000        0x0 e:/01_tool software/09_kds3.0/toolchain/bin/../lib/gcc/arm-none-eabi/4.8.4/armv6-m\libgcc.a(_fixunsdfsi.o)
 .data          0x00000000        0x0 e:/01_tool software/09_kds3.0/toolchain/bin/../lib/gcc/arm-none-eabi/4.8.4/armv6-m\libgcc.a(_fixunsdfdi.o)
 .bss           0x00000000        0x0 e:/01_tool software/09_kds3.0/toolchain/bin/../lib/gcc/arm-none-eabi/4.8.4/armv6-m\libgcc.a(_fixunsdfdi.o)
 .data          0x00000000        0x0 e:/01_tool software/09_kds3.0/toolchain/bin/../lib/gcc/arm-none-eabi/4.8.4/armv6-m\libgcc.a(bpabi.o)
 .bss           0x00000000        0x0 e:/01_tool software/09_kds3.0/toolchain/bin/../lib/gcc/arm-none-eabi/4.8.4/armv6-m\libgcc.a(bpabi.o)
 .data          0x00000000        0x0 e:/01_tool software/09_kds3.0/toolchain/bin/../lib/gcc/arm-none-eabi/4.8.4/armv6-m\libgcc.a(eqdf2.o)
 .bss           0x00000000        0x0 e:/01_tool software/09_kds3.0/toolchain/bin/../lib/gcc/arm-none-eabi/4.8.4/armv6-m\libgcc.a(eqdf2.o)
 .data          0x00000000        0x0 e:/01_tool software/09_kds3.0/toolchain/bin/../lib/gcc/arm-none-eabi/4.8.4/armv6-m\libgcc.a(gedf2.o)
 .bss           0x00000000        0x0 e:/01_tool software/09_kds3.0/toolchain/bin/../lib/gcc/arm-none-eabi/4.8.4/armv6-m\libgcc.a(gedf2.o)
 .data          0x00000000        0x0 e:/01_tool software/09_kds3.0/toolchain/bin/../lib/gcc/arm-none-eabi/4.8.4/armv6-m\libgcc.a(ledf2.o)
 .bss           0x00000000        0x0 e:/01_tool software/09_kds3.0/toolchain/bin/../lib/gcc/arm-none-eabi/4.8.4/armv6-m\libgcc.a(ledf2.o)
 .data          0x00000000        0x0 e:/01_tool software/09_kds3.0/toolchain/bin/../lib/gcc/arm-none-eabi/4.8.4/armv6-m\libgcc.a(muldf3.o)
 .bss           0x00000000        0x0 e:/01_tool software/09_kds3.0/toolchain/bin/../lib/gcc/arm-none-eabi/4.8.4/armv6-m\libgcc.a(muldf3.o)
 .data          0x00000000        0x0 e:/01_tool software/09_kds3.0/toolchain/bin/../lib/gcc/arm-none-eabi/4.8.4/armv6-m\libgcc.a(subdf3.o)
 .bss           0x00000000        0x0 e:/01_tool software/09_kds3.0/toolchain/bin/../lib/gcc/arm-none-eabi/4.8.4/armv6-m\libgcc.a(subdf3.o)
 .data          0x00000000        0x0 e:/01_tool software/09_kds3.0/toolchain/bin/../lib/gcc/arm-none-eabi/4.8.4/armv6-m\libgcc.a(fixdfsi.o)
 .bss           0x00000000        0x0 e:/01_tool software/09_kds3.0/toolchain/bin/../lib/gcc/arm-none-eabi/4.8.4/armv6-m\libgcc.a(fixdfsi.o)
 .data          0x00000000        0x0 e:/01_tool software/09_kds3.0/toolchain/bin/../lib/gcc/arm-none-eabi/4.8.4/armv6-m\libgcc.a(floatunsidf.o)
 .bss           0x00000000        0x0 e:/01_tool software/09_kds3.0/toolchain/bin/../lib/gcc/arm-none-eabi/4.8.4/armv6-m\libgcc.a(floatunsidf.o)
 .data          0x00000000        0x0 e:/01_tool software/09_kds3.0/toolchain/bin/../lib/gcc/arm-none-eabi/4.8.4/armv6-m\libgcc.a(_clzsi2.o)
 .bss           0x00000000        0x0 e:/01_tool software/09_kds3.0/toolchain/bin/../lib/gcc/arm-none-eabi/4.8.4/armv6-m\libgcc.a(_clzsi2.o)
 .data          0x00000000        0x0 e:/01_tool software/09_kds3.0/toolchain/bin/../lib/gcc/arm-none-eabi/4.8.4/armv6-m\libgcc.a(_muldi3.o)
 .bss           0x00000000        0x0 e:/01_tool software/09_kds3.0/toolchain/bin/../lib/gcc/arm-none-eabi/4.8.4/armv6-m\libgcc.a(_muldi3.o)
 .data          0x00000000        0x0 e:/01_tool software/09_kds3.0/toolchain/bin/../lib/gcc/arm-none-eabi/4.8.4/armv6-m\libgcc.a(_divdi3.o)
 .bss           0x00000000        0x0 e:/01_tool software/09_kds3.0/toolchain/bin/../lib/gcc/arm-none-eabi/4.8.4/armv6-m\libgcc.a(_divdi3.o)
 .ARM.extab     0x00000000        0x0 e:/01_tool software/09_kds3.0/toolchain/bin/../lib/gcc/arm-none-eabi/4.8.4/armv6-m\libgcc.a(_divdi3.o)
 .data          0x00000000        0x0 e:/01_tool software/09_kds3.0/toolchain/bin/../lib/gcc/arm-none-eabi/4.8.4/armv6-m\libgcc.a(_udivdi3.o)
 .bss           0x00000000        0x0 e:/01_tool software/09_kds3.0/toolchain/bin/../lib/gcc/arm-none-eabi/4.8.4/armv6-m\libgcc.a(_udivdi3.o)
 .ARM.extab     0x00000000        0x0 e:/01_tool software/09_kds3.0/toolchain/bin/../lib/gcc/arm-none-eabi/4.8.4/armv6-m\libgcc.a(_udivdi3.o)
 .text          0x00000000        0x0 e:/01_tool software/09_kds3.0/toolchain/bin/../lib/gcc/arm-none-eabi/4.8.4/../../../../arm-none-eabi/lib/armv6-m\libg.a(lib_a-memset.o)
 .data          0x00000000        0x0 e:/01_tool software/09_kds3.0/toolchain/bin/../lib/gcc/arm-none-eabi/4.8.4/../../../../arm-none-eabi/lib/armv6-m\libg.a(lib_a-memset.o)
 .bss           0x00000000        0x0 e:/01_tool software/09_kds3.0/toolchain/bin/../lib/gcc/arm-none-eabi/4.8.4/../../../../arm-none-eabi/lib/armv6-m\libg.a(lib_a-memset.o)
 .text          0x00000000        0x0 e:/01_tool software/09_kds3.0/toolchain/bin/../lib/gcc/arm-none-eabi/4.8.4/../../../../arm-none-eabi/lib/armv6-m\libg.a(lib_a-strlen.o)
 .data          0x00000000        0x0 e:/01_tool software/09_kds3.0/toolchain/bin/../lib/gcc/arm-none-eabi/4.8.4/../../../../arm-none-eabi/lib/armv6-m\libg.a(lib_a-strlen.o)
 .bss           0x00000000        0x0 e:/01_tool software/09_kds3.0/toolchain/bin/../lib/gcc/arm-none-eabi/4.8.4/../../../../arm-none-eabi/lib/armv6-m\libg.a(lib_a-strlen.o)

Memory Configuration

Name             Origin             Length             Attributes
m_interrupts     0x00000000         0x00000100         xr
m_flash_config   0x00000400         0x00000010         xr
m_text           0x00000410         0x0001fbf0         xr
m_data           0x1ffff000         0x00004000         rw
*default*        0x00000000         0xffffffff

Linker script and memory map

LOAD ./08_Source/isr.o
LOAD ./08_Source/main.o
LOAD ./07_Soft_Component/printf/printf.o
LOAD ./07_Soft_Component/common/common.o
LOAD ./06_App_Component/light/light.o
LOAD ./05_Driver/uart/uart.o
LOAD ./05_Driver/gpio/gpio.o
LOAD ./05_Driver/cop/cop.o
LOAD ./03_MCU/startup_MKL25Z4.o
LOAD ./03_MCU/system_MKL25Z4.o
LOAD e:/01_tool software/09_kds3.0/toolchain/bin/../lib/gcc/arm-none-eabi/4.8.4/armv6-m\libgcc.a
LOAD e:/01_tool software/09_kds3.0/toolchain/bin/../lib/gcc/arm-none-eabi/4.8.4/../../../../arm-none-eabi/lib/armv6-m\libstdc++.a
LOAD e:/01_tool software/09_kds3.0/toolchain/bin/../lib/gcc/arm-none-eabi/4.8.4/../../../../arm-none-eabi/lib/armv6-m\libm.a
START GROUP
LOAD e:/01_tool software/09_kds3.0/toolchain/bin/../lib/gcc/arm-none-eabi/4.8.4/armv6-m\libgcc.a
LOAD e:/01_tool software/09_kds3.0/toolchain/bin/../lib/gcc/arm-none-eabi/4.8.4/../../../../arm-none-eabi/lib/armv6-m\libg.a
LOAD e:/01_tool software/09_kds3.0/toolchain/bin/../lib/gcc/arm-none-eabi/4.8.4/../../../../arm-none-eabi/lib/armv6-m\libc.a
END GROUP
                0x00000400                HEAP_SIZE = DEFINED (__heap_size__)?__heap_size__:0x400
                0x00000400                STACK_SIZE = DEFINED (__stack_size__)?__stack_size__:0x400

.interrupts     0x00000000       0xc0
                0x00000000                __VECTOR_TABLE = .
                0x00000000                . = ALIGN (0x4)
 *(.isr_vector)
 .isr_vector    0x00000000       0xc0 ./03_MCU/startup_MKL25Z4.o
                0x00000000                __isr_vector
                0x000000c0                . = ALIGN (0x4)

.flash_config   0x00000400       0x10
                0x00000400                . = ALIGN (0x4)
 *(.FlashConfig)
 .FlashConfig   0x00000400       0x10 ./03_MCU/startup_MKL25Z4.o
                0x00000410                . = ALIGN (0x4)

.text           0x00000410     0x35fc
                0x00000410                . = ALIGN (0x4)
 *(.text)
 .text          0x00000410       0x4c ./03_MCU/startup_MKL25Z4.o
                0x00000410                Reset_Handler
                0x00000454                HardFault_Handler
                0x00000454                SysTick_Handler
                0x00000454                PendSV_Handler
                0x00000454                NMI_Handler
                0x00000454                I2C1_IRQHandler
                0x00000454                DMA2_IRQHandler
                0x00000454                TPM0_IRQHandler
                0x00000454                LLWU_IRQHandler
                0x00000454                TSI0_IRQHandler
                0x00000454                ADC0_IRQHandler
                0x00000454                Reserved39_IRQHandler
                0x00000454                SPI1_IRQHandler
                0x00000454                DefaultISR
                0x00000454                PORTD_IRQHandler
                0x00000454                TPM2_IRQHandler
                0x00000454                RTC_IRQHandler
                0x00000454                I2C0_IRQHandler
                0x00000454                RTC_Seconds_IRQHandler
                0x00000454                MCG_IRQHandler
                0x00000454                Reserved20_IRQHandler
                0x00000454                USB0_IRQHandler
                0x00000454                PIT_IRQHandler
                0x00000454                SVC_Handler
                0x00000454                DMA3_IRQHandler
                0x00000454                DMA0_IRQHandler
                0x00000454                DAC0_IRQHandler
                0x00000454                Reserved45_IRQHandler
                0x00000454                TPM1_IRQHandler
                0x00000454                LVD_LVW_IRQHandler
                0x00000454                SPI0_IRQHandler
                0x00000454                PORTA_IRQHandler
                0x00000454                FTFA_IRQHandler
                0x00000454                LPTMR0_IRQHandler
                0x00000454                CMP0_IRQHandler
                0x00000454                DMA1_IRQHandler
 .text          0x0000045c       0x9c e:/01_tool software/09_kds3.0/toolchain/bin/../lib/gcc/arm-none-eabi/4.8.4/armv6-m\libgcc.a(_udivsi3.o)
                0x0000045c                __aeabi_uidiv
                0x0000045c                __udivsi3
                0x000004e4                __aeabi_uidivmod
 .text          0x000004f8       0xc0 e:/01_tool software/09_kds3.0/toolchain/bin/../lib/gcc/arm-none-eabi/4.8.4/armv6-m\libgcc.a(_divsi3.o)
                0x000004f8                __divsi3
                0x000004f8                __aeabi_idiv
                0x000005a4                __aeabi_idivmod
 .text          0x000005b8        0x4 e:/01_tool software/09_kds3.0/toolchain/bin/../lib/gcc/arm-none-eabi/4.8.4/armv6-m\libgcc.a(_dvmd_tls.o)
                0x000005b8                __aeabi_idiv0
                0x000005b8                __aeabi_ldiv0
 .text          0x000005bc       0x7c e:/01_tool software/09_kds3.0/toolchain/bin/../lib/gcc/arm-none-eabi/4.8.4/armv6-m\libgcc.a(_arm_cmpdf2.o)
                0x000005bc                __aeabi_cdrcmple
                0x000005cc                __aeabi_cdcmple
                0x000005cc                __aeabi_cdcmpeq
                0x000005dc                __aeabi_dcmpeq
                0x000005e8                __aeabi_dcmplt
                0x000005fc                __aeabi_dcmple
                0x00000610                __aeabi_dcmpgt
                0x00000624                __aeabi_dcmpge
 .text          0x00000638       0x40 e:/01_tool software/09_kds3.0/toolchain/bin/../lib/gcc/arm-none-eabi/4.8.4/armv6-m\libgcc.a(_aeabi_uldivmod.o)
                0x00000638                __aeabi_uldivmod
 .text          0x00000678       0x40 e:/01_tool software/09_kds3.0/toolchain/bin/../lib/gcc/arm-none-eabi/4.8.4/armv6-m\libgcc.a(_fixunsdfsi.o)
                0x00000678                __aeabi_d2uiz
                0x00000678                __fixunsdfsi
 .text          0x000006b8       0x48 e:/01_tool software/09_kds3.0/toolchain/bin/../lib/gcc/arm-none-eabi/4.8.4/armv6-m\libgcc.a(_fixunsdfdi.o)
                0x000006b8                __fixunsdfdi
                0x000006b8                __aeabi_d2ulz
 .text          0x00000700       0x6c e:/01_tool software/09_kds3.0/toolchain/bin/../lib/gcc/arm-none-eabi/4.8.4/armv6-m\libgcc.a(bpabi.o)
                0x00000700                __gnu_ldivmod_helper
                0x00000738                __gnu_uldivmod_helper
 .text          0x0000076c       0x94 e:/01_tool software/09_kds3.0/toolchain/bin/../lib/gcc/arm-none-eabi/4.8.4/armv6-m\libgcc.a(eqdf2.o)
                0x0000076c                __nedf2
                0x0000076c                __eqdf2
 .text          0x00000800       0xfc e:/01_tool software/09_kds3.0/toolchain/bin/../lib/gcc/arm-none-eabi/4.8.4/armv6-m\libgcc.a(gedf2.o)
                0x00000800                __gedf2
                0x00000800                __gtdf2
 .text          0x000008fc       0xfc e:/01_tool software/09_kds3.0/toolchain/bin/../lib/gcc/arm-none-eabi/4.8.4/armv6-m\libgcc.a(ledf2.o)
                0x000008fc                __ledf2
                0x000008fc                __ltdf2
 .text          0x000009f8      0x520 e:/01_tool software/09_kds3.0/toolchain/bin/../lib/gcc/arm-none-eabi/4.8.4/armv6-m\libgcc.a(muldf3.o)
                0x000009f8                __aeabi_dmul
 .text          0x00000f18      0x668 e:/01_tool software/09_kds3.0/toolchain/bin/../lib/gcc/arm-none-eabi/4.8.4/armv6-m\libgcc.a(subdf3.o)
                0x00000f18                __aeabi_dsub
 .text          0x00001580       0x68 e:/01_tool software/09_kds3.0/toolchain/bin/../lib/gcc/arm-none-eabi/4.8.4/armv6-m\libgcc.a(fixdfsi.o)
                0x00001580                __aeabi_d2iz
 .text          0x000015e8       0x68 e:/01_tool software/09_kds3.0/toolchain/bin/../lib/gcc/arm-none-eabi/4.8.4/armv6-m\libgcc.a(floatunsidf.o)
                0x000015e8                __aeabi_ui2d
 .text          0x00001650       0x3c e:/01_tool software/09_kds3.0/toolchain/bin/../lib/gcc/arm-none-eabi/4.8.4/armv6-m\libgcc.a(_clzsi2.o)
                0x00001650                __clzsi2
 .text          0x0000168c       0x44 e:/01_tool software/09_kds3.0/toolchain/bin/../lib/gcc/arm-none-eabi/4.8.4/armv6-m\libgcc.a(_muldi3.o)
                0x0000168c                __muldi3
                0x0000168c                __aeabi_lmul
 .text          0x000016d0      0x3b8 e:/01_tool software/09_kds3.0/toolchain/bin/../lib/gcc/arm-none-eabi/4.8.4/armv6-m\libgcc.a(_divdi3.o)
                0x000016d0                __divdi3
 .text          0x00001a88      0x384 e:/01_tool software/09_kds3.0/toolchain/bin/../lib/gcc/arm-none-eabi/4.8.4/armv6-m\libgcc.a(_udivdi3.o)
                0x00001a88                __udivdi3
 *(.text*)
 .text.UART0_IRQHandler
                0x00001e0c       0x3c ./08_Source/isr.o
                0x00001e0c                UART0_IRQHandler
 .text.UART1_IRQHandler
                0x00001e48       0x3c ./08_Source/isr.o
                0x00001e48                UART1_IRQHandler
 .text.UART2_IRQHandler
                0x00001e84       0x3c ./08_Source/isr.o
                0x00001e84                UART2_IRQHandler
 .text.main     0x00001ec0       0x90 ./08_Source/main.o
                0x00001ec0                main
 .text.out_char
                0x00001f50       0x20 ./07_Soft_Component/printf/printf.o
                0x00001f50                out_char
 .text.printk_putc
                0x00001f70       0x50 ./07_Soft_Component/printf/printf.o
 .text.printk_mkfloatstr
                0x00001fc0      0x398 ./07_Soft_Component/printf/printf.o
                0x00001fc0                printk_mkfloatstr
 .text.printk_mknumstr
                0x00002358      0x100 ./07_Soft_Component/printf/printf.o
 .text.printk_pad_zero
                0x00002458       0x38 ./07_Soft_Component/printf/printf.o
 .text.printk_pad_space
                0x00002490       0x38 ./07_Soft_Component/printf/printf.o
 .text.printk   0x000024c8      0xaa0 ./07_Soft_Component/printf/printf.o
                0x000024c8                printk
 .text.myprintf
                0x00002f68       0x48 ./07_Soft_Component/printf/printf.o
                0x00002f68                myprintf
 .text.light_init
                0x00002fb0       0x2c ./06_App_Component/light/light.o
                0x00002fb0                light_init
 .text.light_change
                0x00002fdc       0x1c ./06_App_Component/light/light.o
                0x00002fdc                light_change
 .text.NVIC_EnableIRQ
                0x00002ff8       0x2c ./05_Driver/uart/uart.o
 .text.uart_init
                0x00003024      0x224 ./05_Driver/uart/uart.o
                0x00003024                uart_init
 .text.uart_send1
                0x00003248       0x94 ./05_Driver/uart/uart.o
                0x00003248                uart_send1
 .text.uart_send_string
                0x000032dc       0x70 ./05_Driver/uart/uart.o
                0x000032dc                uart_send_string
 .text.uart_re1
                0x0000334c       0xac ./05_Driver/uart/uart.o
                0x0000334c                uart_re1
 .text.uart_enable_re_int
                0x000033f8       0x6c ./05_Driver/uart/uart.o
                0x000033f8                uart_enable_re_int
 .text.gpio_port_pin_resolution
                0x00003464       0x34 ./05_Driver/gpio/gpio.o
 .text.gpio_init
                0x00003498       0xc4 ./05_Driver/gpio/gpio.o
                0x00003498                gpio_init
 .text.gpio_set
                0x0000355c       0x80 ./05_Driver/gpio/gpio.o
                0x0000355c                gpio_set
 .text.gpio_reverse
                0x000035dc       0x54 ./05_Driver/gpio/gpio.o
                0x000035dc                gpio_reverse
 .text.WDOG_ENABLE
                0x00003630       0x20 ./05_Driver/cop/cop.o
                0x00003630                WDOG_ENABLE
 .text.FEED_DOG
                0x00003650       0x20 ./05_Driver/cop/cop.o
                0x00003650                FEED_DOG
 .text.SystemInit
                0x00003670      0x188 ./03_MCU/system_MKL25Z4.o
                0x00003670                SystemInit
 .text.memset   0x000037f8       0x9c e:/01_tool software/09_kds3.0/toolchain/bin/../lib/gcc/arm-none-eabi/4.8.4/../../../../arm-none-eabi/lib/armv6-m\libg.a(lib_a-memset.o)
                0x000037f8                memset
 .text.strlen   0x00003894       0x10 e:/01_tool software/09_kds3.0/toolchain/bin/../lib/gcc/arm-none-eabi/4.8.4/../../../../arm-none-eabi/lib/armv6-m\libg.a(lib_a-strlen.o)
                0x00003894                strlen
 *(.rodata)
 .rodata        0x000038a4       0x30 ./08_Source/main.o
 .rodata        0x000038d4       0x40 e:/01_tool software/09_kds3.0/toolchain/bin/../lib/gcc/arm-none-eabi/4.8.4/armv6-m\libgcc.a(muldf3.o)
 *(.rodata*)
 .rodata.printk
                0x00003914       0xc8 ./07_Soft_Component/printf/printf.o
 .rodata.UART_ARR
                0x000039dc        0x8 ./05_Driver/uart/uart.o
 .rodata.PORT_ARR
                0x000039e4       0x14 ./05_Driver/gpio/gpio.o
 .rodata.GPIO_ARR
                0x000039f8       0x14 ./05_Driver/gpio/gpio.o
 *(.glue_7)
 .glue_7        0x00000000        0x0 linker stubs
 *(.glue_7t)
 .glue_7t       0x00000000        0x0 linker stubs
 *(.eh_frame)
 *(.init)
 *(.fini)
                0x00003a0c                . = ALIGN (0x4)

.vfp11_veneer   0x00003a0c        0x0
 .vfp11_veneer  0x00000000        0x0 linker stubs

.v4_bx          0x00003a0c        0x0
 .v4_bx         0x00000000        0x0 linker stubs

.iplt           0x00003a0c        0x0
 .iplt          0x00000000        0x0 ./08_Source/isr.o

.ARM.extab
 *(.ARM.extab* .gnu.linkonce.armextab.*)

.ARM            0x00003a0c        0x8
                0x00003a0c                __exidx_start = .
 *(.ARM.exidx*)
 .ARM.exidx     0x00003a0c        0x8 e:/01_tool software/09_kds3.0/toolchain/bin/../lib/gcc/arm-none-eabi/4.8.4/armv6-m\libgcc.a(_divdi3.o)
 .ARM.exidx     0x00003a14        0x0 e:/01_tool software/09_kds3.0/toolchain/bin/../lib/gcc/arm-none-eabi/4.8.4/armv6-m\libgcc.a(_udivdi3.o)
                                  0x8 (size before relaxing)
                0x00003a14                __exidx_end = .

.rel.dyn        0x00003a14        0x0
 .rel.iplt      0x00000000        0x0 ./08_Source/isr.o

.ctors          0x00003a14        0x0
                0x00003a14                __CTOR_LIST__ = .
 *crtbegin.o(.ctors)
 *crtbegin?.o(.ctors)
 *(EXCLUDE_FILE(*crtend.o *crtend?.o) .ctors)
 *(SORT(.ctors.*))
 *(.ctors)
                0x00003a14                __CTOR_END__ = .

.dtors          0x00003a14        0x0
                0x00003a14                __DTOR_LIST__ = .
 *crtbegin.o(.dtors)
 *crtbegin?.o(.dtors)
 *(EXCLUDE_FILE(*crtend.o *crtend?.o) .dtors)
 *(SORT(.dtors.*))
 *(.dtors)
                0x00003a14                __DTOR_END__ = .

.preinit_array  0x00003a14        0x0
                0x00003a14                PROVIDE (__preinit_array_start, .)
 *(.preinit_array*)
                0x00003a14                PROVIDE (__preinit_array_end, .)

.init_array     0x00003a14        0x0
                0x00003a14                PROVIDE (__init_array_start, .)
 *(SORT(.init_array.*))
 *(.init_array*)
                0x00003a14                PROVIDE (__init_array_end, .)

.fini_array     0x00003a14        0x0
                0x00003a14                PROVIDE (__fini_array_start, .)
 *(SORT(.fini_array.*))
 *(.fini_array*)
                0x00003a14                PROVIDE (__fini_array_end, .)
                0x00003a14                __etext = .
                0x00003a14                __DATA_ROM = .

.mtb            0x1ffff000        0x0
                0x1ffff000                . = ALIGN (0x8)
                0x1ffff000                _mtb_start = .
 *(.mtb_buf)
                0x1ffff000                . = ALIGN (0x8)
                0x1ffff000                _mtb_end = .

.data           0x1ffff000        0x4 load address 0x00003a14
                0x1ffff000                . = ALIGN (0x4)
                0x1ffff000                __DATA_RAM = .
                0x1ffff000                __data_start__ = .
 *(.data)
 *(.data*)
 .data.table_irq_uart
                0x1ffff000        0x4 ./05_Driver/uart/uart.o
 *(.jcr*)
                0x1ffff004                . = ALIGN (0x4)
                0x1ffff004                __data_end__ = .
                0x00003a18                __DATA_END = (__DATA_ROM + (__data_end__ - __data_start__))

.igot.plt       0x1ffff004        0x0 load address 0x00003a18
 .igot.plt      0x00000000        0x0 ./08_Source/isr.o

.bss            0x1ffff004        0x0
                0x1ffff004                . = ALIGN (0x4)
                0x1ffff004                __START_BSS = .
                0x1ffff004                __bss_start__ = .
 *(.bss)
 *(.bss*)
 *(COMMON)
                0x1ffff004                . = ALIGN (0x4)
                0x1ffff004                __bss_end__ = .
                0x1ffff004                __END_BSS = .

.heap           0x1ffff004      0x404 load address 0x00003a18
                0x1ffff008                . = ALIGN (0x8)
 *fill*         0x1ffff004        0x4 
                0x1ffff008                __end__ = .
                0x1ffff008                PROVIDE (end, .)
                0x1ffff008                __HeapBase = .
                0x1ffff408                . = (. + HEAP_SIZE)
 *fill*         0x1ffff008      0x400 
                0x1ffff408                __HeapLimit = .

.stack          0x1ffff408      0x400 load address 0x00003e1c
                0x1ffff408                . = ALIGN (0x8)
                0x1ffff808                . = (. + STACK_SIZE)
 *fill*         0x1ffff408      0x400 
                0x20003000                __StackTop = (ORIGIN (m_data) + 0x4000)
                0x20002c00                __StackLimit = (__StackTop - STACK_SIZE)
                0x20003000                PROVIDE (__stack, __StackTop)

.ARM.attributes
                0x00000000       0x30
 *(.ARM.attributes)
 .ARM.attributes
                0x00000000       0x32 ./08_Source/isr.o
 .ARM.attributes
                0x00000032       0x32 ./08_Source/main.o
 .ARM.attributes
                0x00000064       0x32 ./07_Soft_Component/printf/printf.o
 .ARM.attributes
                0x00000096       0x32 ./06_App_Component/light/light.o
 .ARM.attributes
                0x000000c8       0x32 ./05_Driver/uart/uart.o
 .ARM.attributes
                0x000000fa       0x32 ./05_Driver/gpio/gpio.o
 .ARM.attributes
                0x0000012c       0x32 ./05_Driver/cop/cop.o
 .ARM.attributes
                0x0000015e       0x1b ./03_MCU/startup_MKL25Z4.o
 .ARM.attributes
                0x00000179       0x32 ./03_MCU/system_MKL25Z4.o
 .ARM.attributes
                0x000001ab       0x1e e:/01_tool software/09_kds3.0/toolchain/bin/../lib/gcc/arm-none-eabi/4.8.4/armv6-m\libgcc.a(_udivsi3.o)
 .ARM.attributes
                0x000001c9       0x1e e:/01_tool software/09_kds3.0/toolchain/bin/../lib/gcc/arm-none-eabi/4.8.4/armv6-m\libgcc.a(_divsi3.o)
 .ARM.attributes
                0x000001e7       0x1e e:/01_tool software/09_kds3.0/toolchain/bin/../lib/gcc/arm-none-eabi/4.8.4/armv6-m\libgcc.a(_dvmd_tls.o)
 .ARM.attributes
                0x00000205       0x1e e:/01_tool software/09_kds3.0/toolchain/bin/../lib/gcc/arm-none-eabi/4.8.4/armv6-m\libgcc.a(_arm_cmpdf2.o)
 .ARM.attributes
                0x00000223       0x1e e:/01_tool software/09_kds3.0/toolchain/bin/../lib/gcc/arm-none-eabi/4.8.4/armv6-m\libgcc.a(_aeabi_uldivmod.o)
 .ARM.attributes
                0x00000241       0x2c e:/01_tool software/09_kds3.0/toolchain/bin/../lib/gcc/arm-none-eabi/4.8.4/armv6-m\libgcc.a(_fixunsdfsi.o)
 .ARM.attributes
                0x0000026d       0x2c e:/01_tool software/09_kds3.0/toolchain/bin/../lib/gcc/arm-none-eabi/4.8.4/armv6-m\libgcc.a(_fixunsdfdi.o)
 .ARM.attributes
                0x00000299       0x2c e:/01_tool software/09_kds3.0/toolchain/bin/../lib/gcc/arm-none-eabi/4.8.4/armv6-m\libgcc.a(bpabi.o)
 .ARM.attributes
                0x000002c5       0x2c e:/01_tool software/09_kds3.0/toolchain/bin/../lib/gcc/arm-none-eabi/4.8.4/armv6-m\libgcc.a(eqdf2.o)
 .ARM.attributes
                0x000002f1       0x2c e:/01_tool software/09_kds3.0/toolchain/bin/../lib/gcc/arm-none-eabi/4.8.4/armv6-m\libgcc.a(gedf2.o)
 .ARM.attributes
                0x0000031d       0x2c e:/01_tool software/09_kds3.0/toolchain/bin/../lib/gcc/arm-none-eabi/4.8.4/armv6-m\libgcc.a(ledf2.o)
 .ARM.attributes
                0x00000349       0x2c e:/01_tool software/09_kds3.0/toolchain/bin/../lib/gcc/arm-none-eabi/4.8.4/armv6-m\libgcc.a(muldf3.o)
 .ARM.attributes
                0x00000375       0x2c e:/01_tool software/09_kds3.0/toolchain/bin/../lib/gcc/arm-none-eabi/4.8.4/armv6-m\libgcc.a(subdf3.o)
 .ARM.attributes
                0x000003a1       0x2c e:/01_tool software/09_kds3.0/toolchain/bin/../lib/gcc/arm-none-eabi/4.8.4/armv6-m\libgcc.a(fixdfsi.o)
 .ARM.attributes
                0x000003cd       0x2c e:/01_tool software/09_kds3.0/toolchain/bin/../lib/gcc/arm-none-eabi/4.8.4/armv6-m\libgcc.a(floatunsidf.o)
 .ARM.attributes
                0x000003f9       0x1e e:/01_tool software/09_kds3.0/toolchain/bin/../lib/gcc/arm-none-eabi/4.8.4/armv6-m\libgcc.a(_clzsi2.o)
 .ARM.attributes
                0x00000417       0x2c e:/01_tool software/09_kds3.0/toolchain/bin/../lib/gcc/arm-none-eabi/4.8.4/armv6-m\libgcc.a(_muldi3.o)
 .ARM.attributes
                0x00000443       0x2c e:/01_tool software/09_kds3.0/toolchain/bin/../lib/gcc/arm-none-eabi/4.8.4/armv6-m\libgcc.a(_divdi3.o)
 .ARM.attributes
                0x0000046f       0x2c e:/01_tool software/09_kds3.0/toolchain/bin/../lib/gcc/arm-none-eabi/4.8.4/armv6-m\libgcc.a(_udivdi3.o)
 .ARM.attributes
                0x0000049b       0x2c e:/01_tool software/09_kds3.0/toolchain/bin/../lib/gcc/arm-none-eabi/4.8.4/../../../../arm-none-eabi/lib/armv6-m\libg.a(lib_a-memset.o)
 .ARM.attributes
                0x000004c7       0x2c e:/01_tool software/09_kds3.0/toolchain/bin/../lib/gcc/arm-none-eabi/4.8.4/../../../../arm-none-eabi/lib/armv6-m\libg.a(lib_a-strlen.o)
                0x00000001                ASSERT ((__StackLimit >= __HeapLimit), region m_data overflowed with stack and heap)
OUTPUT(KL25_UART.elf elf32-littlearm)

.debug_info     0x00000000     0x2270
 .debug_info    0x00000000      0x184 ./08_Source/isr.o
 .debug_info    0x00000184       0xdd ./08_Source/main.o
 .debug_info    0x00000261      0x67e ./07_Soft_Component/printf/printf.o
 .debug_info    0x000008df      0x118 ./06_App_Component/light/light.o
 .debug_info    0x000009f7      0x9e7 ./05_Driver/uart/uart.o
 .debug_info    0x000013de      0x536 ./05_Driver/gpio/gpio.o
 .debug_info    0x00001914      0x2c6 ./05_Driver/cop/cop.o
 .debug_info    0x00001bda       0x7d ./03_MCU/startup_MKL25Z4.o
 .debug_info    0x00001c57      0x619 ./03_MCU/system_MKL25Z4.o

.debug_abbrev   0x00000000      0x880
 .debug_abbrev  0x00000000       0xa8 ./08_Source/isr.o
 .debug_abbrev  0x000000a8       0x81 ./08_Source/main.o
 .debug_abbrev  0x00000129      0x1f4 ./07_Soft_Component/printf/printf.o
 .debug_abbrev  0x0000031d       0x7b ./06_App_Component/light/light.o
 .debug_abbrev  0x00000398      0x206 ./05_Driver/uart/uart.o
 .debug_abbrev  0x0000059e      0x125 ./05_Driver/gpio/gpio.o
 .debug_abbrev  0x000006c3       0xb1 ./05_Driver/cop/cop.o
 .debug_abbrev  0x00000774       0x14 ./03_MCU/startup_MKL25Z4.o
 .debug_abbrev  0x00000788       0xf8 ./03_MCU/system_MKL25Z4.o

.debug_aranges  0x00000000      0x210
 .debug_aranges
                0x00000000       0x30 ./08_Source/isr.o
 .debug_aranges
                0x00000030       0x20 ./08_Source/main.o
 .debug_aranges
                0x00000050       0x58 ./07_Soft_Component/printf/printf.o
 .debug_aranges
                0x000000a8       0x30 ./06_App_Component/light/light.o
 .debug_aranges
                0x000000d8       0x68 ./05_Driver/uart/uart.o
 .debug_aranges
                0x00000140       0x60 ./05_Driver/gpio/gpio.o
 .debug_aranges
                0x000001a0       0x30 ./05_Driver/cop/cop.o
 .debug_aranges
                0x000001d0       0x20 ./03_MCU/startup_MKL25Z4.o
 .debug_aranges
                0x000001f0       0x20 ./03_MCU/system_MKL25Z4.o

.debug_ranges   0x00000000      0x170
 .debug_ranges  0x00000000       0x20 ./08_Source/isr.o
 .debug_ranges  0x00000020       0x10 ./08_Source/main.o
 .debug_ranges  0x00000030       0x48 ./07_Soft_Component/printf/printf.o
 .debug_ranges  0x00000078       0x20 ./06_App_Component/light/light.o
 .debug_ranges  0x00000098       0x58 ./05_Driver/uart/uart.o
 .debug_ranges  0x000000f0       0x50 ./05_Driver/gpio/gpio.o
 .debug_ranges  0x00000140       0x20 ./05_Driver/cop/cop.o
 .debug_ranges  0x00000160       0x10 ./03_MCU/system_MKL25Z4.o

.debug_macro    0x00000000     0x9a8a
 .debug_macro   0x00000000       0xdd ./08_Source/isr.o
 .debug_macro   0x000000dd      0x7f6 ./08_Source/isr.o
 .debug_macro   0x000008d3       0x16 ./08_Source/isr.o
 .debug_macro   0x000008e9       0x16 ./08_Source/isr.o
 .debug_macro   0x000008ff       0x44 ./08_Source/isr.o
 .debug_macro   0x00000943      0x209 ./08_Source/isr.o
 .debug_macro   0x00000b4c       0x3a ./08_Source/isr.o
 .debug_macro   0x00000b86       0x3a ./08_Source/isr.o
 .debug_macro   0x00000bc0       0x26 ./08_Source/isr.o
 .debug_macro   0x00000be6      0x306 ./08_Source/isr.o
 .debug_macro   0x00000eec       0xbe ./08_Source/isr.o
 .debug_macro   0x00000faa     0x839f ./08_Source/isr.o
 .debug_macro   0x00009349       0x34 ./08_Source/isr.o
 .debug_macro   0x0000937d       0x3a ./08_Source/isr.o
 .debug_macro   0x000093b7       0x9a ./08_Source/isr.o
 .debug_macro   0x00009451       0x52 ./08_Source/isr.o
 .debug_macro   0x000094a3       0x28 ./08_Source/isr.o
 .debug_macro   0x000094cb       0x16 ./08_Source/isr.o
 .debug_macro   0x000094e1       0xdd ./08_Source/main.o
 .debug_macro   0x000095be       0xb8 ./07_Soft_Component/printf/printf.o
 .debug_macro   0x00009676       0x34 ./07_Soft_Component/printf/printf.o
 .debug_macro   0x000096aa       0xb2 ./06_App_Component/light/light.o
 .debug_macro   0x0000975c       0x22 ./06_App_Component/light/light.o
 .debug_macro   0x0000977e       0xa9 ./05_Driver/uart/uart.o
 .debug_macro   0x00009827       0xa9 ./05_Driver/gpio/gpio.o
 .debug_macro   0x000098d0       0x4c ./05_Driver/gpio/gpio.o
 .debug_macro   0x0000991c       0xa4 ./05_Driver/cop/cop.o
 .debug_macro   0x000099c0       0x7e ./03_MCU/system_MKL25Z4.o
 .debug_macro   0x00009a3e       0x4c ./03_MCU/system_MKL25Z4.o

.debug_line     0x00000000     0x1f61
 .debug_line    0x00000000      0x4bc ./08_Source/isr.o
 .debug_line    0x000004bc      0x472 ./08_Source/main.o
 .debug_line    0x0000092e      0x59f ./07_Soft_Component/printf/printf.o
 .debug_line    0x00000ecd      0x33a ./06_App_Component/light/light.o
 .debug_line    0x00001207      0x414 ./05_Driver/uart/uart.o
 .debug_line    0x0000161b      0x38c ./05_Driver/gpio/gpio.o
 .debug_line    0x000019a7      0x2e2 ./05_Driver/cop/cop.o
 .debug_line    0x00001c89       0x70 ./03_MCU/startup_MKL25Z4.o
 .debug_line    0x00001cf9      0x268 ./03_MCU/system_MKL25Z4.o

.debug_str      0x00000000    0x3293f
 .debug_str     0x00000000    0x3210b ./08_Source/isr.o
                              0x32504 (size before relaxing)
 .debug_str     0x0003210b       0x2b ./08_Source/main.o
                              0x324dd (size before relaxing)
 .debug_str     0x00032136      0x18e ./07_Soft_Component/printf/printf.o
                              0x324c2 (size before relaxing)
 .debug_str     0x000322c4       0x5f ./06_App_Component/light/light.o
                              0x321a3 (size before relaxing)
 .debug_str     0x00032323      0x412 ./05_Driver/uart/uart.o
                              0x324dc (size before relaxing)
 .debug_str     0x00032735      0x11c ./05_Driver/gpio/gpio.o
                              0x3225a (size before relaxing)
 .debug_str     0x00032851       0x39 ./05_Driver/cop/cop.o
                              0x3214d (size before relaxing)
 .debug_str     0x0003288a       0xb5 ./03_MCU/system_MKL25Z4.o
                              0x32231 (size before relaxing)

.comment        0x00000000       0x70
 .comment       0x00000000       0x70 ./08_Source/isr.o
                                 0x71 (size before relaxing)
 .comment       0x00000000       0x71 ./08_Source/main.o
 .comment       0x00000000       0x71 ./07_Soft_Component/printf/printf.o
 .comment       0x00000000       0x71 ./06_App_Component/light/light.o
 .comment       0x00000000       0x71 ./05_Driver/uart/uart.o
 .comment       0x00000000       0x71 ./05_Driver/gpio/gpio.o
 .comment       0x00000000       0x71 ./05_Driver/cop/cop.o
 .comment       0x00000000       0x71 ./03_MCU/system_MKL25Z4.o

.debug_frame    0x00000000      0x890
 .debug_frame   0x00000000       0x70 ./08_Source/isr.o
 .debug_frame   0x00000070       0x30 ./08_Source/main.o
 .debug_frame   0x000000a0      0x114 ./07_Soft_Component/printf/printf.o
 .debug_frame   0x000001b4       0x70 ./06_App_Component/light/light.o
 .debug_frame   0x00000224      0x150 ./05_Driver/uart/uart.o
 .debug_frame   0x00000374      0x130 ./05_Driver/gpio/gpio.o
 .debug_frame   0x000004a4       0x64 ./05_Driver/cop/cop.o
 .debug_frame   0x00000508       0x2c ./03_MCU/system_MKL25Z4.o
 .debug_frame   0x00000534       0x20 e:/01_tool software/09_kds3.0/toolchain/bin/../lib/gcc/arm-none-eabi/4.8.4/armv6-m\libgcc.a(_udivsi3.o)
 .debug_frame   0x00000554       0x20 e:/01_tool software/09_kds3.0/toolchain/bin/../lib/gcc/arm-none-eabi/4.8.4/armv6-m\libgcc.a(_divsi3.o)
 .debug_frame   0x00000574       0x2c e:/01_tool software/09_kds3.0/toolchain/bin/../lib/gcc/arm-none-eabi/4.8.4/armv6-m\libgcc.a(_fixunsdfsi.o)
 .debug_frame   0x000005a0       0x2c e:/01_tool software/09_kds3.0/toolchain/bin/../lib/gcc/arm-none-eabi/4.8.4/armv6-m\libgcc.a(_fixunsdfdi.o)
 .debug_frame   0x000005cc       0x50 e:/01_tool software/09_kds3.0/toolchain/bin/../lib/gcc/arm-none-eabi/4.8.4/armv6-m\libgcc.a(bpabi.o)
 .debug_frame   0x0000061c       0x3c e:/01_tool software/09_kds3.0/toolchain/bin/../lib/gcc/arm-none-eabi/4.8.4/armv6-m\libgcc.a(eqdf2.o)
 .debug_frame   0x00000658       0x38 e:/01_tool software/09_kds3.0/toolchain/bin/../lib/gcc/arm-none-eabi/4.8.4/armv6-m\libgcc.a(gedf2.o)
 .debug_frame   0x00000690       0x3c e:/01_tool software/09_kds3.0/toolchain/bin/../lib/gcc/arm-none-eabi/4.8.4/armv6-m\libgcc.a(ledf2.o)
 .debug_frame   0x000006cc       0x3c e:/01_tool software/09_kds3.0/toolchain/bin/../lib/gcc/arm-none-eabi/4.8.4/armv6-m\libgcc.a(muldf3.o)
 .debug_frame   0x00000708       0x3c e:/01_tool software/09_kds3.0/toolchain/bin/../lib/gcc/arm-none-eabi/4.8.4/armv6-m\libgcc.a(subdf3.o)
 .debug_frame   0x00000744       0x2c e:/01_tool software/09_kds3.0/toolchain/bin/../lib/gcc/arm-none-eabi/4.8.4/armv6-m\libgcc.a(fixdfsi.o)
 .debug_frame   0x00000770       0x28 e:/01_tool software/09_kds3.0/toolchain/bin/../lib/gcc/arm-none-eabi/4.8.4/armv6-m\libgcc.a(floatunsidf.o)
 .debug_frame   0x00000798       0x30 e:/01_tool software/09_kds3.0/toolchain/bin/../lib/gcc/arm-none-eabi/4.8.4/armv6-m\libgcc.a(_muldi3.o)
 .debug_frame   0x000007c8       0x3c e:/01_tool software/09_kds3.0/toolchain/bin/../lib/gcc/arm-none-eabi/4.8.4/armv6-m\libgcc.a(_divdi3.o)
 .debug_frame   0x00000804       0x3c e:/01_tool software/09_kds3.0/toolchain/bin/../lib/gcc/arm-none-eabi/4.8.4/armv6-m\libgcc.a(_udivdi3.o)
 .debug_frame   0x00000840       0x30 e:/01_tool software/09_kds3.0/toolchain/bin/../lib/gcc/arm-none-eabi/4.8.4/../../../../arm-none-eabi/lib/armv6-m\libg.a(lib_a-memset.o)
 .debug_frame   0x00000870       0x20 e:/01_tool software/09_kds3.0/toolchain/bin/../lib/gcc/arm-none-eabi/4.8.4/../../../../arm-none-eabi/lib/armv6-m\libg.a(lib_a-strlen.o)
