Archive member included because of file (symbol)

e:/freescale/kds_3.0.0/toolchain/bin/../lib/gcc/arm-none-eabi/4.8.4/armv6-m\libgcc.a(_udivsi3.o)
                              ./07_Soft_Component/printf/printf.o (__aeabi_uidiv)
e:/freescale/kds_3.0.0/toolchain/bin/../lib/gcc/arm-none-eabi/4.8.4/armv6-m\libgcc.a(_divsi3.o)
                              ./07_Soft_Component/printf/printf.o (__aeabi_idiv)
e:/freescale/kds_3.0.0/toolchain/bin/../lib/gcc/arm-none-eabi/4.8.4/armv6-m\libgcc.a(_dvmd_tls.o)
                              e:/freescale/kds_3.0.0/toolchain/bin/../lib/gcc/arm-none-eabi/4.8.4/armv6-m\libgcc.a(_udivsi3.o) (__aeabi_idiv0)
e:/freescale/kds_3.0.0/toolchain/bin/../lib/gcc/arm-none-eabi/4.8.4/armv6-m\libgcc.a(_arm_cmpdf2.o)
                              ./07_Soft_Component/printf/printf.o (__aeabi_dcmplt)
e:/freescale/kds_3.0.0/toolchain/bin/../lib/gcc/arm-none-eabi/4.8.4/armv6-m\libgcc.a(_arm_cmpsf2.o)
                              ./08_Source/isr.o (__aeabi_fcmplt)
e:/freescale/kds_3.0.0/toolchain/bin/../lib/gcc/arm-none-eabi/4.8.4/armv6-m\libgcc.a(_aeabi_uldivmod.o)
                              ./07_Soft_Component/printf/printf.o (__aeabi_uldivmod)
e:/freescale/kds_3.0.0/toolchain/bin/../lib/gcc/arm-none-eabi/4.8.4/armv6-m\libgcc.a(_fixunssfsi.o)
                              ./05_Driver/tpm/tpm.o (__aeabi_f2uiz)
e:/freescale/kds_3.0.0/toolchain/bin/../lib/gcc/arm-none-eabi/4.8.4/armv6-m\libgcc.a(_fixunsdfsi.o)
                              ./07_Soft_Component/printf/printf.o (__aeabi_d2uiz)
e:/freescale/kds_3.0.0/toolchain/bin/../lib/gcc/arm-none-eabi/4.8.4/armv6-m\libgcc.a(_fixunsdfdi.o)
                              ./07_Soft_Component/printf/printf.o (__aeabi_d2ulz)
e:/freescale/kds_3.0.0/toolchain/bin/../lib/gcc/arm-none-eabi/4.8.4/armv6-m\libgcc.a(bpabi.o)
                              e:/freescale/kds_3.0.0/toolchain/bin/../lib/gcc/arm-none-eabi/4.8.4/armv6-m\libgcc.a(_aeabi_uldivmod.o) (__gnu_uldivmod_helper)
e:/freescale/kds_3.0.0/toolchain/bin/../lib/gcc/arm-none-eabi/4.8.4/armv6-m\libgcc.a(addsf3.o)
                              ./08_Source/isr.o (__aeabi_fadd)
e:/freescale/kds_3.0.0/toolchain/bin/../lib/gcc/arm-none-eabi/4.8.4/armv6-m\libgcc.a(divsf3.o)
                              ./05_Driver/tpm/tpm.o (__aeabi_fdiv)
e:/freescale/kds_3.0.0/toolchain/bin/../lib/gcc/arm-none-eabi/4.8.4/armv6-m\libgcc.a(eqsf2.o)
                              e:/freescale/kds_3.0.0/toolchain/bin/../lib/gcc/arm-none-eabi/4.8.4/armv6-m\libgcc.a(_arm_cmpsf2.o) (__eqsf2)
e:/freescale/kds_3.0.0/toolchain/bin/../lib/gcc/arm-none-eabi/4.8.4/armv6-m\libgcc.a(gesf2.o)
                              e:/freescale/kds_3.0.0/toolchain/bin/../lib/gcc/arm-none-eabi/4.8.4/armv6-m\libgcc.a(_arm_cmpsf2.o) (__gesf2)
e:/freescale/kds_3.0.0/toolchain/bin/../lib/gcc/arm-none-eabi/4.8.4/armv6-m\libgcc.a(lesf2.o)
                              e:/freescale/kds_3.0.0/toolchain/bin/../lib/gcc/arm-none-eabi/4.8.4/armv6-m\libgcc.a(_arm_cmpsf2.o) (__lesf2)
e:/freescale/kds_3.0.0/toolchain/bin/../lib/gcc/arm-none-eabi/4.8.4/armv6-m\libgcc.a(mulsf3.o)
                              ./05_Driver/tpm/tpm.o (__aeabi_fmul)
e:/freescale/kds_3.0.0/toolchain/bin/../lib/gcc/arm-none-eabi/4.8.4/armv6-m\libgcc.a(subsf3.o)
                              ./08_Source/isr.o (__aeabi_fsub)
e:/freescale/kds_3.0.0/toolchain/bin/../lib/gcc/arm-none-eabi/4.8.4/armv6-m\libgcc.a(fixsfsi.o)
                              e:/freescale/kds_3.0.0/toolchain/bin/../lib/gcc/arm-none-eabi/4.8.4/armv6-m\libgcc.a(_fixunssfsi.o) (__aeabi_f2iz)
e:/freescale/kds_3.0.0/toolchain/bin/../lib/gcc/arm-none-eabi/4.8.4/armv6-m\libgcc.a(floatunsisf.o)
                              ./08_Source/isr.o (__aeabi_ui2f)
e:/freescale/kds_3.0.0/toolchain/bin/../lib/gcc/arm-none-eabi/4.8.4/armv6-m\libgcc.a(eqdf2.o)
                              e:/freescale/kds_3.0.0/toolchain/bin/../lib/gcc/arm-none-eabi/4.8.4/armv6-m\libgcc.a(_arm_cmpdf2.o) (__eqdf2)
e:/freescale/kds_3.0.0/toolchain/bin/../lib/gcc/arm-none-eabi/4.8.4/armv6-m\libgcc.a(gedf2.o)
                              e:/freescale/kds_3.0.0/toolchain/bin/../lib/gcc/arm-none-eabi/4.8.4/armv6-m\libgcc.a(_arm_cmpdf2.o) (__gedf2)
e:/freescale/kds_3.0.0/toolchain/bin/../lib/gcc/arm-none-eabi/4.8.4/armv6-m\libgcc.a(ledf2.o)
                              e:/freescale/kds_3.0.0/toolchain/bin/../lib/gcc/arm-none-eabi/4.8.4/armv6-m\libgcc.a(_arm_cmpdf2.o) (__ledf2)
e:/freescale/kds_3.0.0/toolchain/bin/../lib/gcc/arm-none-eabi/4.8.4/armv6-m\libgcc.a(muldf3.o)
                              ./07_Soft_Component/printf/printf.o (__aeabi_dmul)
e:/freescale/kds_3.0.0/toolchain/bin/../lib/gcc/arm-none-eabi/4.8.4/armv6-m\libgcc.a(subdf3.o)
                              ./07_Soft_Component/printf/printf.o (__aeabi_dsub)
e:/freescale/kds_3.0.0/toolchain/bin/../lib/gcc/arm-none-eabi/4.8.4/armv6-m\libgcc.a(fixdfsi.o)
                              e:/freescale/kds_3.0.0/toolchain/bin/../lib/gcc/arm-none-eabi/4.8.4/armv6-m\libgcc.a(_fixunsdfsi.o) (__aeabi_d2iz)
e:/freescale/kds_3.0.0/toolchain/bin/../lib/gcc/arm-none-eabi/4.8.4/armv6-m\libgcc.a(floatunsidf.o)
                              ./07_Soft_Component/printf/printf.o (__aeabi_ui2d)
e:/freescale/kds_3.0.0/toolchain/bin/../lib/gcc/arm-none-eabi/4.8.4/armv6-m\libgcc.a(_clzsi2.o)
                              e:/freescale/kds_3.0.0/toolchain/bin/../lib/gcc/arm-none-eabi/4.8.4/armv6-m\libgcc.a(addsf3.o) (__clzsi2)
e:/freescale/kds_3.0.0/toolchain/bin/../lib/gcc/arm-none-eabi/4.8.4/armv6-m\libgcc.a(_muldi3.o)
                              e:/freescale/kds_3.0.0/toolchain/bin/../lib/gcc/arm-none-eabi/4.8.4/armv6-m\libgcc.a(bpabi.o) (__aeabi_lmul)
e:/freescale/kds_3.0.0/toolchain/bin/../lib/gcc/arm-none-eabi/4.8.4/armv6-m\libgcc.a(_divdi3.o)
                              e:/freescale/kds_3.0.0/toolchain/bin/../lib/gcc/arm-none-eabi/4.8.4/armv6-m\libgcc.a(bpabi.o) (__divdi3)
e:/freescale/kds_3.0.0/toolchain/bin/../lib/gcc/arm-none-eabi/4.8.4/armv6-m\libgcc.a(_udivdi3.o)
                              e:/freescale/kds_3.0.0/toolchain/bin/../lib/gcc/arm-none-eabi/4.8.4/armv6-m\libgcc.a(bpabi.o) (__udivdi3)
e:/freescale/kds_3.0.0/toolchain/bin/../lib/gcc/arm-none-eabi/4.8.4/../../../../arm-none-eabi/lib/armv6-m\libg.a(lib_a-memset.o)
                              ./07_Soft_Component/printf/printf.o (memset)
e:/freescale/kds_3.0.0/toolchain/bin/../lib/gcc/arm-none-eabi/4.8.4/../../../../arm-none-eabi/lib/armv6-m\libg.a(lib_a-strlen.o)
                              ./07_Soft_Component/printf/printf.o (strlen)

Allocating common symbols
Common symbol       size              file

g_time              0x3               ./08_Source/isr.o

Discarded input sections

 .group         0x00000000        0x8 ./08_Source/isr.o
 .group         0x00000000        0x8 ./08_Source/isr.o
 .group         0x00000000        0x8 ./08_Source/isr.o
 .group         0x00000000        0x8 ./08_Source/isr.o
 .group         0x00000000        0x8 ./08_Source/isr.o
 .group         0x00000000        0x8 ./08_Source/isr.o
 .group         0x00000000        0x8 ./08_Source/isr.o
 .group         0x00000000        0x8 ./08_Source/isr.o
 .group         0x00000000        0x8 ./08_Source/isr.o
 .group         0x00000000        0x8 ./08_Source/isr.o
 .group         0x00000000        0x8 ./08_Source/isr.o
 .group         0x00000000        0x8 ./08_Source/isr.o
 .group         0x00000000        0x8 ./08_Source/isr.o
 .group         0x00000000        0x8 ./08_Source/isr.o
 .group         0x00000000        0x8 ./08_Source/isr.o
 .group         0x00000000        0x8 ./08_Source/isr.o
 .group         0x00000000        0x8 ./08_Source/isr.o
 .text          0x00000000        0x0 ./08_Source/isr.o
 .data          0x00000000        0x0 ./08_Source/isr.o
 .bss           0x00000000        0x0 ./08_Source/isr.o
 .data.Up_Down.4943
                0x00000000        0x1 ./08_Source/isr.o
 .data.duty.4942
                0x00000000        0x4 ./08_Source/isr.o
 .group         0x00000000        0x8 ./08_Source/main.o
 .group         0x00000000        0x8 ./08_Source/main.o
 .group         0x00000000        0x8 ./08_Source/main.o
 .group         0x00000000        0x8 ./08_Source/main.o
 .group         0x00000000        0x8 ./08_Source/main.o
 .group         0x00000000        0x8 ./08_Source/main.o
 .group         0x00000000        0x8 ./08_Source/main.o
 .group         0x00000000        0x8 ./08_Source/main.o
 .group         0x00000000        0x8 ./08_Source/main.o
 .group         0x00000000        0x8 ./08_Source/main.o
 .group         0x00000000        0x8 ./08_Source/main.o
 .group         0x00000000        0x8 ./08_Source/main.o
 .group         0x00000000        0x8 ./08_Source/main.o
 .group         0x00000000        0x8 ./08_Source/main.o
 .group         0x00000000        0x8 ./08_Source/main.o
 .group         0x00000000        0x8 ./08_Source/main.o
 .group         0x00000000        0x8 ./08_Source/main.o
 .text          0x00000000        0x0 ./08_Source/main.o
 .data          0x00000000        0x0 ./08_Source/main.o
 .bss           0x00000000        0x0 ./08_Source/main.o
 .debug_macro   0x00000000      0x7f6 ./08_Source/main.o
 .debug_macro   0x00000000       0x16 ./08_Source/main.o
 .debug_macro   0x00000000       0x16 ./08_Source/main.o
 .debug_macro   0x00000000       0x44 ./08_Source/main.o
 .debug_macro   0x00000000      0x209 ./08_Source/main.o
 .debug_macro   0x00000000       0x3a ./08_Source/main.o
 .debug_macro   0x00000000       0x3a ./08_Source/main.o
 .debug_macro   0x00000000       0x26 ./08_Source/main.o
 .debug_macro   0x00000000      0x306 ./08_Source/main.o
 .debug_macro   0x00000000       0x10 ./08_Source/main.o
 .debug_macro   0x00000000     0x839f ./08_Source/main.o
 .debug_macro   0x00000000       0x34 ./08_Source/main.o
 .debug_macro   0x00000000       0x2e ./08_Source/main.o
 .debug_macro   0x00000000       0x9a ./08_Source/main.o
 .debug_macro   0x00000000       0x52 ./08_Source/main.o
 .debug_macro   0x00000000       0x28 ./08_Source/main.o
 .debug_macro   0x00000000       0x94 ./08_Source/main.o
 .group         0x00000000        0x8 ./07_Soft_Component/printf/printf.o
 .group         0x00000000        0x8 ./07_Soft_Component/printf/printf.o
 .group         0x00000000        0x8 ./07_Soft_Component/printf/printf.o
 .group         0x00000000        0x8 ./07_Soft_Component/printf/printf.o
 .group         0x00000000        0x8 ./07_Soft_Component/printf/printf.o
 .group         0x00000000        0x8 ./07_Soft_Component/printf/printf.o
 .group         0x00000000        0x8 ./07_Soft_Component/printf/printf.o
 .group         0x00000000        0x8 ./07_Soft_Component/printf/printf.o
 .group         0x00000000        0x8 ./07_Soft_Component/printf/printf.o
 .group         0x00000000        0x8 ./07_Soft_Component/printf/printf.o
 .group         0x00000000        0x8 ./07_Soft_Component/printf/printf.o
 .group         0x00000000        0x8 ./07_Soft_Component/printf/printf.o
 .group         0x00000000        0x8 ./07_Soft_Component/printf/printf.o
 .group         0x00000000        0x8 ./07_Soft_Component/printf/printf.o
 .group         0x00000000        0x8 ./07_Soft_Component/printf/printf.o
 .group         0x00000000        0x8 ./07_Soft_Component/printf/printf.o
 .group         0x00000000        0x8 ./07_Soft_Component/printf/printf.o
 .group         0x00000000        0x8 ./07_Soft_Component/printf/printf.o
 .group         0x00000000        0x8 ./07_Soft_Component/printf/printf.o
 .group         0x00000000        0x8 ./07_Soft_Component/printf/printf.o
 .group         0x00000000        0x8 ./07_Soft_Component/printf/printf.o
 .group         0x00000000        0x8 ./07_Soft_Component/printf/printf.o
 .group         0x00000000        0x8 ./07_Soft_Component/printf/printf.o
 .group         0x00000000        0x8 ./07_Soft_Component/printf/printf.o
 .group         0x00000000        0x8 ./07_Soft_Component/printf/printf.o
 .group         0x00000000        0x8 ./07_Soft_Component/printf/printf.o
 .text          0x00000000        0x0 ./07_Soft_Component/printf/printf.o
 .data          0x00000000        0x0 ./07_Soft_Component/printf/printf.o
 .bss           0x00000000        0x0 ./07_Soft_Component/printf/printf.o
 .debug_macro   0x00000000      0x7f6 ./07_Soft_Component/printf/printf.o
 .debug_macro   0x00000000       0x16 ./07_Soft_Component/printf/printf.o
 .debug_macro   0x00000000       0x16 ./07_Soft_Component/printf/printf.o
 .debug_macro   0x00000000       0x44 ./07_Soft_Component/printf/printf.o
 .debug_macro   0x00000000      0x209 ./07_Soft_Component/printf/printf.o
 .debug_macro   0x00000000       0x3a ./07_Soft_Component/printf/printf.o
 .debug_macro   0x00000000       0x3a ./07_Soft_Component/printf/printf.o
 .debug_macro   0x00000000       0x26 ./07_Soft_Component/printf/printf.o
 .debug_macro   0x00000000      0x306 ./07_Soft_Component/printf/printf.o
 .debug_macro   0x00000000       0x10 ./07_Soft_Component/printf/printf.o
 .debug_macro   0x00000000     0x839f ./07_Soft_Component/printf/printf.o
 .debug_macro   0x00000000       0x34 ./07_Soft_Component/printf/printf.o
 .debug_macro   0x00000000       0x9a ./07_Soft_Component/printf/printf.o
 .group         0x00000000        0x8 ./06_App_Component/light/light.o
 .group         0x00000000        0x8 ./06_App_Component/light/light.o
 .group         0x00000000        0x8 ./06_App_Component/light/light.o
 .group         0x00000000        0x8 ./06_App_Component/light/light.o
 .group         0x00000000        0x8 ./06_App_Component/light/light.o
 .group         0x00000000        0x8 ./06_App_Component/light/light.o
 .group         0x00000000        0x8 ./06_App_Component/light/light.o
 .group         0x00000000        0x8 ./06_App_Component/light/light.o
 .group         0x00000000        0x8 ./06_App_Component/light/light.o
 .group         0x00000000        0x8 ./06_App_Component/light/light.o
 .group         0x00000000        0x8 ./06_App_Component/light/light.o
 .group         0x00000000        0x8 ./06_App_Component/light/light.o
 .group         0x00000000        0x8 ./06_App_Component/light/light.o
 .group         0x00000000        0x8 ./06_App_Component/light/light.o
 .text          0x00000000        0x0 ./06_App_Component/light/light.o
 .data          0x00000000        0x0 ./06_App_Component/light/light.o
 .bss           0x00000000        0x0 ./06_App_Component/light/light.o
 .text.light_control
                0x00000000       0x28 ./06_App_Component/light/light.o
 .debug_macro   0x00000000      0x7f6 ./06_App_Component/light/light.o
 .debug_macro   0x00000000       0x16 ./06_App_Component/light/light.o
 .debug_macro   0x00000000       0x16 ./06_App_Component/light/light.o
 .debug_macro   0x00000000       0x44 ./06_App_Component/light/light.o
 .debug_macro   0x00000000      0x209 ./06_App_Component/light/light.o
 .debug_macro   0x00000000       0x3a ./06_App_Component/light/light.o
 .debug_macro   0x00000000       0x3a ./06_App_Component/light/light.o
 .debug_macro   0x00000000       0x26 ./06_App_Component/light/light.o
 .debug_macro   0x00000000      0x306 ./06_App_Component/light/light.o
 .debug_macro   0x00000000       0x10 ./06_App_Component/light/light.o
 .debug_macro   0x00000000     0x839f ./06_App_Component/light/light.o
 .debug_macro   0x00000000       0x34 ./06_App_Component/light/light.o
 .debug_macro   0x00000000       0x52 ./06_App_Component/light/light.o
 .group         0x00000000        0x8 ./05_Driver/uart/uart.o
 .group         0x00000000        0x8 ./05_Driver/uart/uart.o
 .group         0x00000000        0x8 ./05_Driver/uart/uart.o
 .group         0x00000000        0x8 ./05_Driver/uart/uart.o
 .group         0x00000000        0x8 ./05_Driver/uart/uart.o
 .group         0x00000000        0x8 ./05_Driver/uart/uart.o
 .group         0x00000000        0x8 ./05_Driver/uart/uart.o
 .group         0x00000000        0x8 ./05_Driver/uart/uart.o
 .group         0x00000000        0x8 ./05_Driver/uart/uart.o
 .group         0x00000000        0x8 ./05_Driver/uart/uart.o
 .group         0x00000000        0x8 ./05_Driver/uart/uart.o
 .group         0x00000000        0x8 ./05_Driver/uart/uart.o
 .group         0x00000000        0x8 ./05_Driver/uart/uart.o
 .text          0x00000000        0x0 ./05_Driver/uart/uart.o
 .data          0x00000000        0x0 ./05_Driver/uart/uart.o
 .bss           0x00000000        0x0 ./05_Driver/uart/uart.o
 .text.NVIC_DisableIRQ
                0x00000000       0x2c ./05_Driver/uart/uart.o
 .text.uart_sendN
                0x00000000       0x8c ./05_Driver/uart/uart.o
 .text.uart_send_string
                0x00000000       0x84 ./05_Driver/uart/uart.o
 .text.uart_reN
                0x00000000       0x9c ./05_Driver/uart/uart.o
 .text.uart_disable_re_int
                0x00000000       0x7c ./05_Driver/uart/uart.o
 .debug_macro   0x00000000      0x7f6 ./05_Driver/uart/uart.o
 .debug_macro   0x00000000       0x16 ./05_Driver/uart/uart.o
 .debug_macro   0x00000000       0x16 ./05_Driver/uart/uart.o
 .debug_macro   0x00000000       0x44 ./05_Driver/uart/uart.o
 .debug_macro   0x00000000      0x209 ./05_Driver/uart/uart.o
 .debug_macro   0x00000000       0x3a ./05_Driver/uart/uart.o
 .debug_macro   0x00000000       0x3a ./05_Driver/uart/uart.o
 .debug_macro   0x00000000       0x26 ./05_Driver/uart/uart.o
 .debug_macro   0x00000000      0x306 ./05_Driver/uart/uart.o
 .debug_macro   0x00000000       0x10 ./05_Driver/uart/uart.o
 .debug_macro   0x00000000     0x839f ./05_Driver/uart/uart.o
 .debug_macro   0x00000000       0x34 ./05_Driver/uart/uart.o
 .debug_macro   0x00000000       0x28 ./05_Driver/uart/uart.o
 .group         0x00000000        0x8 ./05_Driver/tpm/tpm.o
 .group         0x00000000        0x8 ./05_Driver/tpm/tpm.o
 .group         0x00000000        0x8 ./05_Driver/tpm/tpm.o
 .group         0x00000000        0x8 ./05_Driver/tpm/tpm.o
 .group         0x00000000        0x8 ./05_Driver/tpm/tpm.o
 .group         0x00000000        0x8 ./05_Driver/tpm/tpm.o
 .group         0x00000000        0x8 ./05_Driver/tpm/tpm.o
 .group         0x00000000        0x8 ./05_Driver/tpm/tpm.o
 .group         0x00000000        0x8 ./05_Driver/tpm/tpm.o
 .group         0x00000000        0x8 ./05_Driver/tpm/tpm.o
 .group         0x00000000        0x8 ./05_Driver/tpm/tpm.o
 .group         0x00000000        0x8 ./05_Driver/tpm/tpm.o
 .group         0x00000000        0x8 ./05_Driver/tpm/tpm.o
 .group         0x00000000        0x8 ./05_Driver/tpm/tpm.o
 .text          0x00000000        0x0 ./05_Driver/tpm/tpm.o
 .data          0x00000000        0x0 ./05_Driver/tpm/tpm.o
 .bss           0x00000000        0x0 ./05_Driver/tpm/tpm.o
 .text.NVIC_DisableIRQ
                0x00000000       0x2c ./05_Driver/tpm/tpm.o
 .text.tpm_get_capvalue
                0x00000000       0x58 ./05_Driver/tpm/tpm.o
 .text.tpm_disable_int
                0x00000000       0x34 ./05_Driver/tpm/tpm.o
 .text.tpm_chl_get_int
                0x00000000       0x40 ./05_Driver/tpm/tpm.o
 .text.tpm_clear_chl_int
                0x00000000       0x4c ./05_Driver/tpm/tpm.o
 .debug_macro   0x00000000      0x7f6 ./05_Driver/tpm/tpm.o
 .debug_macro   0x00000000       0x16 ./05_Driver/tpm/tpm.o
 .debug_macro   0x00000000       0x16 ./05_Driver/tpm/tpm.o
 .debug_macro   0x00000000       0x44 ./05_Driver/tpm/tpm.o
 .debug_macro   0x00000000      0x209 ./05_Driver/tpm/tpm.o
 .debug_macro   0x00000000       0x3a ./05_Driver/tpm/tpm.o
 .debug_macro   0x00000000       0x3a ./05_Driver/tpm/tpm.o
 .debug_macro   0x00000000       0x26 ./05_Driver/tpm/tpm.o
 .debug_macro   0x00000000      0x306 ./05_Driver/tpm/tpm.o
 .debug_macro   0x00000000       0x10 ./05_Driver/tpm/tpm.o
 .debug_macro   0x00000000     0x839f ./05_Driver/tpm/tpm.o
 .debug_macro   0x00000000       0x34 ./05_Driver/tpm/tpm.o
 .debug_macro   0x00000000       0x52 ./05_Driver/tpm/tpm.o
 .group         0x00000000        0x8 ./05_Driver/gpio/gpio.o
 .group         0x00000000        0x8 ./05_Driver/gpio/gpio.o
 .group         0x00000000        0x8 ./05_Driver/gpio/gpio.o
 .group         0x00000000        0x8 ./05_Driver/gpio/gpio.o
 .group         0x00000000        0x8 ./05_Driver/gpio/gpio.o
 .group         0x00000000        0x8 ./05_Driver/gpio/gpio.o
 .group         0x00000000        0x8 ./05_Driver/gpio/gpio.o
 .group         0x00000000        0x8 ./05_Driver/gpio/gpio.o
 .group         0x00000000        0x8 ./05_Driver/gpio/gpio.o
 .group         0x00000000        0x8 ./05_Driver/gpio/gpio.o
 .group         0x00000000        0x8 ./05_Driver/gpio/gpio.o
 .group         0x00000000        0x8 ./05_Driver/gpio/gpio.o
 .group         0x00000000        0x8 ./05_Driver/gpio/gpio.o
 .text          0x00000000        0x0 ./05_Driver/gpio/gpio.o
 .data          0x00000000        0x0 ./05_Driver/gpio/gpio.o
 .bss           0x00000000        0x0 ./05_Driver/gpio/gpio.o
 .text.NVIC_EnableIRQ
                0x00000000       0x2c ./05_Driver/gpio/gpio.o
 .text.NVIC_DisableIRQ
                0x00000000       0x2c ./05_Driver/gpio/gpio.o
 .text.gpio_get
                0x00000000       0x54 ./05_Driver/gpio/gpio.o
 .text.gpio_pull
                0x00000000      0x11c ./05_Driver/gpio/gpio.o
 .text.gpio_enable_int
                0x00000000       0xb0 ./05_Driver/gpio/gpio.o
 .text.gpio_disable_int
                0x00000000       0x80 ./05_Driver/gpio/gpio.o
 .text.gpio_get_int
                0x00000000       0x58 ./05_Driver/gpio/gpio.o
 .text.gpio_clear_int
                0x00000000       0x60 ./05_Driver/gpio/gpio.o
 .text.gpio_clear_allint
                0x00000000       0x3c ./05_Driver/gpio/gpio.o
 .text.gpio_drive_strength
                0x00000000       0xb4 ./05_Driver/gpio/gpio.o
 .debug_macro   0x00000000      0x7f6 ./05_Driver/gpio/gpio.o
 .debug_macro   0x00000000       0x16 ./05_Driver/gpio/gpio.o
 .debug_macro   0x00000000       0x16 ./05_Driver/gpio/gpio.o
 .debug_macro   0x00000000       0x44 ./05_Driver/gpio/gpio.o
 .debug_macro   0x00000000      0x209 ./05_Driver/gpio/gpio.o
 .debug_macro   0x00000000       0x3a ./05_Driver/gpio/gpio.o
 .debug_macro   0x00000000       0x3a ./05_Driver/gpio/gpio.o
 .debug_macro   0x00000000       0x26 ./05_Driver/gpio/gpio.o
 .debug_macro   0x00000000      0x306 ./05_Driver/gpio/gpio.o
 .debug_macro   0x00000000       0x10 ./05_Driver/gpio/gpio.o
 .debug_macro   0x00000000     0x839f ./05_Driver/gpio/gpio.o
 .debug_macro   0x00000000       0x34 ./05_Driver/gpio/gpio.o
 .data          0x00000000        0x0 ./03_MCU/startup_MKL25Z4.o
 .bss           0x00000000        0x0 ./03_MCU/startup_MKL25Z4.o
 .group         0x00000000        0x8 ./03_MCU/system_MKL25Z4.o
 .group         0x00000000        0x8 ./03_MCU/system_MKL25Z4.o
 .group         0x00000000        0x8 ./03_MCU/system_MKL25Z4.o
 .group         0x00000000        0x8 ./03_MCU/system_MKL25Z4.o
 .group         0x00000000        0x8 ./03_MCU/system_MKL25Z4.o
 .group         0x00000000        0x8 ./03_MCU/system_MKL25Z4.o
 .group         0x00000000        0x8 ./03_MCU/system_MKL25Z4.o
 .group         0x00000000        0x8 ./03_MCU/system_MKL25Z4.o
 .group         0x00000000        0x8 ./03_MCU/system_MKL25Z4.o
 .group         0x00000000        0x8 ./03_MCU/system_MKL25Z4.o
 .text          0x00000000        0x0 ./03_MCU/system_MKL25Z4.o
 .data          0x00000000        0x0 ./03_MCU/system_MKL25Z4.o
 .bss           0x00000000        0x0 ./03_MCU/system_MKL25Z4.o
 .debug_macro   0x00000000      0x7f6 ./03_MCU/system_MKL25Z4.o
 .debug_macro   0x00000000       0x16 ./03_MCU/system_MKL25Z4.o
 .debug_macro   0x00000000       0x44 ./03_MCU/system_MKL25Z4.o
 .debug_macro   0x00000000      0x209 ./03_MCU/system_MKL25Z4.o
 .debug_macro   0x00000000       0x3a ./03_MCU/system_MKL25Z4.o
 .debug_macro   0x00000000       0x26 ./03_MCU/system_MKL25Z4.o
 .debug_macro   0x00000000      0x306 ./03_MCU/system_MKL25Z4.o
 .debug_macro   0x00000000       0x10 ./03_MCU/system_MKL25Z4.o
 .debug_macro   0x00000000     0x839f ./03_MCU/system_MKL25Z4.o
 .data          0x00000000        0x0 e:/freescale/kds_3.0.0/toolchain/bin/../lib/gcc/arm-none-eabi/4.8.4/armv6-m\libgcc.a(_udivsi3.o)
 .bss           0x00000000        0x0 e:/freescale/kds_3.0.0/toolchain/bin/../lib/gcc/arm-none-eabi/4.8.4/armv6-m\libgcc.a(_udivsi3.o)
 .data          0x00000000        0x0 e:/freescale/kds_3.0.0/toolchain/bin/../lib/gcc/arm-none-eabi/4.8.4/armv6-m\libgcc.a(_divsi3.o)
 .bss           0x00000000        0x0 e:/freescale/kds_3.0.0/toolchain/bin/../lib/gcc/arm-none-eabi/4.8.4/armv6-m\libgcc.a(_divsi3.o)
 .data          0x00000000        0x0 e:/freescale/kds_3.0.0/toolchain/bin/../lib/gcc/arm-none-eabi/4.8.4/armv6-m\libgcc.a(_dvmd_tls.o)
 .bss           0x00000000        0x0 e:/freescale/kds_3.0.0/toolchain/bin/../lib/gcc/arm-none-eabi/4.8.4/armv6-m\libgcc.a(_dvmd_tls.o)
 .data          0x00000000        0x0 e:/freescale/kds_3.0.0/toolchain/bin/../lib/gcc/arm-none-eabi/4.8.4/armv6-m\libgcc.a(_arm_cmpdf2.o)
 .bss           0x00000000        0x0 e:/freescale/kds_3.0.0/toolchain/bin/../lib/gcc/arm-none-eabi/4.8.4/armv6-m\libgcc.a(_arm_cmpdf2.o)
 .data          0x00000000        0x0 e:/freescale/kds_3.0.0/toolchain/bin/../lib/gcc/arm-none-eabi/4.8.4/armv6-m\libgcc.a(_arm_cmpsf2.o)
 .bss           0x00000000        0x0 e:/freescale/kds_3.0.0/toolchain/bin/../lib/gcc/arm-none-eabi/4.8.4/armv6-m\libgcc.a(_arm_cmpsf2.o)
 .data          0x00000000        0x0 e:/freescale/kds_3.0.0/toolchain/bin/../lib/gcc/arm-none-eabi/4.8.4/armv6-m\libgcc.a(_aeabi_uldivmod.o)
 .bss           0x00000000        0x0 e:/freescale/kds_3.0.0/toolchain/bin/../lib/gcc/arm-none-eabi/4.8.4/armv6-m\libgcc.a(_aeabi_uldivmod.o)
 .data          0x00000000        0x0 e:/freescale/kds_3.0.0/toolchain/bin/../lib/gcc/arm-none-eabi/4.8.4/armv6-m\libgcc.a(_fixunssfsi.o)
 .bss           0x00000000        0x0 e:/freescale/kds_3.0.0/toolchain/bin/../lib/gcc/arm-none-eabi/4.8.4/armv6-m\libgcc.a(_fixunssfsi.o)
 .data          0x00000000        0x0 e:/freescale/kds_3.0.0/toolchain/bin/../lib/gcc/arm-none-eabi/4.8.4/armv6-m\libgcc.a(_fixunsdfsi.o)
 .bss           0x00000000        0x0 e:/freescale/kds_3.0.0/toolchain/bin/../lib/gcc/arm-none-eabi/4.8.4/armv6-m\libgcc.a(_fixunsdfsi.o)
 .data          0x00000000        0x0 e:/freescale/kds_3.0.0/toolchain/bin/../lib/gcc/arm-none-eabi/4.8.4/armv6-m\libgcc.a(_fixunsdfdi.o)
 .bss           0x00000000        0x0 e:/freescale/kds_3.0.0/toolchain/bin/../lib/gcc/arm-none-eabi/4.8.4/armv6-m\libgcc.a(_fixunsdfdi.o)
 .data          0x00000000        0x0 e:/freescale/kds_3.0.0/toolchain/bin/../lib/gcc/arm-none-eabi/4.8.4/armv6-m\libgcc.a(bpabi.o)
 .bss           0x00000000        0x0 e:/freescale/kds_3.0.0/toolchain/bin/../lib/gcc/arm-none-eabi/4.8.4/armv6-m\libgcc.a(bpabi.o)
 .data          0x00000000        0x0 e:/freescale/kds_3.0.0/toolchain/bin/../lib/gcc/arm-none-eabi/4.8.4/armv6-m\libgcc.a(addsf3.o)
 .bss           0x00000000        0x0 e:/freescale/kds_3.0.0/toolchain/bin/../lib/gcc/arm-none-eabi/4.8.4/armv6-m\libgcc.a(addsf3.o)
 .data          0x00000000        0x0 e:/freescale/kds_3.0.0/toolchain/bin/../lib/gcc/arm-none-eabi/4.8.4/armv6-m\libgcc.a(divsf3.o)
 .bss           0x00000000        0x0 e:/freescale/kds_3.0.0/toolchain/bin/../lib/gcc/arm-none-eabi/4.8.4/armv6-m\libgcc.a(divsf3.o)
 .data          0x00000000        0x0 e:/freescale/kds_3.0.0/toolchain/bin/../lib/gcc/arm-none-eabi/4.8.4/armv6-m\libgcc.a(eqsf2.o)
 .bss           0x00000000        0x0 e:/freescale/kds_3.0.0/toolchain/bin/../lib/gcc/arm-none-eabi/4.8.4/armv6-m\libgcc.a(eqsf2.o)
 .data          0x00000000        0x0 e:/freescale/kds_3.0.0/toolchain/bin/../lib/gcc/arm-none-eabi/4.8.4/armv6-m\libgcc.a(gesf2.o)
 .bss           0x00000000        0x0 e:/freescale/kds_3.0.0/toolchain/bin/../lib/gcc/arm-none-eabi/4.8.4/armv6-m\libgcc.a(gesf2.o)
 .data          0x00000000        0x0 e:/freescale/kds_3.0.0/toolchain/bin/../lib/gcc/arm-none-eabi/4.8.4/armv6-m\libgcc.a(lesf2.o)
 .bss           0x00000000        0x0 e:/freescale/kds_3.0.0/toolchain/bin/../lib/gcc/arm-none-eabi/4.8.4/armv6-m\libgcc.a(lesf2.o)
 .data          0x00000000        0x0 e:/freescale/kds_3.0.0/toolchain/bin/../lib/gcc/arm-none-eabi/4.8.4/armv6-m\libgcc.a(mulsf3.o)
 .bss           0x00000000        0x0 e:/freescale/kds_3.0.0/toolchain/bin/../lib/gcc/arm-none-eabi/4.8.4/armv6-m\libgcc.a(mulsf3.o)
 .data          0x00000000        0x0 e:/freescale/kds_3.0.0/toolchain/bin/../lib/gcc/arm-none-eabi/4.8.4/armv6-m\libgcc.a(subsf3.o)
 .bss           0x00000000        0x0 e:/freescale/kds_3.0.0/toolchain/bin/../lib/gcc/arm-none-eabi/4.8.4/armv6-m\libgcc.a(subsf3.o)
 .data          0x00000000        0x0 e:/freescale/kds_3.0.0/toolchain/bin/../lib/gcc/arm-none-eabi/4.8.4/armv6-m\libgcc.a(fixsfsi.o)
 .bss           0x00000000        0x0 e:/freescale/kds_3.0.0/toolchain/bin/../lib/gcc/arm-none-eabi/4.8.4/armv6-m\libgcc.a(fixsfsi.o)
 .data          0x00000000        0x0 e:/freescale/kds_3.0.0/toolchain/bin/../lib/gcc/arm-none-eabi/4.8.4/armv6-m\libgcc.a(floatunsisf.o)
 .bss           0x00000000        0x0 e:/freescale/kds_3.0.0/toolchain/bin/../lib/gcc/arm-none-eabi/4.8.4/armv6-m\libgcc.a(floatunsisf.o)
 .data          0x00000000        0x0 e:/freescale/kds_3.0.0/toolchain/bin/../lib/gcc/arm-none-eabi/4.8.4/armv6-m\libgcc.a(eqdf2.o)
 .bss           0x00000000        0x0 e:/freescale/kds_3.0.0/toolchain/bin/../lib/gcc/arm-none-eabi/4.8.4/armv6-m\libgcc.a(eqdf2.o)
 .data          0x00000000        0x0 e:/freescale/kds_3.0.0/toolchain/bin/../lib/gcc/arm-none-eabi/4.8.4/armv6-m\libgcc.a(gedf2.o)
 .bss           0x00000000        0x0 e:/freescale/kds_3.0.0/toolchain/bin/../lib/gcc/arm-none-eabi/4.8.4/armv6-m\libgcc.a(gedf2.o)
 .data          0x00000000        0x0 e:/freescale/kds_3.0.0/toolchain/bin/../lib/gcc/arm-none-eabi/4.8.4/armv6-m\libgcc.a(ledf2.o)
 .bss           0x00000000        0x0 e:/freescale/kds_3.0.0/toolchain/bin/../lib/gcc/arm-none-eabi/4.8.4/armv6-m\libgcc.a(ledf2.o)
 .data          0x00000000        0x0 e:/freescale/kds_3.0.0/toolchain/bin/../lib/gcc/arm-none-eabi/4.8.4/armv6-m\libgcc.a(muldf3.o)
 .bss           0x00000000        0x0 e:/freescale/kds_3.0.0/toolchain/bin/../lib/gcc/arm-none-eabi/4.8.4/armv6-m\libgcc.a(muldf3.o)
 .data          0x00000000        0x0 e:/freescale/kds_3.0.0/toolchain/bin/../lib/gcc/arm-none-eabi/4.8.4/armv6-m\libgcc.a(subdf3.o)
 .bss           0x00000000        0x0 e:/freescale/kds_3.0.0/toolchain/bin/../lib/gcc/arm-none-eabi/4.8.4/armv6-m\libgcc.a(subdf3.o)
 .data          0x00000000        0x0 e:/freescale/kds_3.0.0/toolchain/bin/../lib/gcc/arm-none-eabi/4.8.4/armv6-m\libgcc.a(fixdfsi.o)
 .bss           0x00000000        0x0 e:/freescale/kds_3.0.0/toolchain/bin/../lib/gcc/arm-none-eabi/4.8.4/armv6-m\libgcc.a(fixdfsi.o)
 .data          0x00000000        0x0 e:/freescale/kds_3.0.0/toolchain/bin/../lib/gcc/arm-none-eabi/4.8.4/armv6-m\libgcc.a(floatunsidf.o)
 .bss           0x00000000        0x0 e:/freescale/kds_3.0.0/toolchain/bin/../lib/gcc/arm-none-eabi/4.8.4/armv6-m\libgcc.a(floatunsidf.o)
 .data          0x00000000        0x0 e:/freescale/kds_3.0.0/toolchain/bin/../lib/gcc/arm-none-eabi/4.8.4/armv6-m\libgcc.a(_clzsi2.o)
 .bss           0x00000000        0x0 e:/freescale/kds_3.0.0/toolchain/bin/../lib/gcc/arm-none-eabi/4.8.4/armv6-m\libgcc.a(_clzsi2.o)
 .data          0x00000000        0x0 e:/freescale/kds_3.0.0/toolchain/bin/../lib/gcc/arm-none-eabi/4.8.4/armv6-m\libgcc.a(_muldi3.o)
 .bss           0x00000000        0x0 e:/freescale/kds_3.0.0/toolchain/bin/../lib/gcc/arm-none-eabi/4.8.4/armv6-m\libgcc.a(_muldi3.o)
 .data          0x00000000        0x0 e:/freescale/kds_3.0.0/toolchain/bin/../lib/gcc/arm-none-eabi/4.8.4/armv6-m\libgcc.a(_divdi3.o)
 .bss           0x00000000        0x0 e:/freescale/kds_3.0.0/toolchain/bin/../lib/gcc/arm-none-eabi/4.8.4/armv6-m\libgcc.a(_divdi3.o)
 .ARM.extab     0x00000000        0x0 e:/freescale/kds_3.0.0/toolchain/bin/../lib/gcc/arm-none-eabi/4.8.4/armv6-m\libgcc.a(_divdi3.o)
 .data          0x00000000        0x0 e:/freescale/kds_3.0.0/toolchain/bin/../lib/gcc/arm-none-eabi/4.8.4/armv6-m\libgcc.a(_udivdi3.o)
 .bss           0x00000000        0x0 e:/freescale/kds_3.0.0/toolchain/bin/../lib/gcc/arm-none-eabi/4.8.4/armv6-m\libgcc.a(_udivdi3.o)
 .ARM.extab     0x00000000        0x0 e:/freescale/kds_3.0.0/toolchain/bin/../lib/gcc/arm-none-eabi/4.8.4/armv6-m\libgcc.a(_udivdi3.o)
 .text          0x00000000        0x0 e:/freescale/kds_3.0.0/toolchain/bin/../lib/gcc/arm-none-eabi/4.8.4/../../../../arm-none-eabi/lib/armv6-m\libg.a(lib_a-memset.o)
 .data          0x00000000        0x0 e:/freescale/kds_3.0.0/toolchain/bin/../lib/gcc/arm-none-eabi/4.8.4/../../../../arm-none-eabi/lib/armv6-m\libg.a(lib_a-memset.o)
 .bss           0x00000000        0x0 e:/freescale/kds_3.0.0/toolchain/bin/../lib/gcc/arm-none-eabi/4.8.4/../../../../arm-none-eabi/lib/armv6-m\libg.a(lib_a-memset.o)
 .text          0x00000000        0x0 e:/freescale/kds_3.0.0/toolchain/bin/../lib/gcc/arm-none-eabi/4.8.4/../../../../arm-none-eabi/lib/armv6-m\libg.a(lib_a-strlen.o)
 .data          0x00000000        0x0 e:/freescale/kds_3.0.0/toolchain/bin/../lib/gcc/arm-none-eabi/4.8.4/../../../../arm-none-eabi/lib/armv6-m\libg.a(lib_a-strlen.o)
 .bss           0x00000000        0x0 e:/freescale/kds_3.0.0/toolchain/bin/../lib/gcc/arm-none-eabi/4.8.4/../../../../arm-none-eabi/lib/armv6-m\libg.a(lib_a-strlen.o)

Memory Configuration

Name             Origin             Length             Attributes
m_interrupts     0x00000000         0x00000100         xr
m_flash_config   0x00000400         0x00000010         xr
m_text           0x00000800         0x0001fbf0         xr
m_data           0x1ffff000         0x00004000         rw
*default*        0x00000000         0xffffffff

Linker script and memory map

LOAD ./08_Source/isr.o
LOAD ./08_Source/main.o
LOAD ./07_Soft_Component/printf/printf.o
LOAD ./06_App_Component/light/light.o
LOAD ./05_Driver/uart/uart.o
LOAD ./05_Driver/tpm/tpm.o
LOAD ./05_Driver/gpio/gpio.o
LOAD ./03_MCU/startup_MKL25Z4.o
LOAD ./03_MCU/system_MKL25Z4.o
LOAD e:/freescale/kds_3.0.0/toolchain/bin/../lib/gcc/arm-none-eabi/4.8.4/armv6-m\libgcc.a
LOAD e:/freescale/kds_3.0.0/toolchain/bin/../lib/gcc/arm-none-eabi/4.8.4/../../../../arm-none-eabi/lib/armv6-m\libstdc++.a
LOAD e:/freescale/kds_3.0.0/toolchain/bin/../lib/gcc/arm-none-eabi/4.8.4/../../../../arm-none-eabi/lib/armv6-m\libm.a
START GROUP
LOAD e:/freescale/kds_3.0.0/toolchain/bin/../lib/gcc/arm-none-eabi/4.8.4/armv6-m\libgcc.a
LOAD e:/freescale/kds_3.0.0/toolchain/bin/../lib/gcc/arm-none-eabi/4.8.4/../../../../arm-none-eabi/lib/armv6-m\libg.a
LOAD e:/freescale/kds_3.0.0/toolchain/bin/../lib/gcc/arm-none-eabi/4.8.4/../../../../arm-none-eabi/lib/armv6-m\libc.a
END GROUP
                0x00000400                HEAP_SIZE = DEFINED (__heap_size__)?__heap_size__:0x400
                0x00000400                STACK_SIZE = DEFINED (__stack_size__)?__stack_size__:0x400

.interrupts     0x00000000       0xc0
                0x00000000                __VECTOR_TABLE = .
                0x00000000                . = ALIGN (0x4)
 *(.isr_vector)
 .isr_vector    0x00000000       0xc0 ./03_MCU/startup_MKL25Z4.o
                0x00000000                __isr_vector
                0x000000c0                . = ALIGN (0x4)

.flash_config   0x00000400       0x10
                0x00000400                . = ALIGN (0x4)
 *(.FlashConfig)
 .FlashConfig   0x00000400       0x10 ./03_MCU/startup_MKL25Z4.o
                0x00000410                . = ALIGN (0x4)

.text           0x00000800     0x511c
                0x00000800                . = ALIGN (0x4)
 *(.text)
 .text          0x00000800       0x4c ./03_MCU/startup_MKL25Z4.o
                0x00000800                Reset_Handler
                0x00000844                HardFault_Handler
                0x00000844                SysTick_Handler
                0x00000844                PendSV_Handler
                0x00000844                NMI_Handler
                0x00000844                I2C1_IRQHandler
                0x00000844                DMA2_IRQHandler
                0x00000844                LLWU_IRQHandler
                0x00000844                TSI0_IRQHandler
                0x00000844                ADC0_IRQHandler
                0x00000844                Reserved39_IRQHandler
                0x00000844                SPI1_IRQHandler
                0x00000844                DefaultISR
                0x00000844                PORTD_IRQHandler
                0x00000844                RTC_IRQHandler
                0x00000844                I2C0_IRQHandler
                0x00000844                RTC_Seconds_IRQHandler
                0x00000844                MCG_IRQHandler
                0x00000844                Reserved20_IRQHandler
                0x00000844                USB0_IRQHandler
                0x00000844                PIT_IRQHandler
                0x00000844                SVC_Handler
                0x00000844                DMA3_IRQHandler
                0x00000844                DMA0_IRQHandler
                0x00000844                DAC0_IRQHandler
                0x00000844                Reserved45_IRQHandler
                0x00000844                LVD_LVW_IRQHandler
                0x00000844                SPI0_IRQHandler
                0x00000844                PORTA_IRQHandler
                0x00000844                FTFA_IRQHandler
                0x00000844                LPTMR0_IRQHandler
                0x00000844                CMP0_IRQHandler
                0x00000844                DMA1_IRQHandler
 .text          0x0000084c       0x9c e:/freescale/kds_3.0.0/toolchain/bin/../lib/gcc/arm-none-eabi/4.8.4/armv6-m\libgcc.a(_udivsi3.o)
                0x0000084c                __aeabi_uidiv
                0x0000084c                __udivsi3
                0x000008d4                __aeabi_uidivmod
 .text          0x000008e8       0xc0 e:/freescale/kds_3.0.0/toolchain/bin/../lib/gcc/arm-none-eabi/4.8.4/armv6-m\libgcc.a(_divsi3.o)
                0x000008e8                __divsi3
                0x000008e8                __aeabi_idiv
                0x00000994                __aeabi_idivmod
 .text          0x000009a8        0x4 e:/freescale/kds_3.0.0/toolchain/bin/../lib/gcc/arm-none-eabi/4.8.4/armv6-m\libgcc.a(_dvmd_tls.o)
                0x000009a8                __aeabi_idiv0
                0x000009a8                __aeabi_ldiv0
 .text          0x000009ac       0x7c e:/freescale/kds_3.0.0/toolchain/bin/../lib/gcc/arm-none-eabi/4.8.4/armv6-m\libgcc.a(_arm_cmpdf2.o)
                0x000009ac                __aeabi_cdrcmple
                0x000009bc                __aeabi_cdcmple
                0x000009bc                __aeabi_cdcmpeq
                0x000009cc                __aeabi_dcmpeq
                0x000009d8                __aeabi_dcmplt
                0x000009ec                __aeabi_dcmple
                0x00000a00                __aeabi_dcmpgt
                0x00000a14                __aeabi_dcmpge
 .text          0x00000a28       0x74 e:/freescale/kds_3.0.0/toolchain/bin/../lib/gcc/arm-none-eabi/4.8.4/armv6-m\libgcc.a(_arm_cmpsf2.o)
                0x00000a28                __aeabi_cfrcmple
                0x00000a30                __aeabi_cfcmpeq
                0x00000a30                __aeabi_cfcmple
                0x00000a40                __aeabi_fcmpeq
                0x00000a4c                __aeabi_fcmplt
                0x00000a60                __aeabi_fcmple
                0x00000a74                __aeabi_fcmpgt
                0x00000a88                __aeabi_fcmpge
 .text          0x00000a9c       0x40 e:/freescale/kds_3.0.0/toolchain/bin/../lib/gcc/arm-none-eabi/4.8.4/armv6-m\libgcc.a(_aeabi_uldivmod.o)
                0x00000a9c                __aeabi_uldivmod
 .text          0x00000adc       0x30 e:/freescale/kds_3.0.0/toolchain/bin/../lib/gcc/arm-none-eabi/4.8.4/armv6-m\libgcc.a(_fixunssfsi.o)
                0x00000adc                __fixunssfsi
                0x00000adc                __aeabi_f2uiz
 *fill*         0x00000b0c        0x4 
 .text          0x00000b10       0x40 e:/freescale/kds_3.0.0/toolchain/bin/../lib/gcc/arm-none-eabi/4.8.4/armv6-m\libgcc.a(_fixunsdfsi.o)
                0x00000b10                __aeabi_d2uiz
                0x00000b10                __fixunsdfsi
 .text          0x00000b50       0x48 e:/freescale/kds_3.0.0/toolchain/bin/../lib/gcc/arm-none-eabi/4.8.4/armv6-m\libgcc.a(_fixunsdfdi.o)
                0x00000b50                __fixunsdfdi
                0x00000b50                __aeabi_d2ulz
 .text          0x00000b98       0x6c e:/freescale/kds_3.0.0/toolchain/bin/../lib/gcc/arm-none-eabi/4.8.4/armv6-m\libgcc.a(bpabi.o)
                0x00000b98                __gnu_ldivmod_helper
                0x00000bd0                __gnu_uldivmod_helper
 .text          0x00000c04      0x2d8 e:/freescale/kds_3.0.0/toolchain/bin/../lib/gcc/arm-none-eabi/4.8.4/armv6-m\libgcc.a(addsf3.o)
                0x00000c04                __aeabi_fadd
 .text          0x00000edc      0x24c e:/freescale/kds_3.0.0/toolchain/bin/../lib/gcc/arm-none-eabi/4.8.4/armv6-m\libgcc.a(divsf3.o)
                0x00000edc                __aeabi_fdiv
 .text          0x00001128       0x54 e:/freescale/kds_3.0.0/toolchain/bin/../lib/gcc/arm-none-eabi/4.8.4/armv6-m\libgcc.a(eqsf2.o)
                0x00001128                __eqsf2
                0x00001128                __nesf2
 .text          0x0000117c       0x90 e:/freescale/kds_3.0.0/toolchain/bin/../lib/gcc/arm-none-eabi/4.8.4/armv6-m\libgcc.a(gesf2.o)
                0x0000117c                __gesf2
                0x0000117c                __gtsf2
 .text          0x0000120c       0x98 e:/freescale/kds_3.0.0/toolchain/bin/../lib/gcc/arm-none-eabi/4.8.4/armv6-m\libgcc.a(lesf2.o)
                0x0000120c                __ltsf2
                0x0000120c                __lesf2
 .text          0x000012a4      0x254 e:/freescale/kds_3.0.0/toolchain/bin/../lib/gcc/arm-none-eabi/4.8.4/armv6-m\libgcc.a(mulsf3.o)
                0x000012a4                __aeabi_fmul
 .text          0x000014f8      0x2ec e:/freescale/kds_3.0.0/toolchain/bin/../lib/gcc/arm-none-eabi/4.8.4/armv6-m\libgcc.a(subsf3.o)
                0x000014f8                __aeabi_fsub
 .text          0x000017e4       0x40 e:/freescale/kds_3.0.0/toolchain/bin/../lib/gcc/arm-none-eabi/4.8.4/armv6-m\libgcc.a(fixsfsi.o)
                0x000017e4                __aeabi_f2iz
 .text          0x00001824       0xa0 e:/freescale/kds_3.0.0/toolchain/bin/../lib/gcc/arm-none-eabi/4.8.4/armv6-m\libgcc.a(floatunsisf.o)
                0x00001824                __aeabi_ui2f
 .text          0x000018c4       0x94 e:/freescale/kds_3.0.0/toolchain/bin/../lib/gcc/arm-none-eabi/4.8.4/armv6-m\libgcc.a(eqdf2.o)
                0x000018c4                __nedf2
                0x000018c4                __eqdf2
 .text          0x00001958       0xfc e:/freescale/kds_3.0.0/toolchain/bin/../lib/gcc/arm-none-eabi/4.8.4/armv6-m\libgcc.a(gedf2.o)
                0x00001958                __gedf2
                0x00001958                __gtdf2
 .text          0x00001a54       0xfc e:/freescale/kds_3.0.0/toolchain/bin/../lib/gcc/arm-none-eabi/4.8.4/armv6-m\libgcc.a(ledf2.o)
                0x00001a54                __ledf2
                0x00001a54                __ltdf2
 .text          0x00001b50      0x520 e:/freescale/kds_3.0.0/toolchain/bin/../lib/gcc/arm-none-eabi/4.8.4/armv6-m\libgcc.a(muldf3.o)
                0x00001b50                __aeabi_dmul
 .text          0x00002070      0x668 e:/freescale/kds_3.0.0/toolchain/bin/../lib/gcc/arm-none-eabi/4.8.4/armv6-m\libgcc.a(subdf3.o)
                0x00002070                __aeabi_dsub
 .text          0x000026d8       0x68 e:/freescale/kds_3.0.0/toolchain/bin/../lib/gcc/arm-none-eabi/4.8.4/armv6-m\libgcc.a(fixdfsi.o)
                0x000026d8                __aeabi_d2iz
 .text          0x00002740       0x68 e:/freescale/kds_3.0.0/toolchain/bin/../lib/gcc/arm-none-eabi/4.8.4/armv6-m\libgcc.a(floatunsidf.o)
                0x00002740                __aeabi_ui2d
 .text          0x000027a8       0x3c e:/freescale/kds_3.0.0/toolchain/bin/../lib/gcc/arm-none-eabi/4.8.4/armv6-m\libgcc.a(_clzsi2.o)
                0x000027a8                __clzsi2
 .text          0x000027e4       0x44 e:/freescale/kds_3.0.0/toolchain/bin/../lib/gcc/arm-none-eabi/4.8.4/armv6-m\libgcc.a(_muldi3.o)
                0x000027e4                __muldi3
                0x000027e4                __aeabi_lmul
 .text          0x00002828      0x3b8 e:/freescale/kds_3.0.0/toolchain/bin/../lib/gcc/arm-none-eabi/4.8.4/armv6-m\libgcc.a(_divdi3.o)
                0x00002828                __divdi3
 .text          0x00002be0      0x384 e:/freescale/kds_3.0.0/toolchain/bin/../lib/gcc/arm-none-eabi/4.8.4/armv6-m\libgcc.a(_udivdi3.o)
                0x00002be0                __udivdi3
 *(.text*)
 .text.TPM0_IRQHandler
                0x00002f64       0x44 ./08_Source/isr.o
                0x00002f64                TPM0_IRQHandler
 .text.TPM1_IRQHandler
                0x00002fa8       0xa8 ./08_Source/isr.o
                0x00002fa8                TPM1_IRQHandler
 .text.TPM2_IRQHandler
                0x00003050       0x30 ./08_Source/isr.o
                0x00003050                TPM2_IRQHandler
 .text.UART0_IRQHandler
                0x00003080       0x34 ./08_Source/isr.o
                0x00003080                UART0_IRQHandler
 .text.UART1_IRQHandler
                0x000030b4       0xfc ./08_Source/isr.o
                0x000030b4                UART1_IRQHandler
 .text.UART2_IRQHandler
                0x000031b0       0x34 ./08_Source/isr.o
                0x000031b0                UART2_IRQHandler
 .text.SecAdd1  0x000031e4       0x6c ./08_Source/isr.o
                0x000031e4                SecAdd1
 .text.CreateFrame
                0x00003250       0xe8 ./08_Source/isr.o
                0x00003250                CreateFrame
 .text.main     0x00003338      0x11c ./08_Source/main.o
                0x00003338                main
 .text.out_char
                0x00003454       0x20 ./07_Soft_Component/printf/printf.o
                0x00003454                out_char
 .text.printk_putc
                0x00003474       0x50 ./07_Soft_Component/printf/printf.o
 *fill*         0x000034c4        0x4 
 .text.printk_mkfloatstr
                0x000034c8      0x398 ./07_Soft_Component/printf/printf.o
                0x000034c8                printk_mkfloatstr
 .text.printk_mknumstr
                0x00003860      0x100 ./07_Soft_Component/printf/printf.o
 .text.printk_pad_zero
                0x00003960       0x38 ./07_Soft_Component/printf/printf.o
 .text.printk_pad_space
                0x00003998       0x38 ./07_Soft_Component/printf/printf.o
 .text.printk   0x000039d0      0xaa8 ./07_Soft_Component/printf/printf.o
                0x000039d0                printk
 .text.myprintf
                0x00004478       0x48 ./07_Soft_Component/printf/printf.o
                0x00004478                myprintf
 .text.light_init
                0x000044c0       0x2c ./06_App_Component/light/light.o
                0x000044c0                light_init
 .text.light_change
                0x000044ec       0x1c ./06_App_Component/light/light.o
                0x000044ec                light_change
 .text.NVIC_EnableIRQ
                0x00004508       0x2c ./05_Driver/uart/uart.o
 .text.uart_init
                0x00004534      0x29c ./05_Driver/uart/uart.o
                0x00004534                uart_init
 .text.uart_send1
                0x000047d0       0xa8 ./05_Driver/uart/uart.o
                0x000047d0                uart_send1
 .text.uart_re1
                0x00004878       0xc8 ./05_Driver/uart/uart.o
                0x00004878                uart_re1
 .text.uart_enable_re_int
                0x00004940       0x7c ./05_Driver/uart/uart.o
                0x00004940                uart_enable_re_int
 .text.uart_get_re_int
                0x000049bc       0xe8 ./05_Driver/uart/uart.o
                0x000049bc                uart_get_re_int
 .text.uart_is_uartNo
                0x00004aa4       0x24 ./05_Driver/uart/uart.o
                0x00004aa4                uart_is_uartNo
 .text.NVIC_EnableIRQ
                0x00004ac8       0x2c ./05_Driver/tpm/tpm.o
 .text.tpm_timer_init
                0x00004af4       0xf0 ./05_Driver/tpm/tpm.o
                0x00004af4                tpm_timer_init
 .text.pwm_init
                0x00004be4      0x194 ./05_Driver/tpm/tpm.o
                0x00004be4                pwm_init
 .text.pwm_update
                0x00004d78       0x98 ./05_Driver/tpm/tpm.o
                0x00004d78                pwm_update
 .text.incap_init
                0x00004e10      0x160 ./05_Driver/tpm/tpm.o
                0x00004e10                incap_init
 .text.outcompare_init
                0x00004f70      0x16c ./05_Driver/tpm/tpm.o
                0x00004f70                outcompare_init
 .text.tpm_enable_int
                0x000050dc       0x34 ./05_Driver/tpm/tpm.o
                0x000050dc                tpm_enable_int
 .text.tpm_get_int
                0x00005110       0x30 ./05_Driver/tpm/tpm.o
                0x00005110                tpm_get_int
 .text.tpm_clear_int
                0x00005140       0x34 ./05_Driver/tpm/tpm.o
                0x00005140                tpm_clear_int
 .text.tpm_mux_val
                0x00005174      0x150 ./05_Driver/tpm/tpm.o
 .text.gpio_init
                0x000052c4       0xe8 ./05_Driver/gpio/gpio.o
                0x000052c4                gpio_init
 .text.gpio_set
                0x000053ac       0x80 ./05_Driver/gpio/gpio.o
                0x000053ac                gpio_set
 .text.gpio_reverse
                0x0000542c       0x54 ./05_Driver/gpio/gpio.o
                0x0000542c                gpio_reverse
 .text.gpio_get_port_pin
                0x00005480       0x34 ./05_Driver/gpio/gpio.o
                0x00005480                gpio_get_port_pin
 .text.SystemInit
                0x000054b4      0x1a0 ./03_MCU/system_MKL25Z4.o
                0x000054b4                SystemInit
 .text.memset   0x00005654       0x9c e:/freescale/kds_3.0.0/toolchain/bin/../lib/gcc/arm-none-eabi/4.8.4/../../../../arm-none-eabi/lib/armv6-m\libg.a(lib_a-memset.o)
                0x00005654                memset
 .text.strlen   0x000056f0       0x10 e:/freescale/kds_3.0.0/toolchain/bin/../lib/gcc/arm-none-eabi/4.8.4/../../../../arm-none-eabi/lib/armv6-m\libg.a(lib_a-strlen.o)
                0x000056f0                strlen
 *(.rodata)
 .rodata        0x00005700       0x50 ./08_Source/main.o
 .rodata        0x00005750       0x40 e:/freescale/kds_3.0.0/toolchain/bin/../lib/gcc/arm-none-eabi/4.8.4/armv6-m\libgcc.a(divsf3.o)
 .rodata        0x00005790       0x40 e:/freescale/kds_3.0.0/toolchain/bin/../lib/gcc/arm-none-eabi/4.8.4/armv6-m\libgcc.a(mulsf3.o)
 .rodata        0x000057d0       0x40 e:/freescale/kds_3.0.0/toolchain/bin/../lib/gcc/arm-none-eabi/4.8.4/armv6-m\libgcc.a(muldf3.o)
 *(.rodata*)
 .rodata.printk
                0x00005810       0xc8 ./07_Soft_Component/printf/printf.o
 .rodata.UART_ARR
                0x000058d8        0x8 ./05_Driver/uart/uart.o
 .rodata.PORT_ARR
                0x000058e0       0x14 ./05_Driver/tpm/tpm.o
 .rodata.PORT_ARR
                0x000058f4       0x14 ./05_Driver/gpio/gpio.o
                0x000058f4                PORT_ARR
 .rodata.GPIO_ARR
                0x00005908       0x14 ./05_Driver/gpio/gpio.o
                0x00005908                GPIO_ARR
 *(.glue_7)
 .glue_7        0x00000000        0x0 linker stubs
 *(.glue_7t)
 .glue_7t       0x00000000        0x0 linker stubs
 *(.eh_frame)
 *(.init)
 *(.fini)
                0x0000591c                . = ALIGN (0x4)

.vfp11_veneer   0x0000591c        0x0
 .vfp11_veneer  0x00000000        0x0 linker stubs

.v4_bx          0x0000591c        0x0
 .v4_bx         0x00000000        0x0 linker stubs

.iplt           0x0000591c        0x0
 .iplt          0x00000000        0x0 ./08_Source/isr.o

.ARM.extab
 *(.ARM.extab* .gnu.linkonce.armextab.*)

.ARM            0x0000591c        0x8
                0x0000591c                __exidx_start = .
 *(.ARM.exidx*)
 .ARM.exidx     0x0000591c        0x8 e:/freescale/kds_3.0.0/toolchain/bin/../lib/gcc/arm-none-eabi/4.8.4/armv6-m\libgcc.a(_divdi3.o)
 .ARM.exidx     0x00005924        0x0 e:/freescale/kds_3.0.0/toolchain/bin/../lib/gcc/arm-none-eabi/4.8.4/armv6-m\libgcc.a(_udivdi3.o)
                                  0x8 (size before relaxing)
                0x00005924                __exidx_end = .

.rel.dyn        0x00005924        0x0
 .rel.iplt      0x00000000        0x0 ./08_Source/isr.o

.ctors          0x00005924        0x0
                0x00005924                __CTOR_LIST__ = .
 *crtbegin.o(.ctors)
 *crtbegin?.o(.ctors)
 *(EXCLUDE_FILE(*crtend.o *crtend?.o) .ctors)
 *(SORT(.ctors.*))
 *(.ctors)
                0x00005924                __CTOR_END__ = .

.dtors          0x00005924        0x0
                0x00005924                __DTOR_LIST__ = .
 *crtbegin.o(.dtors)
 *crtbegin?.o(.dtors)
 *(EXCLUDE_FILE(*crtend.o *crtend?.o) .dtors)
 *(SORT(.dtors.*))
 *(.dtors)
                0x00005924                __DTOR_END__ = .

.preinit_array  0x00005924        0x0
                0x00005924                PROVIDE (__preinit_array_start, .)
 *(.preinit_array*)
                0x00005924                PROVIDE (__preinit_array_end, .)

.init_array     0x00005924        0x0
                0x00005924                PROVIDE (__init_array_start, .)
 *(SORT(.init_array.*))
 *(.init_array*)
                0x00005924                PROVIDE (__init_array_end, .)

.fini_array     0x00005924        0x0
                0x00005924                PROVIDE (__fini_array_start, .)
 *(SORT(.fini_array.*))
 *(.fini_array*)
                0x00005924                PROVIDE (__fini_array_end, .)
                0x00005924                __etext = .
                0x00005924                __DATA_ROM = .

.mtb            0x1ffff000        0x0
                0x1ffff000                . = ALIGN (0x8)
                0x1ffff000                _mtb_start = .
 *(.mtb_buf)
                0x1ffff000                . = ALIGN (0x8)
                0x1ffff000                _mtb_end = .

.data           0x1ffff000       0x20 load address 0x00005924
                0x1ffff000                . = ALIGN (0x4)
                0x1ffff000                __DATA_RAM = .
                0x1ffff000                __data_start__ = .
 *(.data)
 *(.data*)
 .data.conDuty  0x1ffff000        0x4 ./08_Source/isr.o
 .data.Up_Down.4938
                0x1ffff004        0x1 ./08_Source/isr.o
 *fill*         0x1ffff005        0x3 
 .data.table_irq_uart
                0x1ffff008        0x4 ./05_Driver/uart/uart.o
 .data.TPM_ARR  0x1ffff00c        0xc ./05_Driver/tpm/tpm.o
                0x1ffff00c                TPM_ARR
 .data.TPM_IRQ  0x1ffff018        0x4 ./05_Driver/tpm/tpm.o
                0x1ffff018                TPM_IRQ
 .data.SystemCoreClock
                0x1ffff01c        0x4 ./03_MCU/system_MKL25Z4.o
                0x1ffff01c                SystemCoreClock
 *(.jcr*)
                0x1ffff020                . = ALIGN (0x4)
                0x1ffff020                __data_end__ = .
                0x00005944                __DATA_END = (__DATA_ROM + (__data_end__ - __data_start__))

.igot.plt       0x1ffff020        0x0 load address 0x00005944
 .igot.plt      0x00000000        0x0 ./08_Source/isr.o

.bss            0x1ffff020       0x50 load address 0x00005944
                0x1ffff020                . = ALIGN (0x4)
                0x1ffff020                __START_BSS = .
                0x1ffff020                __bss_start__ = .
 *(.bss)
 *(.bss*)
 .bss.cnt.4933  0x1ffff020        0x1 ./08_Source/isr.o
 *fill*         0x1ffff021        0x3 
 .bss.duty.4937
                0x1ffff024        0x4 ./08_Source/isr.o
 .bss.buffer.4954
                0x1ffff028       0x40 ./08_Source/isr.o
 .bss.frameLen.4972
                0x1ffff068        0x1 ./08_Source/isr.o
 *(COMMON)
 *fill*         0x1ffff069        0x3 
 COMMON         0x1ffff06c        0x3 ./08_Source/isr.o
                0x1ffff06c                g_time
                0x1ffff070                . = ALIGN (0x4)
 *fill*         0x1ffff06f        0x1 
                0x1ffff070                __bss_end__ = .
                0x1ffff070                __END_BSS = .

.heap           0x1ffff070      0x400 load address 0x00005994
                0x1ffff070                . = ALIGN (0x8)
                0x1ffff070                __end__ = .
                0x1ffff070                PROVIDE (end, .)
                0x1ffff070                __HeapBase = .
                0x1ffff470                . = (. + HEAP_SIZE)
 *fill*         0x1ffff070      0x400 
                0x1ffff470                __HeapLimit = .

.stack          0x1ffff470      0x400 load address 0x00005d94
                0x1ffff470                . = ALIGN (0x8)
                0x1ffff870                . = (. + STACK_SIZE)
 *fill*         0x1ffff470      0x400 
                0x20003000                __StackTop = (ORIGIN (m_data) + 0x4000)
                0x20002c00                __StackLimit = (__StackTop - STACK_SIZE)
                0x20003000                PROVIDE (__stack, __StackTop)

.ARM.attributes
                0x00000000       0x30
 *(.ARM.attributes)
 .ARM.attributes
                0x00000000       0x32 ./08_Source/isr.o
 .ARM.attributes
                0x00000032       0x32 ./08_Source/main.o
 .ARM.attributes
                0x00000064       0x32 ./07_Soft_Component/printf/printf.o
 .ARM.attributes
                0x00000096       0x32 ./06_App_Component/light/light.o
 .ARM.attributes
                0x000000c8       0x32 ./05_Driver/uart/uart.o
 .ARM.attributes
                0x000000fa       0x32 ./05_Driver/tpm/tpm.o
 .ARM.attributes
                0x0000012c       0x32 ./05_Driver/gpio/gpio.o
 .ARM.attributes
                0x0000015e       0x1b ./03_MCU/startup_MKL25Z4.o
 .ARM.attributes
                0x00000179       0x32 ./03_MCU/system_MKL25Z4.o
 .ARM.attributes
                0x000001ab       0x1e e:/freescale/kds_3.0.0/toolchain/bin/../lib/gcc/arm-none-eabi/4.8.4/armv6-m\libgcc.a(_udivsi3.o)
 .ARM.attributes
                0x000001c9       0x1e e:/freescale/kds_3.0.0/toolchain/bin/../lib/gcc/arm-none-eabi/4.8.4/armv6-m\libgcc.a(_divsi3.o)
 .ARM.attributes
                0x000001e7       0x1e e:/freescale/kds_3.0.0/toolchain/bin/../lib/gcc/arm-none-eabi/4.8.4/armv6-m\libgcc.a(_dvmd_tls.o)
 .ARM.attributes
                0x00000205       0x1e e:/freescale/kds_3.0.0/toolchain/bin/../lib/gcc/arm-none-eabi/4.8.4/armv6-m\libgcc.a(_arm_cmpdf2.o)
 .ARM.attributes
                0x00000223       0x1e e:/freescale/kds_3.0.0/toolchain/bin/../lib/gcc/arm-none-eabi/4.8.4/armv6-m\libgcc.a(_arm_cmpsf2.o)
 .ARM.attributes
                0x00000241       0x1e e:/freescale/kds_3.0.0/toolchain/bin/../lib/gcc/arm-none-eabi/4.8.4/armv6-m\libgcc.a(_aeabi_uldivmod.o)
 .ARM.attributes
                0x0000025f       0x2c e:/freescale/kds_3.0.0/toolchain/bin/../lib/gcc/arm-none-eabi/4.8.4/armv6-m\libgcc.a(_fixunssfsi.o)
 .ARM.attributes
                0x0000028b       0x2c e:/freescale/kds_3.0.0/toolchain/bin/../lib/gcc/arm-none-eabi/4.8.4/armv6-m\libgcc.a(_fixunsdfsi.o)
 .ARM.attributes
                0x000002b7       0x2c e:/freescale/kds_3.0.0/toolchain/bin/../lib/gcc/arm-none-eabi/4.8.4/armv6-m\libgcc.a(_fixunsdfdi.o)
 .ARM.attributes
                0x000002e3       0x2c e:/freescale/kds_3.0.0/toolchain/bin/../lib/gcc/arm-none-eabi/4.8.4/armv6-m\libgcc.a(bpabi.o)
 .ARM.attributes
                0x0000030f       0x2c e:/freescale/kds_3.0.0/toolchain/bin/../lib/gcc/arm-none-eabi/4.8.4/armv6-m\libgcc.a(addsf3.o)
 .ARM.attributes
                0x0000033b       0x2c e:/freescale/kds_3.0.0/toolchain/bin/../lib/gcc/arm-none-eabi/4.8.4/armv6-m\libgcc.a(divsf3.o)
 .ARM.attributes
                0x00000367       0x2c e:/freescale/kds_3.0.0/toolchain/bin/../lib/gcc/arm-none-eabi/4.8.4/armv6-m\libgcc.a(eqsf2.o)
 .ARM.attributes
                0x00000393       0x2c e:/freescale/kds_3.0.0/toolchain/bin/../lib/gcc/arm-none-eabi/4.8.4/armv6-m\libgcc.a(gesf2.o)
 .ARM.attributes
                0x000003bf       0x2c e:/freescale/kds_3.0.0/toolchain/bin/../lib/gcc/arm-none-eabi/4.8.4/armv6-m\libgcc.a(lesf2.o)
 .ARM.attributes
                0x000003eb       0x2c e:/freescale/kds_3.0.0/toolchain/bin/../lib/gcc/arm-none-eabi/4.8.4/armv6-m\libgcc.a(mulsf3.o)
 .ARM.attributes
                0x00000417       0x2c e:/freescale/kds_3.0.0/toolchain/bin/../lib/gcc/arm-none-eabi/4.8.4/armv6-m\libgcc.a(subsf3.o)
 .ARM.attributes
                0x00000443       0x2c e:/freescale/kds_3.0.0/toolchain/bin/../lib/gcc/arm-none-eabi/4.8.4/armv6-m\libgcc.a(fixsfsi.o)
 .ARM.attributes
                0x0000046f       0x2c e:/freescale/kds_3.0.0/toolchain/bin/../lib/gcc/arm-none-eabi/4.8.4/armv6-m\libgcc.a(floatunsisf.o)
 .ARM.attributes
                0x0000049b       0x2c e:/freescale/kds_3.0.0/toolchain/bin/../lib/gcc/arm-none-eabi/4.8.4/armv6-m\libgcc.a(eqdf2.o)
 .ARM.attributes
                0x000004c7       0x2c e:/freescale/kds_3.0.0/toolchain/bin/../lib/gcc/arm-none-eabi/4.8.4/armv6-m\libgcc.a(gedf2.o)
 .ARM.attributes
                0x000004f3       0x2c e:/freescale/kds_3.0.0/toolchain/bin/../lib/gcc/arm-none-eabi/4.8.4/armv6-m\libgcc.a(ledf2.o)
 .ARM.attributes
                0x0000051f       0x2c e:/freescale/kds_3.0.0/toolchain/bin/../lib/gcc/arm-none-eabi/4.8.4/armv6-m\libgcc.a(muldf3.o)
 .ARM.attributes
                0x0000054b       0x2c e:/freescale/kds_3.0.0/toolchain/bin/../lib/gcc/arm-none-eabi/4.8.4/armv6-m\libgcc.a(subdf3.o)
 .ARM.attributes
                0x00000577       0x2c e:/freescale/kds_3.0.0/toolchain/bin/../lib/gcc/arm-none-eabi/4.8.4/armv6-m\libgcc.a(fixdfsi.o)
 .ARM.attributes
                0x000005a3       0x2c e:/freescale/kds_3.0.0/toolchain/bin/../lib/gcc/arm-none-eabi/4.8.4/armv6-m\libgcc.a(floatunsidf.o)
 .ARM.attributes
                0x000005cf       0x1e e:/freescale/kds_3.0.0/toolchain/bin/../lib/gcc/arm-none-eabi/4.8.4/armv6-m\libgcc.a(_clzsi2.o)
 .ARM.attributes
                0x000005ed       0x2c e:/freescale/kds_3.0.0/toolchain/bin/../lib/gcc/arm-none-eabi/4.8.4/armv6-m\libgcc.a(_muldi3.o)
 .ARM.attributes
                0x00000619       0x2c e:/freescale/kds_3.0.0/toolchain/bin/../lib/gcc/arm-none-eabi/4.8.4/armv6-m\libgcc.a(_divdi3.o)
 .ARM.attributes
                0x00000645       0x2c e:/freescale/kds_3.0.0/toolchain/bin/../lib/gcc/arm-none-eabi/4.8.4/armv6-m\libgcc.a(_udivdi3.o)
 .ARM.attributes
                0x00000671       0x2c e:/freescale/kds_3.0.0/toolchain/bin/../lib/gcc/arm-none-eabi/4.8.4/../../../../arm-none-eabi/lib/armv6-m\libg.a(lib_a-memset.o)
 .ARM.attributes
                0x0000069d       0x2c e:/freescale/kds_3.0.0/toolchain/bin/../lib/gcc/arm-none-eabi/4.8.4/../../../../arm-none-eabi/lib/armv6-m\libg.a(lib_a-strlen.o)
                0x00000001                ASSERT ((__StackLimit >= __HeapLimit), region m_data overflowed with stack and heap)
OUTPUT(KL25_TPM-incap-outcomp-pwm.elf elf32-littlearm)

.debug_info     0x00000000     0x2df2
 .debug_info    0x00000000      0x335 ./08_Source/isr.o
 .debug_info    0x00000335      0x10d ./08_Source/main.o
 .debug_info    0x00000442      0x663 ./07_Soft_Component/printf/printf.o
 .debug_info    0x00000aa5      0x118 ./06_App_Component/light/light.o
 .debug_info    0x00000bbd      0xa79 ./05_Driver/uart/uart.o
 .debug_info    0x00001636      0xb30 ./05_Driver/tpm/tpm.o
 .debug_info    0x00002166      0x858 ./05_Driver/gpio/gpio.o
 .debug_info    0x000029be       0x6c ./03_MCU/startup_MKL25Z4.o
 .debug_info    0x00002a2a      0x3c8 ./03_MCU/system_MKL25Z4.o

.debug_abbrev   0x00000000      0xb45
 .debug_abbrev  0x00000000      0x12a ./08_Source/isr.o
 .debug_abbrev  0x0000012a       0xa6 ./08_Source/main.o
 .debug_abbrev  0x000001d0      0x1d8 ./07_Soft_Component/printf/printf.o
 .debug_abbrev  0x000003a8       0x7b ./06_App_Component/light/light.o
 .debug_abbrev  0x00000423      0x217 ./05_Driver/uart/uart.o
 .debug_abbrev  0x0000063a      0x20e ./05_Driver/tpm/tpm.o
 .debug_abbrev  0x00000848      0x1e9 ./05_Driver/gpio/gpio.o
 .debug_abbrev  0x00000a31       0x14 ./03_MCU/startup_MKL25Z4.o
 .debug_abbrev  0x00000a45      0x100 ./03_MCU/system_MKL25Z4.o

.debug_aranges  0x00000000      0x2d0
 .debug_aranges
                0x00000000       0x58 ./08_Source/isr.o
 .debug_aranges
                0x00000058       0x20 ./08_Source/main.o
 .debug_aranges
                0x00000078       0x58 ./07_Soft_Component/printf/printf.o
 .debug_aranges
                0x000000d0       0x30 ./06_App_Component/light/light.o
 .debug_aranges
                0x00000100       0x78 ./05_Driver/uart/uart.o
 .debug_aranges
                0x00000178       0x90 ./05_Driver/tpm/tpm.o
 .debug_aranges
                0x00000208       0x88 ./05_Driver/gpio/gpio.o
 .debug_aranges
                0x00000290       0x20 ./03_MCU/startup_MKL25Z4.o
 .debug_aranges
                0x000002b0       0x20 ./03_MCU/system_MKL25Z4.o

.debug_ranges   0x00000000      0x230
 .debug_ranges  0x00000000       0x48 ./08_Source/isr.o
 .debug_ranges  0x00000048       0x10 ./08_Source/main.o
 .debug_ranges  0x00000058       0x48 ./07_Soft_Component/printf/printf.o
 .debug_ranges  0x000000a0       0x20 ./06_App_Component/light/light.o
 .debug_ranges  0x000000c0       0x68 ./05_Driver/uart/uart.o
 .debug_ranges  0x00000128       0x80 ./05_Driver/tpm/tpm.o
 .debug_ranges  0x000001a8       0x78 ./05_Driver/gpio/gpio.o
 .debug_ranges  0x00000220       0x10 ./03_MCU/system_MKL25Z4.o

.debug_macro    0x00000000     0xa363
 .debug_macro   0x00000000       0xeb ./08_Source/isr.o
 .debug_macro   0x000000eb      0x7f6 ./08_Source/isr.o
 .debug_macro   0x000008e1       0x16 ./08_Source/isr.o
 .debug_macro   0x000008f7       0x16 ./08_Source/isr.o
 .debug_macro   0x0000090d       0x44 ./08_Source/isr.o
 .debug_macro   0x00000951      0x209 ./08_Source/isr.o
 .debug_macro   0x00000b5a       0x3a ./08_Source/isr.o
 .debug_macro   0x00000b94       0x3a ./08_Source/isr.o
 .debug_macro   0x00000bce       0x26 ./08_Source/isr.o
 .debug_macro   0x00000bf4      0x306 ./08_Source/isr.o
 .debug_macro   0x00000efa       0x10 ./08_Source/isr.o
 .debug_macro   0x00000f0a     0x839f ./08_Source/isr.o
 .debug_macro   0x000092a9       0x34 ./08_Source/isr.o
 .debug_macro   0x000092dd       0x2e ./08_Source/isr.o
 .debug_macro   0x0000930b       0x9a ./08_Source/isr.o
 .debug_macro   0x000093a5       0x52 ./08_Source/isr.o
 .debug_macro   0x000093f7       0x28 ./08_Source/isr.o
 .debug_macro   0x0000941f       0x94 ./08_Source/isr.o
 .debug_macro   0x000094b3       0xdd ./08_Source/main.o
 .debug_macro   0x00009590      0x165 ./07_Soft_Component/printf/printf.o
 .debug_macro   0x000096f5       0x28 ./07_Soft_Component/printf/printf.o
 .debug_macro   0x0000971d       0x58 ./07_Soft_Component/printf/printf.o
 .debug_macro   0x00009775       0x35 ./07_Soft_Component/printf/printf.o
 .debug_macro   0x000097aa       0xa2 ./07_Soft_Component/printf/printf.o
 .debug_macro   0x0000984c      0x166 ./07_Soft_Component/printf/printf.o
 .debug_macro   0x000099b2       0x52 ./07_Soft_Component/printf/printf.o
 .debug_macro   0x00009a04       0x16 ./07_Soft_Component/printf/printf.o
 .debug_macro   0x00009a1a       0x43 ./07_Soft_Component/printf/printf.o
 .debug_macro   0x00009a5d      0x180 ./07_Soft_Component/printf/printf.o
 .debug_macro   0x00009bdd      0x2a6 ./07_Soft_Component/printf/printf.o
 .debug_macro   0x00009e83       0x10 ./07_Soft_Component/printf/printf.o
 .debug_macro   0x00009e93       0x35 ./07_Soft_Component/printf/printf.o
 .debug_macro   0x00009ec8       0x1f ./07_Soft_Component/printf/printf.o
 .debug_macro   0x00009ee7       0xb2 ./06_App_Component/light/light.o
 .debug_macro   0x00009f99       0x22 ./06_App_Component/light/light.o
 .debug_macro   0x00009fbb       0xa9 ./05_Driver/uart/uart.o
 .debug_macro   0x0000a064       0xb2 ./05_Driver/tpm/tpm.o
 .debug_macro   0x0000a116       0x8e ./05_Driver/tpm/tpm.o
 .debug_macro   0x0000a1a4       0xa9 ./05_Driver/gpio/gpio.o
 .debug_macro   0x0000a24d       0x4c ./05_Driver/gpio/gpio.o
 .debug_macro   0x0000a299       0x7e ./03_MCU/system_MKL25Z4.o
 .debug_macro   0x0000a317       0x4c ./03_MCU/system_MKL25Z4.o

.debug_line     0x00000000     0x2080
 .debug_line    0x00000000      0x4cf ./08_Source/isr.o
 .debug_line    0x000004cf      0x3d7 ./08_Source/main.o
 .debug_line    0x000008a6      0x60b ./07_Soft_Component/printf/printf.o
 .debug_line    0x00000eb1      0x2da ./06_App_Component/light/light.o
 .debug_line    0x0000118b      0x416 ./05_Driver/uart/uart.o
 .debug_line    0x000015a1      0x449 ./05_Driver/tpm/tpm.o
 .debug_line    0x000019ea      0x3c1 ./05_Driver/gpio/gpio.o
 .debug_line    0x00001dab       0x70 ./03_MCU/startup_MKL25Z4.o
 .debug_line    0x00001e1b      0x265 ./03_MCU/system_MKL25Z4.o

.debug_str      0x00000000    0x34e35
 .debug_str     0x00000000    0x3205f ./08_Source/isr.o
                              0x32465 (size before relaxing)
 .debug_str     0x0003205f       0x2a ./08_Source/main.o
                              0x3238c (size before relaxing)
 .debug_str     0x00032089     0x263a ./07_Soft_Component/printf/printf.o
                              0x34758 (size before relaxing)
 .debug_str     0x000346c3       0x56 ./06_App_Component/light/light.o
                              0x31f21 (size before relaxing)
 .debug_str     0x00034719      0x434 ./05_Driver/uart/uart.o
                              0x32277 (size before relaxing)
 .debug_str     0x00034b4d      0x187 ./05_Driver/tpm/tpm.o
                              0x324ab (size before relaxing)
 .debug_str     0x00034cd4      0x11d ./05_Driver/gpio/gpio.o
                              0x32233 (size before relaxing)
 .debug_str     0x00034df1       0x44 ./03_MCU/system_MKL25Z4.o
                              0x31d88 (size before relaxing)

.comment        0x00000000       0x70
 .comment       0x00000000       0x70 ./08_Source/isr.o
                                 0x71 (size before relaxing)
 .comment       0x00000000       0x71 ./08_Source/main.o
 .comment       0x00000000       0x71 ./07_Soft_Component/printf/printf.o
 .comment       0x00000000       0x71 ./06_App_Component/light/light.o
 .comment       0x00000000       0x71 ./05_Driver/uart/uart.o
 .comment       0x00000000       0x71 ./05_Driver/tpm/tpm.o
 .comment       0x00000000       0x71 ./05_Driver/gpio/gpio.o
 .comment       0x00000000       0x71 ./03_MCU/system_MKL25Z4.o

.debug_frame    0x00000000      0xd74
 .debug_frame   0x00000000      0x104 ./08_Source/isr.o
 .debug_frame   0x00000104       0x30 ./08_Source/main.o
 .debug_frame   0x00000134      0x114 ./07_Soft_Component/printf/printf.o
 .debug_frame   0x00000248       0x70 ./06_App_Component/light/light.o
 .debug_frame   0x000002b8      0x190 ./05_Driver/uart/uart.o
 .debug_frame   0x00000448      0x1fc ./05_Driver/tpm/tpm.o
 .debug_frame   0x00000644      0x1d0 ./05_Driver/gpio/gpio.o
 .debug_frame   0x00000814       0x30 ./03_MCU/system_MKL25Z4.o
 .debug_frame   0x00000844       0x20 e:/freescale/kds_3.0.0/toolchain/bin/../lib/gcc/arm-none-eabi/4.8.4/armv6-m\libgcc.a(_udivsi3.o)
 .debug_frame   0x00000864       0x20 e:/freescale/kds_3.0.0/toolchain/bin/../lib/gcc/arm-none-eabi/4.8.4/armv6-m\libgcc.a(_divsi3.o)
 .debug_frame   0x00000884       0x28 e:/freescale/kds_3.0.0/toolchain/bin/../lib/gcc/arm-none-eabi/4.8.4/armv6-m\libgcc.a(_fixunssfsi.o)
 .debug_frame   0x000008ac       0x2c e:/freescale/kds_3.0.0/toolchain/bin/../lib/gcc/arm-none-eabi/4.8.4/armv6-m\libgcc.a(_fixunsdfsi.o)
 .debug_frame   0x000008d8       0x2c e:/freescale/kds_3.0.0/toolchain/bin/../lib/gcc/arm-none-eabi/4.8.4/armv6-m\libgcc.a(_fixunsdfdi.o)
 .debug_frame   0x00000904       0x50 e:/freescale/kds_3.0.0/toolchain/bin/../lib/gcc/arm-none-eabi/4.8.4/armv6-m\libgcc.a(bpabi.o)
 .debug_frame   0x00000954       0x30 e:/freescale/kds_3.0.0/toolchain/bin/../lib/gcc/arm-none-eabi/4.8.4/armv6-m\libgcc.a(addsf3.o)
 .debug_frame   0x00000984       0x3c e:/freescale/kds_3.0.0/toolchain/bin/../lib/gcc/arm-none-eabi/4.8.4/armv6-m\libgcc.a(divsf3.o)
 .debug_frame   0x000009c0       0x2c e:/freescale/kds_3.0.0/toolchain/bin/../lib/gcc/arm-none-eabi/4.8.4/armv6-m\libgcc.a(eqsf2.o)
 .debug_frame   0x000009ec       0x30 e:/freescale/kds_3.0.0/toolchain/bin/../lib/gcc/arm-none-eabi/4.8.4/armv6-m\libgcc.a(gesf2.o)
 .debug_frame   0x00000a1c       0x30 e:/freescale/kds_3.0.0/toolchain/bin/../lib/gcc/arm-none-eabi/4.8.4/armv6-m\libgcc.a(lesf2.o)
 .debug_frame   0x00000a4c       0x3c e:/freescale/kds_3.0.0/toolchain/bin/../lib/gcc/arm-none-eabi/4.8.4/armv6-m\libgcc.a(mulsf3.o)
 .debug_frame   0x00000a88       0x30 e:/freescale/kds_3.0.0/toolchain/bin/../lib/gcc/arm-none-eabi/4.8.4/armv6-m\libgcc.a(subsf3.o)
 .debug_frame   0x00000ab8       0x20 e:/freescale/kds_3.0.0/toolchain/bin/../lib/gcc/arm-none-eabi/4.8.4/armv6-m\libgcc.a(fixsfsi.o)
 .debug_frame   0x00000ad8       0x28 e:/freescale/kds_3.0.0/toolchain/bin/../lib/gcc/arm-none-eabi/4.8.4/armv6-m\libgcc.a(floatunsisf.o)
 .debug_frame   0x00000b00       0x3c e:/freescale/kds_3.0.0/toolchain/bin/../lib/gcc/arm-none-eabi/4.8.4/armv6-m\libgcc.a(eqdf2.o)
 .debug_frame   0x00000b3c       0x38 e:/freescale/kds_3.0.0/toolchain/bin/../lib/gcc/arm-none-eabi/4.8.4/armv6-m\libgcc.a(gedf2.o)
 .debug_frame   0x00000b74       0x3c e:/freescale/kds_3.0.0/toolchain/bin/../lib/gcc/arm-none-eabi/4.8.4/armv6-m\libgcc.a(ledf2.o)
 .debug_frame   0x00000bb0       0x3c e:/freescale/kds_3.0.0/toolchain/bin/../lib/gcc/arm-none-eabi/4.8.4/armv6-m\libgcc.a(muldf3.o)
 .debug_frame   0x00000bec       0x3c e:/freescale/kds_3.0.0/toolchain/bin/../lib/gcc/arm-none-eabi/4.8.4/armv6-m\libgcc.a(subdf3.o)
 .debug_frame   0x00000c28       0x2c e:/freescale/kds_3.0.0/toolchain/bin/../lib/gcc/arm-none-eabi/4.8.4/armv6-m\libgcc.a(fixdfsi.o)
 .debug_frame   0x00000c54       0x28 e:/freescale/kds_3.0.0/toolchain/bin/../lib/gcc/arm-none-eabi/4.8.4/armv6-m\libgcc.a(floatunsidf.o)
 .debug_frame   0x00000c7c       0x30 e:/freescale/kds_3.0.0/toolchain/bin/../lib/gcc/arm-none-eabi/4.8.4/armv6-m\libgcc.a(_muldi3.o)
 .debug_frame   0x00000cac       0x3c e:/freescale/kds_3.0.0/toolchain/bin/../lib/gcc/arm-none-eabi/4.8.4/armv6-m\libgcc.a(_divdi3.o)
 .debug_frame   0x00000ce8       0x3c e:/freescale/kds_3.0.0/toolchain/bin/../lib/gcc/arm-none-eabi/4.8.4/armv6-m\libgcc.a(_udivdi3.o)
 .debug_frame   0x00000d24       0x30 e:/freescale/kds_3.0.0/toolchain/bin/../lib/gcc/arm-none-eabi/4.8.4/../../../../arm-none-eabi/lib/armv6-m\libg.a(lib_a-memset.o)
 .debug_frame   0x00000d54       0x20 e:/freescale/kds_3.0.0/toolchain/bin/../lib/gcc/arm-none-eabi/4.8.4/../../../../arm-none-eabi/lib/armv6-m\libg.a(lib_a-strlen.o)
