Archive member included because of file (symbol)

d:/freescale/kds_3.0.0/toolchain/bin/../lib/gcc/arm-none-eabi/4.8.4/armv6-m\libgcc.a(_udivsi3.o)
                              ./07_Soft_Component/printf/printf.o (__aeabi_uidiv)
d:/freescale/kds_3.0.0/toolchain/bin/../lib/gcc/arm-none-eabi/4.8.4/armv6-m\libgcc.a(_divsi3.o)
                              ./07_Soft_Component/printf/printf.o (__aeabi_idiv)
d:/freescale/kds_3.0.0/toolchain/bin/../lib/gcc/arm-none-eabi/4.8.4/armv6-m\libgcc.a(_dvmd_tls.o)
                              d:/freescale/kds_3.0.0/toolchain/bin/../lib/gcc/arm-none-eabi/4.8.4/armv6-m\libgcc.a(_udivsi3.o) (__aeabi_idiv0)
d:/freescale/kds_3.0.0/toolchain/bin/../lib/gcc/arm-none-eabi/4.8.4/armv6-m\libgcc.a(_arm_cmpdf2.o)
                              ./07_Soft_Component/printf/printf.o (__aeabi_dcmplt)
d:/freescale/kds_3.0.0/toolchain/bin/../lib/gcc/arm-none-eabi/4.8.4/armv6-m\libgcc.a(_aeabi_uldivmod.o)
                              ./07_Soft_Component/printf/printf.o (__aeabi_uldivmod)
d:/freescale/kds_3.0.0/toolchain/bin/../lib/gcc/arm-none-eabi/4.8.4/armv6-m\libgcc.a(_fixunsdfsi.o)
                              ./07_Soft_Component/printf/printf.o (__aeabi_d2uiz)
d:/freescale/kds_3.0.0/toolchain/bin/../lib/gcc/arm-none-eabi/4.8.4/armv6-m\libgcc.a(_fixunsdfdi.o)
                              ./07_Soft_Component/printf/printf.o (__aeabi_d2ulz)
d:/freescale/kds_3.0.0/toolchain/bin/../lib/gcc/arm-none-eabi/4.8.4/armv6-m\libgcc.a(bpabi.o)
                              d:/freescale/kds_3.0.0/toolchain/bin/../lib/gcc/arm-none-eabi/4.8.4/armv6-m\libgcc.a(_aeabi_uldivmod.o) (__gnu_uldivmod_helper)
d:/freescale/kds_3.0.0/toolchain/bin/../lib/gcc/arm-none-eabi/4.8.4/armv6-m\libgcc.a(eqdf2.o)
                              d:/freescale/kds_3.0.0/toolchain/bin/../lib/gcc/arm-none-eabi/4.8.4/armv6-m\libgcc.a(_arm_cmpdf2.o) (__eqdf2)
d:/freescale/kds_3.0.0/toolchain/bin/../lib/gcc/arm-none-eabi/4.8.4/armv6-m\libgcc.a(gedf2.o)
                              d:/freescale/kds_3.0.0/toolchain/bin/../lib/gcc/arm-none-eabi/4.8.4/armv6-m\libgcc.a(_arm_cmpdf2.o) (__gedf2)
d:/freescale/kds_3.0.0/toolchain/bin/../lib/gcc/arm-none-eabi/4.8.4/armv6-m\libgcc.a(ledf2.o)
                              d:/freescale/kds_3.0.0/toolchain/bin/../lib/gcc/arm-none-eabi/4.8.4/armv6-m\libgcc.a(_arm_cmpdf2.o) (__ledf2)
d:/freescale/kds_3.0.0/toolchain/bin/../lib/gcc/arm-none-eabi/4.8.4/armv6-m\libgcc.a(muldf3.o)
                              ./07_Soft_Component/printf/printf.o (__aeabi_dmul)
d:/freescale/kds_3.0.0/toolchain/bin/../lib/gcc/arm-none-eabi/4.8.4/armv6-m\libgcc.a(subdf3.o)
                              ./07_Soft_Component/printf/printf.o (__aeabi_dsub)
d:/freescale/kds_3.0.0/toolchain/bin/../lib/gcc/arm-none-eabi/4.8.4/armv6-m\libgcc.a(fixdfsi.o)
                              d:/freescale/kds_3.0.0/toolchain/bin/../lib/gcc/arm-none-eabi/4.8.4/armv6-m\libgcc.a(_fixunsdfsi.o) (__aeabi_d2iz)
d:/freescale/kds_3.0.0/toolchain/bin/../lib/gcc/arm-none-eabi/4.8.4/armv6-m\libgcc.a(floatunsidf.o)
                              ./07_Soft_Component/printf/printf.o (__aeabi_ui2d)
d:/freescale/kds_3.0.0/toolchain/bin/../lib/gcc/arm-none-eabi/4.8.4/armv6-m\libgcc.a(_clzsi2.o)
                              d:/freescale/kds_3.0.0/toolchain/bin/../lib/gcc/arm-none-eabi/4.8.4/armv6-m\libgcc.a(muldf3.o) (__clzsi2)
d:/freescale/kds_3.0.0/toolchain/bin/../lib/gcc/arm-none-eabi/4.8.4/armv6-m\libgcc.a(_muldi3.o)
                              d:/freescale/kds_3.0.0/toolchain/bin/../lib/gcc/arm-none-eabi/4.8.4/armv6-m\libgcc.a(bpabi.o) (__aeabi_lmul)
d:/freescale/kds_3.0.0/toolchain/bin/../lib/gcc/arm-none-eabi/4.8.4/armv6-m\libgcc.a(_divdi3.o)
                              d:/freescale/kds_3.0.0/toolchain/bin/../lib/gcc/arm-none-eabi/4.8.4/armv6-m\libgcc.a(bpabi.o) (__divdi3)
d:/freescale/kds_3.0.0/toolchain/bin/../lib/gcc/arm-none-eabi/4.8.4/armv6-m\libgcc.a(_udivdi3.o)
                              d:/freescale/kds_3.0.0/toolchain/bin/../lib/gcc/arm-none-eabi/4.8.4/armv6-m\libgcc.a(bpabi.o) (__udivdi3)
d:/freescale/kds_3.0.0/toolchain/bin/../lib/gcc/arm-none-eabi/4.8.4/../../../../arm-none-eabi/lib/armv6-m\libg.a(lib_a-memcpy-stub.o)
                              ./06_App_Component/usb/fatfs/znfat.o (memcpy)
d:/freescale/kds_3.0.0/toolchain/bin/../lib/gcc/arm-none-eabi/4.8.4/../../../../arm-none-eabi/lib/armv6-m\libg.a(lib_a-memset.o)
                              ./07_Soft_Component/printf/printf.o (memset)
d:/freescale/kds_3.0.0/toolchain/bin/../lib/gcc/arm-none-eabi/4.8.4/../../../../arm-none-eabi/lib/armv6-m\libg.a(lib_a-strlen.o)
                              ./07_Soft_Component/printf/printf.o (strlen)

Allocating common symbols
Common symbol       size              file

ioctl               0x8               ./06_App_Component/usb/usb_class/usb_class.o
std_error           0x1               ./05_Driver/usb_host/usb_host.o
bdt                 0x4               ./05_Driver/usb_host/usb_host.o
my_device           0xa2              ./05_Driver/usb_host/usb_host.o
fileinfo1           0x3cc             ./08_Source/main.o
lun                 0x34              ./05_Driver/usb_host/usb_host.o
Init_Args           0x28              ./08_Source/main.o
pInit_Args          0x4               ./06_App_Component/usb/fatfs/znfat.o
tBDTtable           0x4               ./05_Driver/usb_host/usb_host.o
mst_info            0xa               ./05_Driver/usb_host/usb_host.o
tBDT_unaligned      0x400             ./05_Driver/usb_host/usb_host.o
tr_error            0x1               ./05_Driver/usb_host/usb_host.o
tmpBuf              0x200             ./06_App_Component/usb/fatfs/znfat.o
fileinfo2           0x3cc             ./08_Source/main.o
ep_info             0x2               ./08_Source/isr.o
Device_INF          0x20              ./08_Source/main.o

Discarded input sections

 .group         0x00000000        0x8 ./08_Source/isr.o
 .group         0x00000000        0x8 ./08_Source/isr.o
 .group         0x00000000        0x8 ./08_Source/isr.o
 .group         0x00000000        0x8 ./08_Source/isr.o
 .group         0x00000000        0x8 ./08_Source/isr.o
 .group         0x00000000        0x8 ./08_Source/isr.o
 .group         0x00000000        0x8 ./08_Source/isr.o
 .group         0x00000000        0x8 ./08_Source/isr.o
 .group         0x00000000        0x8 ./08_Source/isr.o
 .group         0x00000000        0x8 ./08_Source/isr.o
 .group         0x00000000        0x8 ./08_Source/isr.o
 .group         0x00000000        0x8 ./08_Source/isr.o
 .group         0x00000000        0x8 ./08_Source/isr.o
 .group         0x00000000        0x8 ./08_Source/isr.o
 .group         0x00000000        0x8 ./08_Source/isr.o
 .group         0x00000000        0x8 ./08_Source/isr.o
 .group         0x00000000        0x8 ./08_Source/isr.o
 .group         0x00000000        0x8 ./08_Source/isr.o
 .group         0x00000000        0x8 ./08_Source/isr.o
 .group         0x00000000        0x8 ./08_Source/isr.o
 .group         0x00000000        0x8 ./08_Source/isr.o
 .group         0x00000000        0x8 ./08_Source/isr.o
 .text          0x00000000        0x0 ./08_Source/isr.o
 .data          0x00000000        0x0 ./08_Source/isr.o
 .bss           0x00000000        0x0 ./08_Source/isr.o
 .group         0x00000000        0x8 ./08_Source/main.o
 .group         0x00000000        0x8 ./08_Source/main.o
 .group         0x00000000        0x8 ./08_Source/main.o
 .group         0x00000000        0x8 ./08_Source/main.o
 .group         0x00000000        0x8 ./08_Source/main.o
 .group         0x00000000        0x8 ./08_Source/main.o
 .group         0x00000000        0x8 ./08_Source/main.o
 .group         0x00000000        0x8 ./08_Source/main.o
 .group         0x00000000        0x8 ./08_Source/main.o
 .group         0x00000000        0x8 ./08_Source/main.o
 .group         0x00000000        0x8 ./08_Source/main.o
 .group         0x00000000        0x8 ./08_Source/main.o
 .group         0x00000000        0x8 ./08_Source/main.o
 .group         0x00000000        0x8 ./08_Source/main.o
 .group         0x00000000        0x8 ./08_Source/main.o
 .group         0x00000000        0x8 ./08_Source/main.o
 .group         0x00000000        0x8 ./08_Source/main.o
 .group         0x00000000        0x8 ./08_Source/main.o
 .group         0x00000000        0x8 ./08_Source/main.o
 .group         0x00000000        0x8 ./08_Source/main.o
 .group         0x00000000        0x8 ./08_Source/main.o
 .group         0x00000000        0x8 ./08_Source/main.o
 .text          0x00000000        0x0 ./08_Source/main.o
 .data          0x00000000        0x0 ./08_Source/main.o
 .bss           0x00000000        0x0 ./08_Source/main.o
 .bss.UartBuff  0x00000000       0x80 ./08_Source/main.o
 .bss.UartBuffLength
                0x00000000        0x1 ./08_Source/main.o
 .bss.UartBuffFull
                0x00000000        0x1 ./08_Source/main.o
 .rodata.Text   0x00000000       0x38 ./08_Source/main.o
 .debug_macro   0x00000000      0x7f6 ./08_Source/main.o
 .debug_macro   0x00000000       0x16 ./08_Source/main.o
 .debug_macro   0x00000000       0x16 ./08_Source/main.o
 .debug_macro   0x00000000       0x44 ./08_Source/main.o
 .debug_macro   0x00000000      0x209 ./08_Source/main.o
 .debug_macro   0x00000000       0x3a ./08_Source/main.o
 .debug_macro   0x00000000       0x3a ./08_Source/main.o
 .debug_macro   0x00000000       0x26 ./08_Source/main.o
 .debug_macro   0x00000000      0x306 ./08_Source/main.o
 .debug_macro   0x00000000       0x10 ./08_Source/main.o
 .debug_macro   0x00000000     0x839f ./08_Source/main.o
 .debug_macro   0x00000000       0x34 ./08_Source/main.o
 .debug_macro   0x00000000       0x3a ./08_Source/main.o
 .debug_macro   0x00000000       0x9a ./08_Source/main.o
 .debug_macro   0x00000000       0x52 ./08_Source/main.o
 .debug_macro   0x00000000       0x28 ./08_Source/main.o
 .debug_macro   0x00000000       0x40 ./08_Source/main.o
 .debug_macro   0x00000000       0x88 ./08_Source/main.o
 .debug_macro   0x00000000      0x57a ./08_Source/main.o
 .debug_macro   0x00000000      0x191 ./08_Source/main.o
 .debug_macro   0x00000000       0x2e ./08_Source/main.o
 .group         0x00000000        0x8 ./07_Soft_Component/printf/printf.o
 .group         0x00000000        0x8 ./07_Soft_Component/printf/printf.o
 .group         0x00000000        0x8 ./07_Soft_Component/printf/printf.o
 .group         0x00000000        0x8 ./07_Soft_Component/printf/printf.o
 .group         0x00000000        0x8 ./07_Soft_Component/printf/printf.o
 .group         0x00000000        0x8 ./07_Soft_Component/printf/printf.o
 .group         0x00000000        0x8 ./07_Soft_Component/printf/printf.o
 .group         0x00000000        0x8 ./07_Soft_Component/printf/printf.o
 .group         0x00000000        0x8 ./07_Soft_Component/printf/printf.o
 .group         0x00000000        0x8 ./07_Soft_Component/printf/printf.o
 .group         0x00000000        0x8 ./07_Soft_Component/printf/printf.o
 .group         0x00000000        0x8 ./07_Soft_Component/printf/printf.o
 .group         0x00000000        0x8 ./07_Soft_Component/printf/printf.o
 .group         0x00000000        0x8 ./07_Soft_Component/printf/printf.o
 .text          0x00000000        0x0 ./07_Soft_Component/printf/printf.o
 .data          0x00000000        0x0 ./07_Soft_Component/printf/printf.o
 .bss           0x00000000        0x0 ./07_Soft_Component/printf/printf.o
 .debug_macro   0x00000000      0x7f6 ./07_Soft_Component/printf/printf.o
 .debug_macro   0x00000000       0x16 ./07_Soft_Component/printf/printf.o
 .debug_macro   0x00000000       0x16 ./07_Soft_Component/printf/printf.o
 .debug_macro   0x00000000       0x44 ./07_Soft_Component/printf/printf.o
 .debug_macro   0x00000000      0x209 ./07_Soft_Component/printf/printf.o
 .debug_macro   0x00000000       0x3a ./07_Soft_Component/printf/printf.o
 .debug_macro   0x00000000       0x3a ./07_Soft_Component/printf/printf.o
 .debug_macro   0x00000000       0x26 ./07_Soft_Component/printf/printf.o
 .debug_macro   0x00000000      0x306 ./07_Soft_Component/printf/printf.o
 .debug_macro   0x00000000       0x10 ./07_Soft_Component/printf/printf.o
 .debug_macro   0x00000000     0x839f ./07_Soft_Component/printf/printf.o
 .debug_macro   0x00000000       0x34 ./07_Soft_Component/printf/printf.o
 .debug_macro   0x00000000       0x9a ./07_Soft_Component/printf/printf.o
 .group         0x00000000        0x8 ./07_Soft_Component/common/common.o
 .group         0x00000000        0x8 ./07_Soft_Component/common/common.o
 .group         0x00000000        0x8 ./07_Soft_Component/common/common.o
 .group         0x00000000        0x8 ./07_Soft_Component/common/common.o
 .group         0x00000000        0x8 ./07_Soft_Component/common/common.o
 .group         0x00000000        0x8 ./07_Soft_Component/common/common.o
 .group         0x00000000        0x8 ./07_Soft_Component/common/common.o
 .group         0x00000000        0x8 ./07_Soft_Component/common/common.o
 .group         0x00000000        0x8 ./07_Soft_Component/common/common.o
 .group         0x00000000        0x8 ./07_Soft_Component/common/common.o
 .group         0x00000000        0x8 ./07_Soft_Component/common/common.o
 .group         0x00000000        0x8 ./07_Soft_Component/common/common.o
 .text          0x00000000        0x0 ./07_Soft_Component/common/common.o
 .data          0x00000000        0x0 ./07_Soft_Component/common/common.o
 .bss           0x00000000        0x0 ./07_Soft_Component/common/common.o
 .text.NVIC_DisableIRQ
                0x00000000       0x2c ./07_Soft_Component/common/common.o
 .text.NVIC_SetPriority
                0x00000000       0xe0 ./07_Soft_Component/common/common.o
 .bss.int_disable_level
                0x00000000        0x4 ./07_Soft_Component/common/common.o
 .text.init_critical
                0x00000000       0x14 ./07_Soft_Component/common/common.o
 .text.enter_critical
                0x00000000       0x20 ./07_Soft_Component/common/common.o
 .text.exit_critical
                0x00000000       0x28 ./07_Soft_Component/common/common.o
 .text.disable_irq
                0x00000000       0x30 ./07_Soft_Component/common/common.o
 .text.set_irq_priority
                0x00000000       0x60 ./07_Soft_Component/common/common.o
 .debug_macro   0x00000000      0x7f6 ./07_Soft_Component/common/common.o
 .debug_macro   0x00000000       0x16 ./07_Soft_Component/common/common.o
 .debug_macro   0x00000000       0x16 ./07_Soft_Component/common/common.o
 .debug_macro   0x00000000       0x44 ./07_Soft_Component/common/common.o
 .debug_macro   0x00000000      0x209 ./07_Soft_Component/common/common.o
 .debug_macro   0x00000000       0x3a ./07_Soft_Component/common/common.o
 .debug_macro   0x00000000       0x3a ./07_Soft_Component/common/common.o
 .debug_macro   0x00000000       0x26 ./07_Soft_Component/common/common.o
 .debug_macro   0x00000000      0x306 ./07_Soft_Component/common/common.o
 .debug_macro   0x00000000       0x10 ./07_Soft_Component/common/common.o
 .debug_macro   0x00000000     0x839f ./07_Soft_Component/common/common.o
 .debug_macro   0x00000000       0x34 ./07_Soft_Component/common/common.o
 .group         0x00000000        0x8 ./06_App_Component/usb/usb_device/usb_device.o
 .group         0x00000000        0x8 ./06_App_Component/usb/usb_device/usb_device.o
 .group         0x00000000        0x8 ./06_App_Component/usb/usb_device/usb_device.o
 .group         0x00000000        0x8 ./06_App_Component/usb/usb_device/usb_device.o
 .group         0x00000000        0x8 ./06_App_Component/usb/usb_device/usb_device.o
 .group         0x00000000        0x8 ./06_App_Component/usb/usb_device/usb_device.o
 .group         0x00000000        0x8 ./06_App_Component/usb/usb_device/usb_device.o
 .group         0x00000000        0x8 ./06_App_Component/usb/usb_device/usb_device.o
 .group         0x00000000        0x8 ./06_App_Component/usb/usb_device/usb_device.o
 .group         0x00000000        0x8 ./06_App_Component/usb/usb_device/usb_device.o
 .group         0x00000000        0x8 ./06_App_Component/usb/usb_device/usb_device.o
 .group         0x00000000        0x8 ./06_App_Component/usb/usb_device/usb_device.o
 .group         0x00000000        0x8 ./06_App_Component/usb/usb_device/usb_device.o
 .text          0x00000000        0x0 ./06_App_Component/usb/usb_device/usb_device.o
 .data          0x00000000        0x0 ./06_App_Component/usb/usb_device/usb_device.o
 .bss           0x00000000        0x0 ./06_App_Component/usb/usb_device/usb_device.o
 .debug_macro   0x00000000      0x7f6 ./06_App_Component/usb/usb_device/usb_device.o
 .debug_macro   0x00000000       0x16 ./06_App_Component/usb/usb_device/usb_device.o
 .debug_macro   0x00000000       0x16 ./06_App_Component/usb/usb_device/usb_device.o
 .debug_macro   0x00000000       0x44 ./06_App_Component/usb/usb_device/usb_device.o
 .debug_macro   0x00000000      0x209 ./06_App_Component/usb/usb_device/usb_device.o
 .debug_macro   0x00000000       0x3a ./06_App_Component/usb/usb_device/usb_device.o
 .debug_macro   0x00000000       0x3a ./06_App_Component/usb/usb_device/usb_device.o
 .debug_macro   0x00000000       0x26 ./06_App_Component/usb/usb_device/usb_device.o
 .debug_macro   0x00000000      0x306 ./06_App_Component/usb/usb_device/usb_device.o
 .debug_macro   0x00000000       0x10 ./06_App_Component/usb/usb_device/usb_device.o
 .debug_macro   0x00000000     0x839f ./06_App_Component/usb/usb_device/usb_device.o
 .debug_macro   0x00000000       0x34 ./06_App_Component/usb/usb_device/usb_device.o
 .debug_macro   0x00000000      0x77a ./06_App_Component/usb/usb_device/usb_device.o
 .group         0x00000000        0x8 ./06_App_Component/usb/usb_class/usb_class.o
 .group         0x00000000        0x8 ./06_App_Component/usb/usb_class/usb_class.o
 .group         0x00000000        0x8 ./06_App_Component/usb/usb_class/usb_class.o
 .group         0x00000000        0x8 ./06_App_Component/usb/usb_class/usb_class.o
 .group         0x00000000        0x8 ./06_App_Component/usb/usb_class/usb_class.o
 .group         0x00000000        0x8 ./06_App_Component/usb/usb_class/usb_class.o
 .group         0x00000000        0x8 ./06_App_Component/usb/usb_class/usb_class.o
 .group         0x00000000        0x8 ./06_App_Component/usb/usb_class/usb_class.o
 .group         0x00000000        0x8 ./06_App_Component/usb/usb_class/usb_class.o
 .group         0x00000000        0x8 ./06_App_Component/usb/usb_class/usb_class.o
 .group         0x00000000        0x8 ./06_App_Component/usb/usb_class/usb_class.o
 .group         0x00000000        0x8 ./06_App_Component/usb/usb_class/usb_class.o
 .group         0x00000000        0x8 ./06_App_Component/usb/usb_class/usb_class.o
 .group         0x00000000        0x8 ./06_App_Component/usb/usb_class/usb_class.o
 .group         0x00000000        0x8 ./06_App_Component/usb/usb_class/usb_class.o
 .text          0x00000000        0x0 ./06_App_Component/usb/usb_class/usb_class.o
 .data          0x00000000        0x0 ./06_App_Component/usb/usb_class/usb_class.o
 .bss           0x00000000        0x0 ./06_App_Component/usb/usb_class/usb_class.o
 .text.USB_Class_Write_nSector
                0x00000000       0x68 ./06_App_Component/usb/usb_class/usb_class.o
 .text.znFAT_Device_Clear_nSector
                0x00000000       0x94 ./06_App_Component/usb/usb_class/usb_class.o
 .debug_macro   0x00000000      0x7f6 ./06_App_Component/usb/usb_class/usb_class.o
 .debug_macro   0x00000000       0x40 ./06_App_Component/usb/usb_class/usb_class.o
 .debug_macro   0x00000000       0x88 ./06_App_Component/usb/usb_class/usb_class.o
 .debug_macro   0x00000000       0x16 ./06_App_Component/usb/usb_class/usb_class.o
 .debug_macro   0x00000000       0x16 ./06_App_Component/usb/usb_class/usb_class.o
 .debug_macro   0x00000000       0x44 ./06_App_Component/usb/usb_class/usb_class.o
 .debug_macro   0x00000000      0x209 ./06_App_Component/usb/usb_class/usb_class.o
 .debug_macro   0x00000000       0x3a ./06_App_Component/usb/usb_class/usb_class.o
 .debug_macro   0x00000000       0x3a ./06_App_Component/usb/usb_class/usb_class.o
 .debug_macro   0x00000000       0x26 ./06_App_Component/usb/usb_class/usb_class.o
 .debug_macro   0x00000000      0x306 ./06_App_Component/usb/usb_class/usb_class.o
 .debug_macro   0x00000000       0x10 ./06_App_Component/usb/usb_class/usb_class.o
 .debug_macro   0x00000000     0x839f ./06_App_Component/usb/usb_class/usb_class.o
 .debug_macro   0x00000000       0x34 ./06_App_Component/usb/usb_class/usb_class.o
 .debug_macro   0x00000000      0x77a ./06_App_Component/usb/usb_class/usb_class.o
 .group         0x00000000        0x8 ./06_App_Component/usb/fatfs/znfat.o
 .group         0x00000000        0x8 ./06_App_Component/usb/fatfs/znfat.o
 .group         0x00000000        0x8 ./06_App_Component/usb/fatfs/znfat.o
 .group         0x00000000        0x8 ./06_App_Component/usb/fatfs/znfat.o
 .group         0x00000000        0x8 ./06_App_Component/usb/fatfs/znfat.o
 .group         0x00000000        0x8 ./06_App_Component/usb/fatfs/znfat.o
 .group         0x00000000        0x8 ./06_App_Component/usb/fatfs/znfat.o
 .group         0x00000000        0x8 ./06_App_Component/usb/fatfs/znfat.o
 .group         0x00000000        0x8 ./06_App_Component/usb/fatfs/znfat.o
 .group         0x00000000        0x8 ./06_App_Component/usb/fatfs/znfat.o
 .group         0x00000000        0x8 ./06_App_Component/usb/fatfs/znfat.o
 .group         0x00000000        0x8 ./06_App_Component/usb/fatfs/znfat.o
 .group         0x00000000        0x8 ./06_App_Component/usb/fatfs/znfat.o
 .group         0x00000000        0x8 ./06_App_Component/usb/fatfs/znfat.o
 .group         0x00000000        0x8 ./06_App_Component/usb/fatfs/znfat.o
 .group         0x00000000        0x8 ./06_App_Component/usb/fatfs/znfat.o
 .group         0x00000000        0x8 ./06_App_Component/usb/fatfs/znfat.o
 .group         0x00000000        0x8 ./06_App_Component/usb/fatfs/znfat.o
 .group         0x00000000        0x8 ./06_App_Component/usb/fatfs/znfat.o
 .text          0x00000000        0x0 ./06_App_Component/usb/fatfs/znfat.o
 .data          0x00000000        0x0 ./06_App_Component/usb/fatfs/znfat.o
 .bss           0x00000000        0x0 ./06_App_Component/usb/fatfs/znfat.o
 .rodata._dbr   0x00000000      0x200 ./06_App_Component/usb/fatfs/znfat.o
 .rodata._fsinfo_1
                0x00000000        0x4 ./06_App_Component/usb/fatfs/znfat.o
 .rodata._fsinfo_2
                0x00000000       0x1c ./06_App_Component/usb/fatfs/znfat.o
 .rodata._1stsec
                0x00000000       0x1c ./06_App_Component/usb/fatfs/znfat.o
 .rodata._fatsec
                0x00000000        0xc ./06_App_Component/usb/fatfs/znfat.o
 .text.znFAT_WriteData
                0x00000000      0x554 ./06_App_Component/usb/fatfs/znfat.o
 .text.znFAT_Delete_File
                0x00000000      0x150 ./06_App_Component/usb/fatfs/znfat.o
 .text.znFAT_Create_File
                0x00000000      0x2b4 ./06_App_Component/usb/fatfs/znfat.o
 .text.znFAT_Delete_Dir
                0x00000000      0x1f0 ./06_App_Component/usb/fatfs/znfat.o
 .text.znFAT_Create_Dir
                0x00000000      0x114 ./06_App_Component/usb/fatfs/znfat.o
 .text.StringCopy
                0x00000000       0x64 ./06_App_Component/usb/fatfs/znfat.o
 .text.PGM_BYTE_FUN
                0x00000000       0x14 ./06_App_Component/usb/fatfs/znfat.o
 .text.PGM_DWORD_FUN
                0x00000000       0x14 ./06_App_Component/usb/fatfs/znfat.o
 .text.PGM2RAM  0x00000000       0x44 ./06_App_Component/usb/fatfs/znfat.o
 .text.Modify_FAT
                0x00000000      0x150 ./06_App_Component/usb/fatfs/znfat.o
 .text.Clear_Cluster
                0x00000000       0x38 ./06_App_Component/usb/fatfs/znfat.o
 .text.Update_Next_Free_Cluster
                0x00000000      0x15c ./06_App_Component/usb/fatfs/znfat.o
 .text.ELFHash  0x00000000       0x5c ./06_App_Component/usb/fatfs/znfat.o
 .text.Hex2Str_32b
                0x00000000       0xac ./06_App_Component/usb/fatfs/znfat.o
 .text.Make_Short_Name
                0x00000000       0x58 ./06_App_Component/usb/fatfs/znfat.o
 .text.Fill_LFN_FDI
                0x00000000      0x3d8 ./06_App_Component/usb/fatfs/znfat.o
 .text.Register_LFN_FDI
                0x00000000      0x70c ./06_App_Component/usb/fatfs/znfat.o
 .text.Fill_FDI
                0x00000000      0x488 ./06_App_Component/usb/fatfs/znfat.o
 .text.Register_FDI
                0x00000000      0x210 ./06_App_Component/usb/fatfs/znfat.o
 .text.Create_Dir_In_Cluster
                0x00000000      0x2e8 ./06_App_Component/usb/fatfs/znfat.o
 .text.Destroy_FAT_Chain
                0x00000000      0x1cc ./06_App_Component/usb/fatfs/znfat.o
 .text.Destroy_FDI
                0x00000000       0x48 ./06_App_Component/usb/fatfs/znfat.o
 .text.Have_Any_SubDir_With_Del_ForeFile
                0x00000000      0x1ec ./06_App_Component/usb/fatfs/znfat.o
 .text.Enter_Deep_Ahead_Dir
                0x00000000       0x34 ./06_App_Component/usb/fatfs/znfat.o
 .text.Get_Upper_Dir
                0x00000000       0x90 ./06_App_Component/usb/fatfs/znfat.o
 .text.Get_Recmd_szClu
                0x00000000       0xf0 ./06_App_Component/usb/fatfs/znfat.o
 .text.znFAT_Make_FS
                0x00000000      0x260 ./06_App_Component/usb/fatfs/znfat.o
 .text.Update_File_sClust
                0x00000000       0x8c ./06_App_Component/usb/fatfs/znfat.o
 .text.Create_Cluster_Chain
                0x00000000      0x738 ./06_App_Component/usb/fatfs/znfat.o
 .text.WriteData_From_nCluster
                0x00000000      0x3a8 ./06_App_Component/usb/fatfs/znfat.o
 .text.znFAT_Dump_Data
                0x00000000       0x74 ./06_App_Component/usb/fatfs/znfat.o
 .debug_macro   0x00000000      0x7f6 ./06_App_Component/usb/fatfs/znfat.o
 .debug_macro   0x00000000       0x40 ./06_App_Component/usb/fatfs/znfat.o
 .debug_macro   0x00000000       0x88 ./06_App_Component/usb/fatfs/znfat.o
 .debug_macro   0x00000000      0x57a ./06_App_Component/usb/fatfs/znfat.o
 .debug_macro   0x00000000      0x191 ./06_App_Component/usb/fatfs/znfat.o
 .debug_macro   0x00000000       0x16 ./06_App_Component/usb/fatfs/znfat.o
 .debug_macro   0x00000000       0x16 ./06_App_Component/usb/fatfs/znfat.o
 .debug_macro   0x00000000       0x44 ./06_App_Component/usb/fatfs/znfat.o
 .debug_macro   0x00000000      0x209 ./06_App_Component/usb/fatfs/znfat.o
 .debug_macro   0x00000000       0x3a ./06_App_Component/usb/fatfs/znfat.o
 .debug_macro   0x00000000       0x3a ./06_App_Component/usb/fatfs/znfat.o
 .debug_macro   0x00000000       0x26 ./06_App_Component/usb/fatfs/znfat.o
 .debug_macro   0x00000000      0x306 ./06_App_Component/usb/fatfs/znfat.o
 .debug_macro   0x00000000       0x10 ./06_App_Component/usb/fatfs/znfat.o
 .debug_macro   0x00000000     0x839f ./06_App_Component/usb/fatfs/znfat.o
 .debug_macro   0x00000000       0x34 ./06_App_Component/usb/fatfs/znfat.o
 .debug_macro   0x00000000       0x34 ./06_App_Component/usb/fatfs/znfat.o
 .debug_macro   0x00000000       0x9a ./06_App_Component/usb/fatfs/znfat.o
 .group         0x00000000        0x8 ./06_App_Component/light/light.o
 .group         0x00000000        0x8 ./06_App_Component/light/light.o
 .group         0x00000000        0x8 ./06_App_Component/light/light.o
 .group         0x00000000        0x8 ./06_App_Component/light/light.o
 .group         0x00000000        0x8 ./06_App_Component/light/light.o
 .group         0x00000000        0x8 ./06_App_Component/light/light.o
 .group         0x00000000        0x8 ./06_App_Component/light/light.o
 .group         0x00000000        0x8 ./06_App_Component/light/light.o
 .group         0x00000000        0x8 ./06_App_Component/light/light.o
 .group         0x00000000        0x8 ./06_App_Component/light/light.o
 .group         0x00000000        0x8 ./06_App_Component/light/light.o
 .group         0x00000000        0x8 ./06_App_Component/light/light.o
 .group         0x00000000        0x8 ./06_App_Component/light/light.o
 .group         0x00000000        0x8 ./06_App_Component/light/light.o
 .text          0x00000000        0x0 ./06_App_Component/light/light.o
 .data          0x00000000        0x0 ./06_App_Component/light/light.o
 .bss           0x00000000        0x0 ./06_App_Component/light/light.o
 .text.light_control
                0x00000000       0x28 ./06_App_Component/light/light.o
 .debug_macro   0x00000000      0x7f6 ./06_App_Component/light/light.o
 .debug_macro   0x00000000       0x16 ./06_App_Component/light/light.o
 .debug_macro   0x00000000       0x16 ./06_App_Component/light/light.o
 .debug_macro   0x00000000       0x44 ./06_App_Component/light/light.o
 .debug_macro   0x00000000      0x209 ./06_App_Component/light/light.o
 .debug_macro   0x00000000       0x3a ./06_App_Component/light/light.o
 .debug_macro   0x00000000       0x3a ./06_App_Component/light/light.o
 .debug_macro   0x00000000       0x26 ./06_App_Component/light/light.o
 .debug_macro   0x00000000      0x306 ./06_App_Component/light/light.o
 .debug_macro   0x00000000       0x10 ./06_App_Component/light/light.o
 .debug_macro   0x00000000     0x839f ./06_App_Component/light/light.o
 .debug_macro   0x00000000       0x34 ./06_App_Component/light/light.o
 .debug_macro   0x00000000       0x52 ./06_App_Component/light/light.o
 .group         0x00000000        0x8 ./05_Driver/usb_host/usb_host.o
 .group         0x00000000        0x8 ./05_Driver/usb_host/usb_host.o
 .group         0x00000000        0x8 ./05_Driver/usb_host/usb_host.o
 .group         0x00000000        0x8 ./05_Driver/usb_host/usb_host.o
 .group         0x00000000        0x8 ./05_Driver/usb_host/usb_host.o
 .group         0x00000000        0x8 ./05_Driver/usb_host/usb_host.o
 .group         0x00000000        0x8 ./05_Driver/usb_host/usb_host.o
 .group         0x00000000        0x8 ./05_Driver/usb_host/usb_host.o
 .group         0x00000000        0x8 ./05_Driver/usb_host/usb_host.o
 .group         0x00000000        0x8 ./05_Driver/usb_host/usb_host.o
 .group         0x00000000        0x8 ./05_Driver/usb_host/usb_host.o
 .group         0x00000000        0x8 ./05_Driver/usb_host/usb_host.o
 .group         0x00000000        0x8 ./05_Driver/usb_host/usb_host.o
 .text          0x00000000        0x0 ./05_Driver/usb_host/usb_host.o
 .data          0x00000000        0x0 ./05_Driver/usb_host/usb_host.o
 .bss           0x00000000        0x0 ./05_Driver/usb_host/usb_host.o
 .data.Stat     0x00000000        0x1 ./05_Driver/usb_host/usb_host.o
 .text.scsi_init
                0x00000000       0x1c ./05_Driver/usb_host/usb_host.o
 .text.scsi_close_device
                0x00000000       0x1c ./05_Driver/usb_host/usb_host.o
 .text.scsi_get_sectors_no
                0x00000000       0x14 ./05_Driver/usb_host/usb_host.o
 .text.scsi_get_sectors_size
                0x00000000       0x14 ./05_Driver/usb_host/usb_host.o
 .text.GetMSTStat
                0x00000000       0x14 ./05_Driver/usb_host/usb_host.o
 .text.SetMSTStat
                0x00000000       0x20 ./05_Driver/usb_host/usb_host.o
 .debug_macro   0x00000000      0x7f6 ./05_Driver/usb_host/usb_host.o
 .debug_macro   0x00000000       0x16 ./05_Driver/usb_host/usb_host.o
 .debug_macro   0x00000000       0x16 ./05_Driver/usb_host/usb_host.o
 .debug_macro   0x00000000       0x44 ./05_Driver/usb_host/usb_host.o
 .debug_macro   0x00000000      0x209 ./05_Driver/usb_host/usb_host.o
 .debug_macro   0x00000000       0x3a ./05_Driver/usb_host/usb_host.o
 .debug_macro   0x00000000       0x3a ./05_Driver/usb_host/usb_host.o
 .debug_macro   0x00000000       0x26 ./05_Driver/usb_host/usb_host.o
 .debug_macro   0x00000000      0x306 ./05_Driver/usb_host/usb_host.o
 .debug_macro   0x00000000       0x10 ./05_Driver/usb_host/usb_host.o
 .debug_macro   0x00000000     0x839f ./05_Driver/usb_host/usb_host.o
 .debug_macro   0x00000000       0x34 ./05_Driver/usb_host/usb_host.o
 .debug_macro   0x00000000      0x77a ./05_Driver/usb_host/usb_host.o
 .group         0x00000000        0x8 ./05_Driver/uart/uart.o
 .group         0x00000000        0x8 ./05_Driver/uart/uart.o
 .group         0x00000000        0x8 ./05_Driver/uart/uart.o
 .group         0x00000000        0x8 ./05_Driver/uart/uart.o
 .group         0x00000000        0x8 ./05_Driver/uart/uart.o
 .group         0x00000000        0x8 ./05_Driver/uart/uart.o
 .group         0x00000000        0x8 ./05_Driver/uart/uart.o
 .group         0x00000000        0x8 ./05_Driver/uart/uart.o
 .group         0x00000000        0x8 ./05_Driver/uart/uart.o
 .group         0x00000000        0x8 ./05_Driver/uart/uart.o
 .group         0x00000000        0x8 ./05_Driver/uart/uart.o
 .group         0x00000000        0x8 ./05_Driver/uart/uart.o
 .group         0x00000000        0x8 ./05_Driver/uart/uart.o
 .text          0x00000000        0x0 ./05_Driver/uart/uart.o
 .data          0x00000000        0x0 ./05_Driver/uart/uart.o
 .bss           0x00000000        0x0 ./05_Driver/uart/uart.o
 .text.NVIC_DisableIRQ
                0x00000000       0x2c ./05_Driver/uart/uart.o
 .text.uart_sendN
                0x00000000       0x78 ./05_Driver/uart/uart.o
 .text.uart_send_string
                0x00000000       0x70 ./05_Driver/uart/uart.o
 .text.uart_reN
                0x00000000       0x88 ./05_Driver/uart/uart.o
 .text.uart_disable_re_int
                0x00000000       0x6c ./05_Driver/uart/uart.o
 .debug_macro   0x00000000      0x7f6 ./05_Driver/uart/uart.o
 .debug_macro   0x00000000       0x16 ./05_Driver/uart/uart.o
 .debug_macro   0x00000000       0x16 ./05_Driver/uart/uart.o
 .debug_macro   0x00000000       0x44 ./05_Driver/uart/uart.o
 .debug_macro   0x00000000      0x209 ./05_Driver/uart/uart.o
 .debug_macro   0x00000000       0x3a ./05_Driver/uart/uart.o
 .debug_macro   0x00000000       0x3a ./05_Driver/uart/uart.o
 .debug_macro   0x00000000       0x26 ./05_Driver/uart/uart.o
 .debug_macro   0x00000000      0x306 ./05_Driver/uart/uart.o
 .debug_macro   0x00000000       0x10 ./05_Driver/uart/uart.o
 .debug_macro   0x00000000     0x839f ./05_Driver/uart/uart.o
 .debug_macro   0x00000000       0x34 ./05_Driver/uart/uart.o
 .debug_macro   0x00000000       0x34 ./05_Driver/uart/uart.o
 .group         0x00000000        0x8 ./05_Driver/gpio/gpio.o
 .group         0x00000000        0x8 ./05_Driver/gpio/gpio.o
 .group         0x00000000        0x8 ./05_Driver/gpio/gpio.o
 .group         0x00000000        0x8 ./05_Driver/gpio/gpio.o
 .group         0x00000000        0x8 ./05_Driver/gpio/gpio.o
 .group         0x00000000        0x8 ./05_Driver/gpio/gpio.o
 .group         0x00000000        0x8 ./05_Driver/gpio/gpio.o
 .group         0x00000000        0x8 ./05_Driver/gpio/gpio.o
 .group         0x00000000        0x8 ./05_Driver/gpio/gpio.o
 .group         0x00000000        0x8 ./05_Driver/gpio/gpio.o
 .group         0x00000000        0x8 ./05_Driver/gpio/gpio.o
 .group         0x00000000        0x8 ./05_Driver/gpio/gpio.o
 .group         0x00000000        0x8 ./05_Driver/gpio/gpio.o
 .text          0x00000000        0x0 ./05_Driver/gpio/gpio.o
 .data          0x00000000        0x0 ./05_Driver/gpio/gpio.o
 .bss           0x00000000        0x0 ./05_Driver/gpio/gpio.o
 .text.gpio_get
                0x00000000       0x54 ./05_Driver/gpio/gpio.o
 .text.gpio_pull
                0x00000000      0x118 ./05_Driver/gpio/gpio.o
 .text.gpio_enable_int
                0x00000000       0xb0 ./05_Driver/gpio/gpio.o
 .text.gpio_disable_int
                0x00000000       0x80 ./05_Driver/gpio/gpio.o
 .text.gpio_drive_strength
                0x00000000       0xb4 ./05_Driver/gpio/gpio.o
 .debug_macro   0x00000000      0x7f6 ./05_Driver/gpio/gpio.o
 .debug_macro   0x00000000       0x16 ./05_Driver/gpio/gpio.o
 .debug_macro   0x00000000       0x16 ./05_Driver/gpio/gpio.o
 .debug_macro   0x00000000       0x44 ./05_Driver/gpio/gpio.o
 .debug_macro   0x00000000      0x209 ./05_Driver/gpio/gpio.o
 .debug_macro   0x00000000       0x3a ./05_Driver/gpio/gpio.o
 .debug_macro   0x00000000       0x3a ./05_Driver/gpio/gpio.o
 .debug_macro   0x00000000       0x26 ./05_Driver/gpio/gpio.o
 .debug_macro   0x00000000      0x306 ./05_Driver/gpio/gpio.o
 .debug_macro   0x00000000       0x10 ./05_Driver/gpio/gpio.o
 .debug_macro   0x00000000     0x839f ./05_Driver/gpio/gpio.o
 .debug_macro   0x00000000       0x34 ./05_Driver/gpio/gpio.o
 .data          0x00000000        0x0 ./03_MCU/startup_MKL25Z4.o
 .bss           0x00000000        0x0 ./03_MCU/startup_MKL25Z4.o
 .group         0x00000000        0x8 ./03_MCU/system_MKL25Z4.o
 .group         0x00000000        0x8 ./03_MCU/system_MKL25Z4.o
 .group         0x00000000        0x8 ./03_MCU/system_MKL25Z4.o
 .group         0x00000000        0x8 ./03_MCU/system_MKL25Z4.o
 .group         0x00000000        0x8 ./03_MCU/system_MKL25Z4.o
 .group         0x00000000        0x8 ./03_MCU/system_MKL25Z4.o
 .group         0x00000000        0x8 ./03_MCU/system_MKL25Z4.o
 .group         0x00000000        0x8 ./03_MCU/system_MKL25Z4.o
 .group         0x00000000        0x8 ./03_MCU/system_MKL25Z4.o
 .group         0x00000000        0x8 ./03_MCU/system_MKL25Z4.o
 .text          0x00000000        0x0 ./03_MCU/system_MKL25Z4.o
 .data          0x00000000        0x0 ./03_MCU/system_MKL25Z4.o
 .bss           0x00000000        0x0 ./03_MCU/system_MKL25Z4.o
 .debug_macro   0x00000000      0x7f6 ./03_MCU/system_MKL25Z4.o
 .debug_macro   0x00000000       0x16 ./03_MCU/system_MKL25Z4.o
 .debug_macro   0x00000000       0x44 ./03_MCU/system_MKL25Z4.o
 .debug_macro   0x00000000      0x209 ./03_MCU/system_MKL25Z4.o
 .debug_macro   0x00000000       0x3a ./03_MCU/system_MKL25Z4.o
 .debug_macro   0x00000000       0x26 ./03_MCU/system_MKL25Z4.o
 .debug_macro   0x00000000      0x306 ./03_MCU/system_MKL25Z4.o
 .debug_macro   0x00000000       0x10 ./03_MCU/system_MKL25Z4.o
 .debug_macro   0x00000000     0x839f ./03_MCU/system_MKL25Z4.o
 .data          0x00000000        0x0 d:/freescale/kds_3.0.0/toolchain/bin/../lib/gcc/arm-none-eabi/4.8.4/armv6-m\libgcc.a(_udivsi3.o)
 .bss           0x00000000        0x0 d:/freescale/kds_3.0.0/toolchain/bin/../lib/gcc/arm-none-eabi/4.8.4/armv6-m\libgcc.a(_udivsi3.o)
 .data          0x00000000        0x0 d:/freescale/kds_3.0.0/toolchain/bin/../lib/gcc/arm-none-eabi/4.8.4/armv6-m\libgcc.a(_divsi3.o)
 .bss           0x00000000        0x0 d:/freescale/kds_3.0.0/toolchain/bin/../lib/gcc/arm-none-eabi/4.8.4/armv6-m\libgcc.a(_divsi3.o)
 .data          0x00000000        0x0 d:/freescale/kds_3.0.0/toolchain/bin/../lib/gcc/arm-none-eabi/4.8.4/armv6-m\libgcc.a(_dvmd_tls.o)
 .bss           0x00000000        0x0 d:/freescale/kds_3.0.0/toolchain/bin/../lib/gcc/arm-none-eabi/4.8.4/armv6-m\libgcc.a(_dvmd_tls.o)
 .data          0x00000000        0x0 d:/freescale/kds_3.0.0/toolchain/bin/../lib/gcc/arm-none-eabi/4.8.4/armv6-m\libgcc.a(_arm_cmpdf2.o)
 .bss           0x00000000        0x0 d:/freescale/kds_3.0.0/toolchain/bin/../lib/gcc/arm-none-eabi/4.8.4/armv6-m\libgcc.a(_arm_cmpdf2.o)
 .data          0x00000000        0x0 d:/freescale/kds_3.0.0/toolchain/bin/../lib/gcc/arm-none-eabi/4.8.4/armv6-m\libgcc.a(_aeabi_uldivmod.o)
 .bss           0x00000000        0x0 d:/freescale/kds_3.0.0/toolchain/bin/../lib/gcc/arm-none-eabi/4.8.4/armv6-m\libgcc.a(_aeabi_uldivmod.o)
 .data          0x00000000        0x0 d:/freescale/kds_3.0.0/toolchain/bin/../lib/gcc/arm-none-eabi/4.8.4/armv6-m\libgcc.a(_fixunsdfsi.o)
 .bss           0x00000000        0x0 d:/freescale/kds_3.0.0/toolchain/bin/../lib/gcc/arm-none-eabi/4.8.4/armv6-m\libgcc.a(_fixunsdfsi.o)
 .data          0x00000000        0x0 d:/freescale/kds_3.0.0/toolchain/bin/../lib/gcc/arm-none-eabi/4.8.4/armv6-m\libgcc.a(_fixunsdfdi.o)
 .bss           0x00000000        0x0 d:/freescale/kds_3.0.0/toolchain/bin/../lib/gcc/arm-none-eabi/4.8.4/armv6-m\libgcc.a(_fixunsdfdi.o)
 .data          0x00000000        0x0 d:/freescale/kds_3.0.0/toolchain/bin/../lib/gcc/arm-none-eabi/4.8.4/armv6-m\libgcc.a(bpabi.o)
 .bss           0x00000000        0x0 d:/freescale/kds_3.0.0/toolchain/bin/../lib/gcc/arm-none-eabi/4.8.4/armv6-m\libgcc.a(bpabi.o)
 .data          0x00000000        0x0 d:/freescale/kds_3.0.0/toolchain/bin/../lib/gcc/arm-none-eabi/4.8.4/armv6-m\libgcc.a(eqdf2.o)
 .bss           0x00000000        0x0 d:/freescale/kds_3.0.0/toolchain/bin/../lib/gcc/arm-none-eabi/4.8.4/armv6-m\libgcc.a(eqdf2.o)
 .data          0x00000000        0x0 d:/freescale/kds_3.0.0/toolchain/bin/../lib/gcc/arm-none-eabi/4.8.4/armv6-m\libgcc.a(gedf2.o)
 .bss           0x00000000        0x0 d:/freescale/kds_3.0.0/toolchain/bin/../lib/gcc/arm-none-eabi/4.8.4/armv6-m\libgcc.a(gedf2.o)
 .data          0x00000000        0x0 d:/freescale/kds_3.0.0/toolchain/bin/../lib/gcc/arm-none-eabi/4.8.4/armv6-m\libgcc.a(ledf2.o)
 .bss           0x00000000        0x0 d:/freescale/kds_3.0.0/toolchain/bin/../lib/gcc/arm-none-eabi/4.8.4/armv6-m\libgcc.a(ledf2.o)
 .data          0x00000000        0x0 d:/freescale/kds_3.0.0/toolchain/bin/../lib/gcc/arm-none-eabi/4.8.4/armv6-m\libgcc.a(muldf3.o)
 .bss           0x00000000        0x0 d:/freescale/kds_3.0.0/toolchain/bin/../lib/gcc/arm-none-eabi/4.8.4/armv6-m\libgcc.a(muldf3.o)
 .data          0x00000000        0x0 d:/freescale/kds_3.0.0/toolchain/bin/../lib/gcc/arm-none-eabi/4.8.4/armv6-m\libgcc.a(subdf3.o)
 .bss           0x00000000        0x0 d:/freescale/kds_3.0.0/toolchain/bin/../lib/gcc/arm-none-eabi/4.8.4/armv6-m\libgcc.a(subdf3.o)
 .data          0x00000000        0x0 d:/freescale/kds_3.0.0/toolchain/bin/../lib/gcc/arm-none-eabi/4.8.4/armv6-m\libgcc.a(fixdfsi.o)
 .bss           0x00000000        0x0 d:/freescale/kds_3.0.0/toolchain/bin/../lib/gcc/arm-none-eabi/4.8.4/armv6-m\libgcc.a(fixdfsi.o)
 .data          0x00000000        0x0 d:/freescale/kds_3.0.0/toolchain/bin/../lib/gcc/arm-none-eabi/4.8.4/armv6-m\libgcc.a(floatunsidf.o)
 .bss           0x00000000        0x0 d:/freescale/kds_3.0.0/toolchain/bin/../lib/gcc/arm-none-eabi/4.8.4/armv6-m\libgcc.a(floatunsidf.o)
 .data          0x00000000        0x0 d:/freescale/kds_3.0.0/toolchain/bin/../lib/gcc/arm-none-eabi/4.8.4/armv6-m\libgcc.a(_clzsi2.o)
 .bss           0x00000000        0x0 d:/freescale/kds_3.0.0/toolchain/bin/../lib/gcc/arm-none-eabi/4.8.4/armv6-m\libgcc.a(_clzsi2.o)
 .data          0x00000000        0x0 d:/freescale/kds_3.0.0/toolchain/bin/../lib/gcc/arm-none-eabi/4.8.4/armv6-m\libgcc.a(_muldi3.o)
 .bss           0x00000000        0x0 d:/freescale/kds_3.0.0/toolchain/bin/../lib/gcc/arm-none-eabi/4.8.4/armv6-m\libgcc.a(_muldi3.o)
 .data          0x00000000        0x0 d:/freescale/kds_3.0.0/toolchain/bin/../lib/gcc/arm-none-eabi/4.8.4/armv6-m\libgcc.a(_divdi3.o)
 .bss           0x00000000        0x0 d:/freescale/kds_3.0.0/toolchain/bin/../lib/gcc/arm-none-eabi/4.8.4/armv6-m\libgcc.a(_divdi3.o)
 .ARM.extab     0x00000000        0x0 d:/freescale/kds_3.0.0/toolchain/bin/../lib/gcc/arm-none-eabi/4.8.4/armv6-m\libgcc.a(_divdi3.o)
 .data          0x00000000        0x0 d:/freescale/kds_3.0.0/toolchain/bin/../lib/gcc/arm-none-eabi/4.8.4/armv6-m\libgcc.a(_udivdi3.o)
 .bss           0x00000000        0x0 d:/freescale/kds_3.0.0/toolchain/bin/../lib/gcc/arm-none-eabi/4.8.4/armv6-m\libgcc.a(_udivdi3.o)
 .ARM.extab     0x00000000        0x0 d:/freescale/kds_3.0.0/toolchain/bin/../lib/gcc/arm-none-eabi/4.8.4/armv6-m\libgcc.a(_udivdi3.o)
 .text          0x00000000        0x0 d:/freescale/kds_3.0.0/toolchain/bin/../lib/gcc/arm-none-eabi/4.8.4/../../../../arm-none-eabi/lib/armv6-m\libg.a(lib_a-memcpy-stub.o)
 .data          0x00000000        0x0 d:/freescale/kds_3.0.0/toolchain/bin/../lib/gcc/arm-none-eabi/4.8.4/../../../../arm-none-eabi/lib/armv6-m\libg.a(lib_a-memcpy-stub.o)
 .bss           0x00000000        0x0 d:/freescale/kds_3.0.0/toolchain/bin/../lib/gcc/arm-none-eabi/4.8.4/../../../../arm-none-eabi/lib/armv6-m\libg.a(lib_a-memcpy-stub.o)
 .text          0x00000000        0x0 d:/freescale/kds_3.0.0/toolchain/bin/../lib/gcc/arm-none-eabi/4.8.4/../../../../arm-none-eabi/lib/armv6-m\libg.a(lib_a-memset.o)
 .data          0x00000000        0x0 d:/freescale/kds_3.0.0/toolchain/bin/../lib/gcc/arm-none-eabi/4.8.4/../../../../arm-none-eabi/lib/armv6-m\libg.a(lib_a-memset.o)
 .bss           0x00000000        0x0 d:/freescale/kds_3.0.0/toolchain/bin/../lib/gcc/arm-none-eabi/4.8.4/../../../../arm-none-eabi/lib/armv6-m\libg.a(lib_a-memset.o)
 .text          0x00000000        0x0 d:/freescale/kds_3.0.0/toolchain/bin/../lib/gcc/arm-none-eabi/4.8.4/../../../../arm-none-eabi/lib/armv6-m\libg.a(lib_a-strlen.o)
 .data          0x00000000        0x0 d:/freescale/kds_3.0.0/toolchain/bin/../lib/gcc/arm-none-eabi/4.8.4/../../../../arm-none-eabi/lib/armv6-m\libg.a(lib_a-strlen.o)
 .bss           0x00000000        0x0 d:/freescale/kds_3.0.0/toolchain/bin/../lib/gcc/arm-none-eabi/4.8.4/../../../../arm-none-eabi/lib/armv6-m\libg.a(lib_a-strlen.o)

Memory Configuration

Name             Origin             Length             Attributes
m_interrupts     0x00000000         0x00000100         xr
m_flash_config   0x00000400         0x00000010         xr
//m_text         0x00000410         0x0001fbf0         xr
m_text           0x00000800         0x0001f7ff         xr
m_data           0x1ffff000         0x00004000         rw
*default*        0x00000000         0xffffffff

Linker script and memory map

LOAD ./08_Source/isr.o
LOAD ./08_Source/main.o
LOAD ./07_Soft_Component/printf/printf.o
LOAD ./07_Soft_Component/common/common.o
LOAD ./06_App_Component/usb/usb_device/usb_device.o
LOAD ./06_App_Component/usb/usb_class/usb_class.o
LOAD ./06_App_Component/usb/fatfs/znfat.o
LOAD ./06_App_Component/light/light.o
LOAD ./05_Driver/usb_host/usb_host.o
LOAD ./05_Driver/uart/uart.o
LOAD ./05_Driver/gpio/gpio.o
LOAD ./03_MCU/startup_MKL25Z4.o
LOAD ./03_MCU/system_MKL25Z4.o
LOAD d:/freescale/kds_3.0.0/toolchain/bin/../lib/gcc/arm-none-eabi/4.8.4/armv6-m\libgcc.a
LOAD d:/freescale/kds_3.0.0/toolchain/bin/../lib/gcc/arm-none-eabi/4.8.4/../../../../arm-none-eabi/lib/armv6-m\libstdc++.a
LOAD d:/freescale/kds_3.0.0/toolchain/bin/../lib/gcc/arm-none-eabi/4.8.4/../../../../arm-none-eabi/lib/armv6-m\libm.a
START GROUP
LOAD d:/freescale/kds_3.0.0/toolchain/bin/../lib/gcc/arm-none-eabi/4.8.4/armv6-m\libgcc.a
LOAD d:/freescale/kds_3.0.0/toolchain/bin/../lib/gcc/arm-none-eabi/4.8.4/../../../../arm-none-eabi/lib/armv6-m\libg.a
LOAD d:/freescale/kds_3.0.0/toolchain/bin/../lib/gcc/arm-none-eabi/4.8.4/../../../../arm-none-eabi/lib/armv6-m\libc.a
END GROUP
                0x00000400                HEAP_SIZE = DEFINED (__heap_size__)?__heap_size__:0x400
                0x00000400                STACK_SIZE = DEFINED (__stack_size__)?__stack_size__:0x400

.interrupts     0x00000000       0xc0
                0x00000000                __VECTOR_TABLE = .
                0x00000000                . = ALIGN (0x4)
 *(.isr_vector)
 .isr_vector    0x00000000       0xc0 ./03_MCU/startup_MKL25Z4.o
                0x00000000                __isr_vector
                0x000000c0                . = ALIGN (0x4)

.flash_config   0x00000400       0x10
                0x00000400                . = ALIGN (0x4)
 *(.FlashConfig)
 .FlashConfig   0x00000400       0x10 ./03_MCU/startup_MKL25Z4.o
                0x00000410                . = ALIGN (0x4)

.text           0x00000800     0xfff0
                0x00000800                . = ALIGN (0x4)
 *(.text)
 .text          0x00000800       0x4c ./03_MCU/startup_MKL25Z4.o
                0x00000800                Reset_Handler
                0x00000844                HardFault_Handler
                0x00000844                SysTick_Handler
                0x00000844                PendSV_Handler
                0x00000844                NMI_Handler
                0x00000844                I2C1_IRQHandler
                0x00000844                DMA2_IRQHandler
                0x00000844                TPM0_IRQHandler
                0x00000844                LLWU_IRQHandler
                0x00000844                TSI0_IRQHandler
                0x00000844                UART0_IRQHandler
                0x00000844                ADC0_IRQHandler
                0x00000844                Reserved39_IRQHandler
                0x00000844                SPI1_IRQHandler
                0x00000844                DefaultISR
                0x00000844                PORTD_IRQHandler
                0x00000844                TPM2_IRQHandler
                0x00000844                RTC_IRQHandler
                0x00000844                I2C0_IRQHandler
                0x00000844                RTC_Seconds_IRQHandler
                0x00000844                MCG_IRQHandler
                0x00000844                UART2_IRQHandler
                0x00000844                Reserved20_IRQHandler
                0x00000844                PIT_IRQHandler
                0x00000844                SVC_Handler
                0x00000844                DMA3_IRQHandler
                0x00000844                DMA0_IRQHandler
                0x00000844                DAC0_IRQHandler
                0x00000844                Reserved45_IRQHandler
                0x00000844                TPM1_IRQHandler
                0x00000844                LVD_LVW_IRQHandler
                0x00000844                SPI0_IRQHandler
                0x00000844                PORTA_IRQHandler
                0x00000844                FTFA_IRQHandler
                0x00000844                LPTMR0_IRQHandler
                0x00000844                CMP0_IRQHandler
                0x00000844                DMA1_IRQHandler
 .text          0x0000084c       0x9c d:/freescale/kds_3.0.0/toolchain/bin/../lib/gcc/arm-none-eabi/4.8.4/armv6-m\libgcc.a(_udivsi3.o)
                0x0000084c                __aeabi_uidiv
                0x0000084c                __udivsi3
                0x000008d4                __aeabi_uidivmod
 .text          0x000008e8       0xc0 d:/freescale/kds_3.0.0/toolchain/bin/../lib/gcc/arm-none-eabi/4.8.4/armv6-m\libgcc.a(_divsi3.o)
                0x000008e8                __divsi3
                0x000008e8                __aeabi_idiv
                0x00000994                __aeabi_idivmod
 .text          0x000009a8        0x4 d:/freescale/kds_3.0.0/toolchain/bin/../lib/gcc/arm-none-eabi/4.8.4/armv6-m\libgcc.a(_dvmd_tls.o)
                0x000009a8                __aeabi_idiv0
                0x000009a8                __aeabi_ldiv0
 .text          0x000009ac       0x7c d:/freescale/kds_3.0.0/toolchain/bin/../lib/gcc/arm-none-eabi/4.8.4/armv6-m\libgcc.a(_arm_cmpdf2.o)
                0x000009ac                __aeabi_cdrcmple
                0x000009bc                __aeabi_cdcmple
                0x000009bc                __aeabi_cdcmpeq
                0x000009cc                __aeabi_dcmpeq
                0x000009d8                __aeabi_dcmplt
                0x000009ec                __aeabi_dcmple
                0x00000a00                __aeabi_dcmpgt
                0x00000a14                __aeabi_dcmpge
 .text          0x00000a28       0x40 d:/freescale/kds_3.0.0/toolchain/bin/../lib/gcc/arm-none-eabi/4.8.4/armv6-m\libgcc.a(_aeabi_uldivmod.o)
                0x00000a28                __aeabi_uldivmod
 .text          0x00000a68       0x40 d:/freescale/kds_3.0.0/toolchain/bin/../lib/gcc/arm-none-eabi/4.8.4/armv6-m\libgcc.a(_fixunsdfsi.o)
                0x00000a68                __aeabi_d2uiz
                0x00000a68                __fixunsdfsi
 .text          0x00000aa8       0x48 d:/freescale/kds_3.0.0/toolchain/bin/../lib/gcc/arm-none-eabi/4.8.4/armv6-m\libgcc.a(_fixunsdfdi.o)
                0x00000aa8                __fixunsdfdi
                0x00000aa8                __aeabi_d2ulz
 .text          0x00000af0       0x6c d:/freescale/kds_3.0.0/toolchain/bin/../lib/gcc/arm-none-eabi/4.8.4/armv6-m\libgcc.a(bpabi.o)
                0x00000af0                __gnu_ldivmod_helper
                0x00000b28                __gnu_uldivmod_helper
 .text          0x00000b5c       0x94 d:/freescale/kds_3.0.0/toolchain/bin/../lib/gcc/arm-none-eabi/4.8.4/armv6-m\libgcc.a(eqdf2.o)
                0x00000b5c                __nedf2
                0x00000b5c                __eqdf2
 .text          0x00000bf0       0xfc d:/freescale/kds_3.0.0/toolchain/bin/../lib/gcc/arm-none-eabi/4.8.4/armv6-m\libgcc.a(gedf2.o)
                0x00000bf0                __gedf2
                0x00000bf0                __gtdf2
 .text          0x00000cec       0xfc d:/freescale/kds_3.0.0/toolchain/bin/../lib/gcc/arm-none-eabi/4.8.4/armv6-m\libgcc.a(ledf2.o)
                0x00000cec                __ledf2
                0x00000cec                __ltdf2
 .text          0x00000de8      0x520 d:/freescale/kds_3.0.0/toolchain/bin/../lib/gcc/arm-none-eabi/4.8.4/armv6-m\libgcc.a(muldf3.o)
                0x00000de8                __aeabi_dmul
 .text          0x00001308      0x668 d:/freescale/kds_3.0.0/toolchain/bin/../lib/gcc/arm-none-eabi/4.8.4/armv6-m\libgcc.a(subdf3.o)
                0x00001308                __aeabi_dsub
 .text          0x00001970       0x68 d:/freescale/kds_3.0.0/toolchain/bin/../lib/gcc/arm-none-eabi/4.8.4/armv6-m\libgcc.a(fixdfsi.o)
                0x00001970                __aeabi_d2iz
 .text          0x000019d8       0x68 d:/freescale/kds_3.0.0/toolchain/bin/../lib/gcc/arm-none-eabi/4.8.4/armv6-m\libgcc.a(floatunsidf.o)
                0x000019d8                __aeabi_ui2d
 .text          0x00001a40       0x3c d:/freescale/kds_3.0.0/toolchain/bin/../lib/gcc/arm-none-eabi/4.8.4/armv6-m\libgcc.a(_clzsi2.o)
                0x00001a40                __clzsi2
 .text          0x00001a7c       0x44 d:/freescale/kds_3.0.0/toolchain/bin/../lib/gcc/arm-none-eabi/4.8.4/armv6-m\libgcc.a(_muldi3.o)
                0x00001a7c                __muldi3
                0x00001a7c                __aeabi_lmul
 .text          0x00001ac0      0x3b8 d:/freescale/kds_3.0.0/toolchain/bin/../lib/gcc/arm-none-eabi/4.8.4/armv6-m\libgcc.a(_divdi3.o)
                0x00001ac0                __divdi3
 .text          0x00001e78      0x384 d:/freescale/kds_3.0.0/toolchain/bin/../lib/gcc/arm-none-eabi/4.8.4/armv6-m\libgcc.a(_udivdi3.o)
                0x00001e78                __udivdi3
 *(.text*)
 .text.UART1_IRQHandler
                0x000021fc       0x3c ./08_Source/isr.o
                0x000021fc                UART1_IRQHandler
 .text.USB0_IRQHandler
                0x00002238       0xc8 ./08_Source/isr.o
                0x00002238                USB0_IRQHandler
 .text.main     0x00002300      0x25c ./08_Source/main.o
                0x00002300                main
 .text.out_char
                0x0000255c       0x20 ./07_Soft_Component/printf/printf.o
                0x0000255c                out_char
 .text.printk_putc
                0x0000257c       0x50 ./07_Soft_Component/printf/printf.o
 *fill*         0x000025cc        0x4 
 .text.printk_mkfloatstr
                0x000025d0      0x398 ./07_Soft_Component/printf/printf.o
                0x000025d0                printk_mkfloatstr
 .text.printk_mknumstr
                0x00002968      0x100 ./07_Soft_Component/printf/printf.o
 .text.printk_pad_zero
                0x00002a68       0x38 ./07_Soft_Component/printf/printf.o
 .text.printk_pad_space
                0x00002aa0       0x38 ./07_Soft_Component/printf/printf.o
 .text.printk   0x00002ad8      0xaa0 ./07_Soft_Component/printf/printf.o
                0x00002ad8                printk
 .text.myprintf
                0x00003578       0x48 ./07_Soft_Component/printf/printf.o
                0x00003578                myprintf
 .text.NVIC_EnableIRQ
                0x000035c0       0x2c ./07_Soft_Component/common/common.o
 .text.enable_irq
                0x000035ec       0x30 ./07_Soft_Component/common/common.o
                0x000035ec                enable_irq
 .text.usb_read_sector
                0x0000361c       0xf8 ./06_App_Component/usb/usb_device/usb_device.o
                0x0000361c                usb_read_sector
 .text.usb_write_sector
                0x00003714       0xf8 ./06_App_Component/usb/usb_device/usb_device.o
                0x00003714                usb_write_sector
 .text.usb_device_transfer
                0x0000380c      0x320 ./06_App_Component/usb/usb_device/usb_device.o
                0x0000380c                usb_device_transfer
 .text.znFAT_Device_Init
                0x00003b2c       0x44 ./06_App_Component/usb/usb_class/usb_class.o
                0x00003b2c                znFAT_Device_Init
 .text.USB_Class_Read_Sector
                0x00003b70       0x78 ./06_App_Component/usb/usb_class/usb_class.o
                0x00003b70                USB_Class_Read_Sector
 .text.USB_Class_Read_nSector
                0x00003be8       0x68 ./06_App_Component/usb/usb_class/usb_class.o
                0x00003be8                USB_Class_Read_nSector
 .text.USB_Class_Write_Sector
                0x00003c50       0x58 ./06_App_Component/usb/usb_class/usb_class.o
                0x00003c50                USB_Class_Write_Sector
 .text.znFAT_Init
                0x00003ca8      0x1a8 ./06_App_Component/usb/fatfs/znfat.o
                0x00003ca8                znFAT_Init
 .text.znFAT_Select_Device
                0x00003e50       0x2c ./06_App_Component/usb/fatfs/znfat.o
                0x00003e50                znFAT_Select_Device
 .text.znFAT_Open_File
                0x00003e7c      0x630 ./06_App_Component/usb/fatfs/znfat.o
                0x00003e7c                znFAT_Open_File
 .text.znFAT_Close_File
                0x000044ac       0x6c ./06_App_Component/usb/fatfs/znfat.o
                0x000044ac                znFAT_Close_File
 .text.znFAT_ReadData
                0x00004518      0x6b8 ./06_App_Component/usb/fatfs/znfat.o
                0x00004518                znFAT_ReadData
 .text.znFAT_Flush_FS
                0x00004bd0       0x1c ./06_App_Component/usb/fatfs/znfat.o
                0x00004bd0                znFAT_Flush_FS
 .text.Memory_Set
                0x00004bec       0x3c ./06_App_Component/usb/fatfs/znfat.o
                0x00004bec                Memory_Set
 .text.Memory_Compare
                0x00004c28       0x48 ./06_App_Component/usb/fatfs/znfat.o
                0x00004c28                Memory_Compare
 .text.Memory_Copy
                0x00004c70       0x40 ./06_App_Component/usb/fatfs/znfat.o
                0x00004c70                Memory_Copy
 .text.StringLen
                0x00004cb0       0x2c ./06_App_Component/usb/fatfs/znfat.o
                0x00004cb0                StringLen
 .text.WStringLen
                0x00004cdc       0x2c ./06_App_Component/usb/fatfs/znfat.o
                0x00004cdc                WStringLen
 .text.PGM_WORD_FUN
                0x00004d08       0x14 ./06_App_Component/usb/fatfs/znfat.o
                0x00004d08                PGM_WORD_FUN
 .text.Bytes2Value
                0x00004d1c       0x70 ./06_App_Component/usb/fatfs/znfat.o
                0x00004d1c                Bytes2Value
 .text.Find_FSINFO_Sec
                0x00004d8c       0xc0 ./06_App_Component/usb/fatfs/znfat.o
                0x00004d8c                Find_FSINFO_Sec
 .text.Search_Free_Cluster_From_Start
                0x00004e4c       0xe0 ./06_App_Component/usb/fatfs/znfat.o
                0x00004e4c                Search_Free_Cluster_From_Start
 .text.Update_FSINFO
                0x00004f2c       0xe8 ./06_App_Component/usb/fatfs/znfat.o
                0x00004f2c                Update_FSINFO
 .text.Get_Next_Cluster
                0x00005014       0x58 ./06_App_Component/usb/fatfs/znfat.o
                0x00005014                Get_Next_Cluster
 .text.znFAT_Seek
                0x0000506c      0x3fc ./06_App_Component/usb/fatfs/znfat.o
                0x0000506c                znFAT_Seek
 .text.Check_Illegal_Char
                0x00005468       0x90 ./06_App_Component/usb/fatfs/znfat.o
                0x00005468                Check_Illegal_Char
 .text.Check_SFN_Special_Char
                0x000054f8       0xb0 ./06_App_Component/usb/fatfs/znfat.o
                0x000054f8                Check_SFN_Special_Char
 .text.Check_SFN_Dot
                0x000055a8       0x60 ./06_App_Component/usb/fatfs/znfat.o
                0x000055a8                Check_SFN_Dot
 .text.Check_SFN_Illegal_Lower
                0x00005608      0x1d4 ./06_App_Component/usb/fatfs/znfat.o
                0x00005608                Check_SFN_Illegal_Lower
 .text.Check_SFN_Illegal_Length
                0x000057dc      0x130 ./06_App_Component/usb/fatfs/znfat.o
                0x000057dc                Check_SFN_Illegal_Length
 .text.To_File_Name
                0x0000590c      0x17c ./06_App_Component/usb/fatfs/znfat.o
                0x0000590c                To_File_Name
 .text.Analyse_FDI
                0x00005a88      0x270 ./06_App_Component/usb/fatfs/znfat.o
                0x00005a88                Analyse_FDI
 .text.Is_WildFileName
                0x00005cf8       0x64 ./06_App_Component/usb/fatfs/znfat.o
                0x00005cf8                Is_WildFileName
 .text.FindSubStr
                0x00005d5c      0x100 ./06_App_Component/usb/fatfs/znfat.o
                0x00005d5c                FindSubStr
 .text.SFN_Match
                0x00005e5c      0x2ac ./06_App_Component/usb/fatfs/znfat.o
                0x00005e5c                SFN_Match
 .text.Is_LFN   0x00006108       0x78 ./06_App_Component/usb/fatfs/znfat.o
                0x00006108                Is_LFN
 .text.Get_Part_Name
                0x00006180      0x248 ./06_App_Component/usb/fatfs/znfat.o
                0x00006180                Get_Part_Name
 .text.OEM2UNI  0x000063c8       0xd0 ./06_App_Component/usb/fatfs/znfat.o
                0x000063c8                OEM2UNI
 .text.oemstr2unistr
                0x00006498      0x114 ./06_App_Component/usb/fatfs/znfat.o
                0x00006498                oemstr2unistr
 .text.WFindSubStr
                0x000065ac       0xc8 ./06_App_Component/usb/fatfs/znfat.o
                0x000065ac                WFindSubStr
 .text.LFN_Match
                0x00006674      0x33c ./06_App_Component/usb/fatfs/znfat.o
                0x00006674                LFN_Match
 .text.Get_Binding_SumChk
                0x000069b0       0x7c ./06_App_Component/usb/fatfs/znfat.o
                0x000069b0                Get_Binding_SumChk
 .text.Get_Dir_Start_Cluster
                0x00006a2c      0x3dc ./06_App_Component/usb/fatfs/znfat.o
                0x00006a2c                Get_Dir_Start_Cluster
 .text.znFAT_Enter_Dir
                0x00006e08      0x120 ./06_App_Component/usb/fatfs/znfat.o
                0x00006e08                znFAT_Enter_Dir
 .text.Update_File_Size
                0x00006f28       0x8c ./06_App_Component/usb/fatfs/znfat.o
                0x00006f28                Update_File_Size
 .text.light_init
                0x00006fb4       0x2c ./06_App_Component/light/light.o
                0x00006fb4                light_init
 .text.light_change
                0x00006fe0       0x1c ./06_App_Component/light/light.o
                0x00006fe0                light_change
 .text.USBHostInit
                0x00006ffc      0x1f4 ./05_Driver/usb_host/usb_host.o
                0x00006ffc                USBHostInit
 .text.InitUSBDevice
                0x000071f0       0x6c ./05_Driver/usb_host/usb_host.o
                0x000071f0                InitUSBDevice
 .text.USBReadData
                0x0000725c       0xd8 ./05_Driver/usb_host/usb_host.o
                0x0000725c                USBReadData
 .text.USBWriteData
                0x00007334       0xe4 ./05_Driver/usb_host/usb_host.o
                0x00007334                USBWriteData
 .text.CheckUSBDeviceStatus
                0x00007418       0x4c ./05_Driver/usb_host/usb_host.o
                0x00007418                CheckUSBDeviceStatus
 .text.USBHostScan
                0x00007464       0x48 ./05_Driver/usb_host/usb_host.o
                0x00007464                USBHostScan
 .text.USBResetBus
                0x000074ac      0x100 ./05_Driver/usb_host/usb_host.o
                0x000074ac                USBResetBus
 .text.USBDeviceDisConnect
                0x000075ac       0x28 ./05_Driver/usb_host/usb_host.o
                0x000075ac                USBDeviceDisConnect
 .text.USBDeviceConnect
                0x000075d4      0x10c ./05_Driver/usb_host/usb_host.o
                0x000075d4                USBDeviceConnect
 .text.USBCheckDeviceConnect
                0x000076e0       0x7c ./05_Driver/usb_host/usb_host.o
                0x000076e0                USBCheckDeviceConnect
 .text.USBModifyEps
                0x0000775c       0x84 ./05_Driver/usb_host/usb_host.o
                0x0000775c                USBModifyEps
 .text.USBSetEp0psize
                0x000077e0       0x80 ./05_Driver/usb_host/usb_host.o
                0x000077e0                USBSetEp0psize
 .text.USBSetAddress
                0x00007860       0x88 ./05_Driver/usb_host/usb_host.o
                0x00007860                USBSetAddress
 .text.USBSetConfig
                0x000078e8       0x84 ./05_Driver/usb_host/usb_host.o
                0x000078e8                USBSetConfig
 .text.USBGetDeviceDesc
                0x0000796c       0xb4 ./05_Driver/usb_host/usb_host.o
                0x0000796c                USBGetDeviceDesc
 .text.USBGetConfigDesc
                0x00007a20      0x11c ./05_Driver/usb_host/usb_host.o
                0x00007a20                USBGetConfigDesc
 .text.USBFindInterface
                0x00007b3c       0xc4 ./05_Driver/usb_host/usb_host.o
                0x00007b3c                USBFindInterface
 .text.USBGetInterfaceDesc
                0x00007c00       0x80 ./05_Driver/usb_host/usb_host.o
                0x00007c00                USBGetInterfaceDesc
 .text.USBGetEpDesc
                0x00007c80       0x58 ./05_Driver/usb_host/usb_host.o
                0x00007c80                USBGetEpDesc
 .text.USBAddEp
                0x00007cd8      0x13c ./05_Driver/usb_host/usb_host.o
                0x00007cd8                USBAddEp
 .text.USBFillSetupPacket
                0x00007e14       0xa4 ./05_Driver/usb_host/usb_host.o
                0x00007e14                USBFillSetupPacket
 .text.USBTokenIN
                0x00007eb8      0x120 ./05_Driver/usb_host/usb_host.o
                0x00007eb8                USBTokenIN
 .text.USBTokenOUT
                0x00007fd8      0x12c ./05_Driver/usb_host/usb_host.o
                0x00007fd8                USBTokenOUT
 .text.USBWaitTokenFinish
                0x00008104       0x68 ./05_Driver/usb_host/usb_host.o
                0x00008104                USBWaitTokenFinish
 .text.USBHostSleep
                0x0000816c       0x30 ./05_Driver/usb_host/usb_host.o
                0x0000816c                USBHostSleep
 .text.USBStartTransaction
                0x0000819c      0x620 ./05_Driver/usb_host/usb_host.o
                0x0000819c                USBStartTransaction
 .text.PITInit  0x000087bc       0x9c ./05_Driver/usb_host/usb_host.o
                0x000087bc                PITInit
 .text.PITStart
                0x00008858       0x40 ./05_Driver/usb_host/usb_host.o
                0x00008858                PITStart
 .text.PITStop  0x00008898       0x44 ./05_Driver/usb_host/usb_host.o
                0x00008898                PITStop
 .text.PITTimeCheck
                0x000088dc       0x40 ./05_Driver/usb_host/usb_host.o
                0x000088dc                PITTimeCheck
 .text.Delay    0x0000891c       0x34 ./05_Driver/usb_host/usb_host.o
                0x0000891c                Delay
 .text.scsi_reset_lun
                0x00008950       0x68 ./05_Driver/usb_host/usb_host.o
                0x00008950                scsi_reset_lun
 .text.scsi_open_device
                0x000089b8       0x1c ./05_Driver/usb_host/usb_host.o
                0x000089b8                scsi_open_device
 .text.scsi_cmd_inquiry
                0x000089d4      0x164 ./05_Driver/usb_host/usb_host.o
 .text.scsi_cmd_read_capacity
                0x00008b38      0x128 ./05_Driver/usb_host/usb_host.o
 .text.scsi_cmd_test_unit_ready
                0x00008c60       0x90 ./05_Driver/usb_host/usb_host.o
 .text.scsi_cmd_request_sense
                0x00008cf0       0xf0 ./05_Driver/usb_host/usb_host.o
                0x00008cf0                scsi_cmd_request_sense
 .text.scsi_get_device_string
                0x00008de0       0xc4 ./05_Driver/usb_host/usb_host.o
                0x00008de0                scsi_get_device_string
 .text.usb_mst_reset
                0x00008ea4       0x50 ./05_Driver/usb_host/usb_host.o
                0x00008ea4                usb_mst_reset
 .text.usb_clear_stall_rd
                0x00008ef4       0x60 ./05_Driver/usb_host/usb_host.o
                0x00008ef4                usb_clear_stall_rd
 .text.usb_clear_stall_wr
                0x00008f54       0x58 ./05_Driver/usb_host/usb_host.o
                0x00008f54                usb_clear_stall_wr
 .text.usb_mst_getnlun
                0x00008fac       0x74 ./05_Driver/usb_host/usb_host.o
                0x00008fac                usb_mst_getnlun
 .text.usb_mst_search_ifc
                0x00009020      0x1b4 ./05_Driver/usb_host/usb_host.o
 .text.usb_mst_init
                0x000091d4       0x44 ./05_Driver/usb_host/usb_host.o
                0x000091d4                usb_mst_init
 .text.usb_mst_soft_reset_recovery
                0x00009218       0x38 ./05_Driver/usb_host/usb_host.o
                0x00009218                usb_mst_soft_reset_recovery
 .text.NVIC_EnableIRQ
                0x00009250       0x2c ./05_Driver/uart/uart.o
 .text.uart_init
                0x0000927c      0x250 ./05_Driver/uart/uart.o
                0x0000927c                uart_init
 .text.uart_send1
                0x000094cc       0x94 ./05_Driver/uart/uart.o
                0x000094cc                uart_send1
 .text.uart_re1
                0x00009560       0xac ./05_Driver/uart/uart.o
                0x00009560                uart_re1
 .text.uart_enable_re_int
                0x0000960c       0x6c ./05_Driver/uart/uart.o
                0x0000960c                uart_enable_re_int
 .text.gpio_port_pin_resolution
                0x00009678       0x34 ./05_Driver/gpio/gpio.o
 .text.gpio_init
                0x000096ac       0xc4 ./05_Driver/gpio/gpio.o
                0x000096ac                gpio_init
 .text.gpio_set
                0x00009770       0x80 ./05_Driver/gpio/gpio.o
                0x00009770                gpio_set
 .text.gpio_reverse
                0x000097f0       0x54 ./05_Driver/gpio/gpio.o
                0x000097f0                gpio_reverse
 .text.SystemInit
                0x00009844      0x1a0 ./03_MCU/system_MKL25Z4.o
                0x00009844                SystemInit
 .text.memcpy   0x000099e4       0x84 d:/freescale/kds_3.0.0/toolchain/bin/../lib/gcc/arm-none-eabi/4.8.4/../../../../arm-none-eabi/lib/armv6-m\libg.a(lib_a-memcpy-stub.o)
                0x000099e4                memcpy
 .text.memset   0x00009a68       0x9c d:/freescale/kds_3.0.0/toolchain/bin/../lib/gcc/arm-none-eabi/4.8.4/../../../../arm-none-eabi/lib/armv6-m\libg.a(lib_a-memset.o)
                0x00009a68                memset
 .text.strlen   0x00009b04       0x10 d:/freescale/kds_3.0.0/toolchain/bin/../lib/gcc/arm-none-eabi/4.8.4/../../../../arm-none-eabi/lib/armv6-m\libg.a(lib_a-strlen.o)
                0x00009b04                strlen
 *(.rodata)
 .rodata        0x00009b14      0x154 ./08_Source/main.o
 .rodata        0x00009c68        0x8 ./06_App_Component/usb/fatfs/znfat.o
 .rodata        0x00009c70       0x10 ./05_Driver/usb_host/usb_host.o
 .rodata        0x00009c80       0x40 d:/freescale/kds_3.0.0/toolchain/bin/../lib/gcc/arm-none-eabi/4.8.4/armv6-m\libgcc.a(muldf3.o)
 *(.rodata*)
 .rodata.printk
                0x00009cc0       0xc8 ./07_Soft_Component/printf/printf.o
 .rodata.usb_read_sector
                0x00009d88       0x14 ./06_App_Component/usb/usb_device/usb_device.o
 .rodata.usb_write_sector
                0x00009d9c       0x14 ./06_App_Component/usb/usb_device/usb_device.o
 .rodata.oem_uni
                0x00009db0     0x69c0 ./06_App_Component/usb/fatfs/znfat.o
                0x00009db0                oem_uni
 .rodata.scsi_cmd_inquiry
                0x00010770       0x14 ./05_Driver/usb_host/usb_host.o
 .rodata.scsi_cmd_read_capacity
                0x00010784       0x14 ./05_Driver/usb_host/usb_host.o
 .rodata.scsi_cmd_test_unit_ready
                0x00010798       0x14 ./05_Driver/usb_host/usb_host.o
 .rodata.scsi_cmd_request_sense
                0x000107ac       0x14 ./05_Driver/usb_host/usb_host.o
 .rodata.UART_ARR
                0x000107c0        0x8 ./05_Driver/uart/uart.o
 .rodata.PORT_ARR
                0x000107c8       0x14 ./05_Driver/gpio/gpio.o
 .rodata.GPIO_ARR
                0x000107dc       0x14 ./05_Driver/gpio/gpio.o
 *(.glue_7)
 .glue_7        0x00000000        0x0 linker stubs
 *(.glue_7t)
 .glue_7t       0x00000000        0x0 linker stubs
 *(.eh_frame)
 *(.init)
 *(.fini)
                0x000107f0                . = ALIGN (0x4)

.vfp11_veneer   0x000107f0        0x0
 .vfp11_veneer  0x00000000        0x0 linker stubs

.v4_bx          0x000107f0        0x0
 .v4_bx         0x00000000        0x0 linker stubs

.iplt           0x000107f0        0x0
 .iplt          0x00000000        0x0 ./08_Source/isr.o

.ARM.extab
 *(.ARM.extab* .gnu.linkonce.armextab.*)

.ARM            0x000107f0        0x8
                0x000107f0                __exidx_start = .
 *(.ARM.exidx*)
 .ARM.exidx     0x000107f0        0x8 d:/freescale/kds_3.0.0/toolchain/bin/../lib/gcc/arm-none-eabi/4.8.4/armv6-m\libgcc.a(_divdi3.o)
 .ARM.exidx     0x000107f8        0x0 d:/freescale/kds_3.0.0/toolchain/bin/../lib/gcc/arm-none-eabi/4.8.4/armv6-m\libgcc.a(_udivdi3.o)
                                  0x8 (size before relaxing)
                0x000107f8                __exidx_end = .

.rel.dyn        0x000107f8        0x0
 .rel.iplt      0x00000000        0x0 ./08_Source/isr.o

.ctors          0x000107f8        0x0
                0x000107f8                __CTOR_LIST__ = .
 *crtbegin.o(.ctors)
 *crtbegin?.o(.ctors)
 *(EXCLUDE_FILE(*crtend.o *crtend?.o) .ctors)
 *(SORT(.ctors.*))
 *(.ctors)
                0x000107f8                __CTOR_END__ = .

.dtors          0x000107f8        0x0
                0x000107f8                __DTOR_LIST__ = .
 *crtbegin.o(.dtors)
 *crtbegin?.o(.dtors)
 *(EXCLUDE_FILE(*crtend.o *crtend?.o) .dtors)
 *(SORT(.dtors.*))
 *(.dtors)
                0x000107f8                __DTOR_END__ = .

.preinit_array  0x000107f8        0x0
                0x000107f8                PROVIDE (__preinit_array_start, .)
 *(.preinit_array*)
                0x000107f8                PROVIDE (__preinit_array_end, .)

.init_array     0x000107f8        0x0
                0x000107f8                PROVIDE (__init_array_start, .)
 *(SORT(.init_array.*))
 *(.init_array*)
                0x000107f8                PROVIDE (__init_array_end, .)

.fini_array     0x000107f8        0x0
                0x000107f8                PROVIDE (__fini_array_start, .)
 *(SORT(.fini_array.*))
 *(.fini_array*)
                0x000107f8                PROVIDE (__fini_array_end, .)
                0x000107f8                __etext = .
                0x000107f8                __DATA_ROM = .

.mtb            0x1ffff000        0x0
                0x1ffff000                . = ALIGN (0x8)
                0x1ffff000                _mtb_start = .
 *(.mtb_buf)
                0x1ffff000                . = ALIGN (0x8)
                0x1ffff000                _mtb_end = .

.data           0x1ffff000        0xc load address 0x000107f8
                0x1ffff000                . = ALIGN (0x4)
                0x1ffff000                __DATA_RAM = .
                0x1ffff000                __data_start__ = .
 *(.data)
 *(.data*)
 .data.znFAT_Buffer
                0x1ffff000        0x4 ./06_App_Component/usb/fatfs/znfat.o
                0x1ffff000                znFAT_Buffer
 .data.table_irq_uart
                0x1ffff004        0x4 ./05_Driver/uart/uart.o
 .data.SystemCoreClock
                0x1ffff008        0x4 ./03_MCU/system_MKL25Z4.o
                0x1ffff008                SystemCoreClock
 *(.jcr*)
                0x1ffff00c                . = ALIGN (0x4)
                0x1ffff00c                __data_end__ = .
                0x00010804                __DATA_END = (__DATA_ROM + (__data_end__ - __data_start__))

.igot.plt       0x1ffff00c        0x0 load address 0x00010804
 .igot.plt      0x00000000        0x0 ./08_Source/isr.o

.bss            0x1ffff00c      0xff8 load address 0x00010804
                0x1ffff00c                . = ALIGN (0x4)
                0x1ffff00c                __START_BSS = .
                0x1ffff00c                __bss_start__ = .
 *(.bss)
 *(.bss*)
 .bss.USBHostStatus
                0x1ffff00c        0x1 ./08_Source/main.o
                0x1ffff00c                USBHostStatus
 .bss.USBFlag   0x1ffff00d        0x1 ./08_Source/main.o
                0x1ffff00d                USBFlag
 .bss.DeviceInserted
                0x1ffff00e        0x1 ./08_Source/main.o
                0x1ffff00e                DeviceInserted
 *fill*         0x1ffff00f        0x1 
 .bss.tag.5026  0x1ffff010        0x4 ./06_App_Component/usb/usb_device/usb_device.o
 .bss.Dev_No    0x1ffff014        0x1 ./06_App_Component/usb/fatfs/znfat.o
                0x1ffff014                Dev_No
 *fill*         0x1ffff015        0x3 
 .bss.just_file
                0x1ffff018        0x4 ./06_App_Component/usb/fatfs/znfat.o
                0x1ffff018                just_file
 .bss.pexb_buf  0x1ffff01c        0x4 ./06_App_Component/usb/fatfs/znfat.o
                0x1ffff01c                pexb_buf
 .bss.dbuffer   0x1ffff020      0x100 ./05_Driver/usb_host/usb_host.o
 *(COMMON)
 COMMON         0x1ffff120        0x2 ./08_Source/isr.o
                0x1ffff120                ep_info
 *fill*         0x1ffff122        0x2 
 COMMON         0x1ffff124      0x7e0 ./08_Source/main.o
                0x1ffff124                fileinfo1
                0x1ffff4f0                Init_Args
                0x1ffff518                fileinfo2
                0x1ffff8e4                Device_INF
 COMMON         0x1ffff904        0x8 ./06_App_Component/usb/usb_class/usb_class.o
                0x1ffff904                ioctl
 COMMON         0x1ffff90c      0x204 ./06_App_Component/usb/fatfs/znfat.o
                0x1ffff90c                pInit_Args
                0x1ffff910                tmpBuf
 COMMON         0x1ffffb10      0x4f1 ./05_Driver/usb_host/usb_host.o
                0x1ffffb10                std_error
                0x1ffffb14                bdt
                0x1ffffb18                my_device
                0x1ffffbbc                lun
                0x1ffffbf0                tBDTtable
                0x1ffffbf4                mst_info
                0x1ffffc00                tBDT_unaligned
                0x20000000                tr_error
                0x20000004                . = ALIGN (0x4)
 *fill*         0x20000001        0x3 
                0x20000004                __bss_end__ = .
                0x20000004                __END_BSS = .

.heap           0x20000004      0x404 load address 0x000117fc
                0x20000008                . = ALIGN (0x8)
 *fill*         0x20000004        0x4 
                0x20000008                __end__ = .
                0x20000008                PROVIDE (end, .)
                0x20000008                __HeapBase = .
                0x20000408                . = (. + HEAP_SIZE)
 *fill*         0x20000008      0x400 
                0x20000408                __HeapLimit = .

.stack          0x20000408      0x400 load address 0x00011c00
                0x20000408                . = ALIGN (0x8)
                0x20000808                . = (. + STACK_SIZE)
 *fill*         0x20000408      0x400 
                0x20003000                __StackTop = (ORIGIN (m_data) + 0x4000)
                0x20002c00                __StackLimit = (__StackTop - STACK_SIZE)
                0x20003000                PROVIDE (__stack, __StackTop)

.ARM.attributes
                0x00000000       0x30
 *(.ARM.attributes)
 .ARM.attributes
                0x00000000       0x32 ./08_Source/isr.o
 .ARM.attributes
                0x00000032       0x32 ./08_Source/main.o
 .ARM.attributes
                0x00000064       0x32 ./07_Soft_Component/printf/printf.o
 .ARM.attributes
                0x00000096       0x32 ./07_Soft_Component/common/common.o
 .ARM.attributes
                0x000000c8       0x32 ./06_App_Component/usb/usb_device/usb_device.o
 .ARM.attributes
                0x000000fa       0x32 ./06_App_Component/usb/usb_class/usb_class.o
 .ARM.attributes
                0x0000012c       0x32 ./06_App_Component/usb/fatfs/znfat.o
 .ARM.attributes
                0x0000015e       0x32 ./06_App_Component/light/light.o
 .ARM.attributes
                0x00000190       0x32 ./05_Driver/usb_host/usb_host.o
 .ARM.attributes
                0x000001c2       0x32 ./05_Driver/uart/uart.o
 .ARM.attributes
                0x000001f4       0x32 ./05_Driver/gpio/gpio.o
 .ARM.attributes
                0x00000226       0x1b ./03_MCU/startup_MKL25Z4.o
 .ARM.attributes
                0x00000241       0x32 ./03_MCU/system_MKL25Z4.o
 .ARM.attributes
                0x00000273       0x1e d:/freescale/kds_3.0.0/toolchain/bin/../lib/gcc/arm-none-eabi/4.8.4/armv6-m\libgcc.a(_udivsi3.o)
 .ARM.attributes
                0x00000291       0x1e d:/freescale/kds_3.0.0/toolchain/bin/../lib/gcc/arm-none-eabi/4.8.4/armv6-m\libgcc.a(_divsi3.o)
 .ARM.attributes
                0x000002af       0x1e d:/freescale/kds_3.0.0/toolchain/bin/../lib/gcc/arm-none-eabi/4.8.4/armv6-m\libgcc.a(_dvmd_tls.o)
 .ARM.attributes
                0x000002cd       0x1e d:/freescale/kds_3.0.0/toolchain/bin/../lib/gcc/arm-none-eabi/4.8.4/armv6-m\libgcc.a(_arm_cmpdf2.o)
 .ARM.attributes
                0x000002eb       0x1e d:/freescale/kds_3.0.0/toolchain/bin/../lib/gcc/arm-none-eabi/4.8.4/armv6-m\libgcc.a(_aeabi_uldivmod.o)
 .ARM.attributes
                0x00000309       0x2c d:/freescale/kds_3.0.0/toolchain/bin/../lib/gcc/arm-none-eabi/4.8.4/armv6-m\libgcc.a(_fixunsdfsi.o)
 .ARM.attributes
                0x00000335       0x2c d:/freescale/kds_3.0.0/toolchain/bin/../lib/gcc/arm-none-eabi/4.8.4/armv6-m\libgcc.a(_fixunsdfdi.o)
 .ARM.attributes
                0x00000361       0x2c d:/freescale/kds_3.0.0/toolchain/bin/../lib/gcc/arm-none-eabi/4.8.4/armv6-m\libgcc.a(bpabi.o)
 .ARM.attributes
                0x0000038d       0x2c d:/freescale/kds_3.0.0/toolchain/bin/../lib/gcc/arm-none-eabi/4.8.4/armv6-m\libgcc.a(eqdf2.o)
 .ARM.attributes
                0x000003b9       0x2c d:/freescale/kds_3.0.0/toolchain/bin/../lib/gcc/arm-none-eabi/4.8.4/armv6-m\libgcc.a(gedf2.o)
 .ARM.attributes
                0x000003e5       0x2c d:/freescale/kds_3.0.0/toolchain/bin/../lib/gcc/arm-none-eabi/4.8.4/armv6-m\libgcc.a(ledf2.o)
 .ARM.attributes
                0x00000411       0x2c d:/freescale/kds_3.0.0/toolchain/bin/../lib/gcc/arm-none-eabi/4.8.4/armv6-m\libgcc.a(muldf3.o)
 .ARM.attributes
                0x0000043d       0x2c d:/freescale/kds_3.0.0/toolchain/bin/../lib/gcc/arm-none-eabi/4.8.4/armv6-m\libgcc.a(subdf3.o)
 .ARM.attributes
                0x00000469       0x2c d:/freescale/kds_3.0.0/toolchain/bin/../lib/gcc/arm-none-eabi/4.8.4/armv6-m\libgcc.a(fixdfsi.o)
 .ARM.attributes
                0x00000495       0x2c d:/freescale/kds_3.0.0/toolchain/bin/../lib/gcc/arm-none-eabi/4.8.4/armv6-m\libgcc.a(floatunsidf.o)
 .ARM.attributes
                0x000004c1       0x1e d:/freescale/kds_3.0.0/toolchain/bin/../lib/gcc/arm-none-eabi/4.8.4/armv6-m\libgcc.a(_clzsi2.o)
 .ARM.attributes
                0x000004df       0x2c d:/freescale/kds_3.0.0/toolchain/bin/../lib/gcc/arm-none-eabi/4.8.4/armv6-m\libgcc.a(_muldi3.o)
 .ARM.attributes
                0x0000050b       0x2c d:/freescale/kds_3.0.0/toolchain/bin/../lib/gcc/arm-none-eabi/4.8.4/armv6-m\libgcc.a(_divdi3.o)
 .ARM.attributes
                0x00000537       0x2c d:/freescale/kds_3.0.0/toolchain/bin/../lib/gcc/arm-none-eabi/4.8.4/armv6-m\libgcc.a(_udivdi3.o)
 .ARM.attributes
                0x00000563       0x2c d:/freescale/kds_3.0.0/toolchain/bin/../lib/gcc/arm-none-eabi/4.8.4/../../../../arm-none-eabi/lib/armv6-m\libg.a(lib_a-memcpy-stub.o)
 .ARM.attributes
                0x0000058f       0x2c d:/freescale/kds_3.0.0/toolchain/bin/../lib/gcc/arm-none-eabi/4.8.4/../../../../arm-none-eabi/lib/armv6-m\libg.a(lib_a-memset.o)
 .ARM.attributes
                0x000005bb       0x2c d:/freescale/kds_3.0.0/toolchain/bin/../lib/gcc/arm-none-eabi/4.8.4/../../../../arm-none-eabi/lib/armv6-m\libg.a(lib_a-strlen.o)
                0x00000001                ASSERT ((__StackLimit >= __HeapLimit), region m_data overflowed with stack and heap)
OUTPUT(KL25_USB(Host).elf elf32-littlearm)

.debug_info     0x00000000     0x7167
 .debug_info    0x00000000      0x4c1 ./08_Source/isr.o
 .debug_info    0x000004c1      0x464 ./08_Source/main.o
 .debug_info    0x00000925      0x67e ./07_Soft_Component/printf/printf.o
 .debug_info    0x00000fa3      0x4fd ./07_Soft_Component/common/common.o
 .debug_info    0x000014a0      0x42e ./06_App_Component/usb/usb_device/usb_device.o
 .debug_info    0x000018ce      0x295 ./06_App_Component/usb/usb_class/usb_class.o
 .debug_info    0x00001b63     0x266b ./06_App_Component/usb/fatfs/znfat.o
 .debug_info    0x000041ce      0x118 ./06_App_Component/light/light.o
 .debug_info    0x000042e6     0x1ad4 ./05_Driver/usb_host/usb_host.o
 .debug_info    0x00005dba      0x9f2 ./05_Driver/uart/uart.o
 .debug_info    0x000067ac      0x536 ./05_Driver/gpio/gpio.o
 .debug_info    0x00006ce2       0xbd ./03_MCU/startup_MKL25Z4.o
 .debug_info    0x00006d9f      0x3c8 ./03_MCU/system_MKL25Z4.o

.debug_abbrev   0x00000000     0x128c
 .debug_abbrev  0x00000000      0x140 ./08_Source/isr.o
 .debug_abbrev  0x00000140      0x13d ./08_Source/main.o
 .debug_abbrev  0x0000027d      0x1f4 ./07_Soft_Component/printf/printf.o
 .debug_abbrev  0x00000471      0x18a ./07_Soft_Component/common/common.o
 .debug_abbrev  0x000005fb      0x161 ./06_App_Component/usb/usb_device/usb_device.o
 .debug_abbrev  0x0000075c      0x106 ./06_App_Component/usb/usb_class/usb_class.o
 .debug_abbrev  0x00000862      0x1f0 ./06_App_Component/usb/fatfs/znfat.o
 .debug_abbrev  0x00000a52       0x7b ./06_App_Component/light/light.o
 .debug_abbrev  0x00000acd      0x36f ./05_Driver/usb_host/usb_host.o
 .debug_abbrev  0x00000e3c      0x217 ./05_Driver/uart/uart.o
 .debug_abbrev  0x00001053      0x125 ./05_Driver/gpio/gpio.o
 .debug_abbrev  0x00001178       0x14 ./03_MCU/startup_MKL25Z4.o
 .debug_abbrev  0x0000118c      0x100 ./03_MCU/system_MKL25Z4.o

.debug_aranges  0x00000000      0x6a0
 .debug_aranges
                0x00000000       0x28 ./08_Source/isr.o
 .debug_aranges
                0x00000028       0x20 ./08_Source/main.o
 .debug_aranges
                0x00000048       0x58 ./07_Soft_Component/printf/printf.o
 .debug_aranges
                0x000000a0       0x60 ./07_Soft_Component/common/common.o
 .debug_aranges
                0x00000100       0x30 ./06_App_Component/usb/usb_device/usb_device.o
 .debug_aranges
                0x00000130       0x48 ./06_App_Component/usb/usb_class/usb_class.o
 .debug_aranges
                0x00000178      0x240 ./06_App_Component/usb/fatfs/znfat.o
 .debug_aranges
                0x000003b8       0x30 ./06_App_Component/light/light.o
 .debug_aranges
                0x000003e8      0x1b0 ./05_Driver/usb_host/usb_host.o
 .debug_aranges
                0x00000598       0x68 ./05_Driver/uart/uart.o
 .debug_aranges
                0x00000600       0x60 ./05_Driver/gpio/gpio.o
 .debug_aranges
                0x00000660       0x20 ./03_MCU/startup_MKL25Z4.o
 .debug_aranges
                0x00000680       0x20 ./03_MCU/system_MKL25Z4.o

.debug_ranges   0x00000000      0x5c0
 .debug_ranges  0x00000000       0x18 ./08_Source/isr.o
 .debug_ranges  0x00000018       0x10 ./08_Source/main.o
 .debug_ranges  0x00000028       0x48 ./07_Soft_Component/printf/printf.o
 .debug_ranges  0x00000070       0x50 ./07_Soft_Component/common/common.o
 .debug_ranges  0x000000c0       0x20 ./06_App_Component/usb/usb_device/usb_device.o
 .debug_ranges  0x000000e0       0x38 ./06_App_Component/usb/usb_class/usb_class.o
 .debug_ranges  0x00000118      0x230 ./06_App_Component/usb/fatfs/znfat.o
 .debug_ranges  0x00000348       0x20 ./06_App_Component/light/light.o
 .debug_ranges  0x00000368      0x1a0 ./05_Driver/usb_host/usb_host.o
 .debug_ranges  0x00000508       0x58 ./05_Driver/uart/uart.o
 .debug_ranges  0x00000560       0x50 ./05_Driver/gpio/gpio.o
 .debug_ranges  0x000005b0       0x10 ./03_MCU/system_MKL25Z4.o

.debug_macro    0x00000000     0xb42a
 .debug_macro   0x00000000      0x106 ./08_Source/isr.o
 .debug_macro   0x00000106      0x7f6 ./08_Source/isr.o
 .debug_macro   0x000008fc       0x16 ./08_Source/isr.o
 .debug_macro   0x00000912       0x16 ./08_Source/isr.o
 .debug_macro   0x00000928       0x44 ./08_Source/isr.o
 .debug_macro   0x0000096c      0x209 ./08_Source/isr.o
 .debug_macro   0x00000b75       0x3a ./08_Source/isr.o
 .debug_macro   0x00000baf       0x3a ./08_Source/isr.o
 .debug_macro   0x00000be9       0x26 ./08_Source/isr.o
 .debug_macro   0x00000c0f      0x306 ./08_Source/isr.o
 .debug_macro   0x00000f15       0x10 ./08_Source/isr.o
 .debug_macro   0x00000f25     0x839f ./08_Source/isr.o
 .debug_macro   0x000092c4       0x34 ./08_Source/isr.o
 .debug_macro   0x000092f8       0x3a ./08_Source/isr.o
 .debug_macro   0x00009332       0x9a ./08_Source/isr.o
 .debug_macro   0x000093cc       0x52 ./08_Source/isr.o
 .debug_macro   0x0000941e       0x28 ./08_Source/isr.o
 .debug_macro   0x00009446      0x77a ./08_Source/isr.o
 .debug_macro   0x00009bc0       0x40 ./08_Source/isr.o
 .debug_macro   0x00009c00       0x88 ./08_Source/isr.o
 .debug_macro   0x00009c88      0x57a ./08_Source/isr.o
 .debug_macro   0x0000a202      0x191 ./08_Source/isr.o
 .debug_macro   0x0000a393       0x2e ./08_Source/isr.o
 .debug_macro   0x0000a3c1      0x106 ./08_Source/main.o
 .debug_macro   0x0000a4c7      0x77a ./08_Source/main.o
 .debug_macro   0x0000ac41       0xb8 ./07_Soft_Component/printf/printf.o
 .debug_macro   0x0000acf9       0x34 ./07_Soft_Component/printf/printf.o
 .debug_macro   0x0000ad2d       0x9a ./07_Soft_Component/common/common.o
 .debug_macro   0x0000adc7       0xa7 ./06_App_Component/usb/usb_device/usb_device.o
 .debug_macro   0x0000ae6e       0xbf ./06_App_Component/usb/usb_class/usb_class.o
 .debug_macro   0x0000af2d       0xf9 ./06_App_Component/usb/fatfs/znfat.o
 .debug_macro   0x0000b026       0x10 ./06_App_Component/usb/fatfs/znfat.o
 .debug_macro   0x0000b036       0xb2 ./06_App_Component/light/light.o
 .debug_macro   0x0000b0e8       0x22 ./06_App_Component/light/light.o
 .debug_macro   0x0000b10a       0xb8 ./05_Driver/usb_host/usb_host.o
 .debug_macro   0x0000b1c2       0xa9 ./05_Driver/uart/uart.o
 .debug_macro   0x0000b26b       0xa9 ./05_Driver/gpio/gpio.o
 .debug_macro   0x0000b314       0x4c ./05_Driver/gpio/gpio.o
 .debug_macro   0x0000b360       0x7e ./03_MCU/system_MKL25Z4.o
 .debug_macro   0x0000b3de       0x4c ./03_MCU/system_MKL25Z4.o

.debug_line     0x00000000     0x58f8
 .debug_line    0x00000000      0x733 ./08_Source/isr.o
 .debug_line    0x00000733      0x761 ./08_Source/main.o
 .debug_line    0x00000e94      0x683 ./07_Soft_Component/printf/printf.o
 .debug_line    0x00001517      0x3b8 ./07_Soft_Component/common/common.o
 .debug_line    0x000018cf      0x528 ./06_App_Component/usb/usb_device/usb_device.o
 .debug_line    0x00001df7      0x5a4 ./06_App_Component/usb/usb_class/usb_class.o
 .debug_line    0x0000239b     0x19b3 ./06_App_Component/usb/fatfs/znfat.o
 .debug_line    0x00003d4e      0x41e ./06_App_Component/light/light.o
 .debug_line    0x0000416c      0xb7c ./05_Driver/usb_host/usb_host.o
 .debug_line    0x00004ce8      0x4ba ./05_Driver/uart/uart.o
 .debug_line    0x000051a2      0x430 ./05_Driver/gpio/gpio.o
 .debug_line    0x000055d2       0x70 ./03_MCU/startup_MKL25Z4.o
 .debug_line    0x00005642      0x2b6 ./03_MCU/system_MKL25Z4.o

.debug_str      0x00000000    0x36a2a
 .debug_str     0x00000000    0x34cae ./08_Source/isr.o
                              0x350d9 (size before relaxing)
 .debug_str     0x00034cae      0x23e ./08_Source/main.o
                              0x3509b (size before relaxing)
 .debug_str     0x00034eec      0x184 ./07_Soft_Component/printf/printf.o
                              0x32289 (size before relaxing)
 .debug_str     0x00035070      0x2df ./07_Soft_Component/common/common.o
                              0x3212c (size before relaxing)
 .debug_str     0x0003534f      0x192 ./06_App_Component/usb/usb_device/usb_device.o
                              0x33e42 (size before relaxing)
 .debug_str     0x000354e1      0x109 ./06_App_Component/usb/usb_class/usb_class.o
                              0x33fe4 (size before relaxing)
 .debug_str     0x000355ea      0xa9b ./06_App_Component/usb/fatfs/znfat.o
                              0x33ad7 (size before relaxing)
 .debug_str     0x00036085       0x57 ./06_App_Component/light/light.o
                              0x31f6a (size before relaxing)
 .debug_str     0x000360dc      0x6d0 ./05_Driver/usb_host/usb_host.o
                              0x346ff (size before relaxing)
 .debug_str     0x000367ac      0x11e ./05_Driver/uart/uart.o
                              0x322b3 (size before relaxing)
 .debug_str     0x000368ca      0x11c ./05_Driver/gpio/gpio.o
                              0x32021 (size before relaxing)
 .debug_str     0x000369e6       0x44 ./03_MCU/system_MKL25Z4.o
                              0x31dd9 (size before relaxing)

.comment        0x00000000       0x70
 .comment       0x00000000       0x70 ./08_Source/isr.o
                                 0x71 (size before relaxing)
 .comment       0x00000000       0x71 ./08_Source/main.o
 .comment       0x00000000       0x71 ./07_Soft_Component/printf/printf.o
 .comment       0x00000000       0x71 ./07_Soft_Component/common/common.o
 .comment       0x00000000       0x71 ./06_App_Component/usb/usb_device/usb_device.o
 .comment       0x00000000       0x71 ./06_App_Component/usb/usb_class/usb_class.o
 .comment       0x00000000       0x71 ./06_App_Component/usb/fatfs/znfat.o
 .comment       0x00000000       0x71 ./06_App_Component/light/light.o
 .comment       0x00000000       0x71 ./05_Driver/usb_host/usb_host.o
 .comment       0x00000000       0x71 ./05_Driver/uart/uart.o
 .comment       0x00000000       0x71 ./05_Driver/gpio/gpio.o
 .comment       0x00000000       0x71 ./03_MCU/system_MKL25Z4.o

.debug_frame    0x00000000     0x19a4
 .debug_frame   0x00000000       0x50 ./08_Source/isr.o
 .debug_frame   0x00000050       0x30 ./08_Source/main.o
 .debug_frame   0x00000080      0x114 ./07_Soft_Component/printf/printf.o
 .debug_frame   0x00000194      0x128 ./07_Soft_Component/common/common.o
 .debug_frame   0x000002bc       0x70 ./06_App_Component/usb/usb_device/usb_device.o
 .debug_frame   0x0000032c       0xd0 ./06_App_Component/usb/usb_class/usb_class.o
 .debug_frame   0x000003fc      0x8b8 ./06_App_Component/usb/fatfs/znfat.o
 .debug_frame   0x00000cb4       0x70 ./06_App_Component/light/light.o
 .debug_frame   0x00000d24      0x644 ./05_Driver/usb_host/usb_host.o
 .debug_frame   0x00001368      0x150 ./05_Driver/uart/uart.o
 .debug_frame   0x000014b8      0x130 ./05_Driver/gpio/gpio.o
 .debug_frame   0x000015e8       0x30 ./03_MCU/system_MKL25Z4.o
 .debug_frame   0x00001618       0x20 d:/freescale/kds_3.0.0/toolchain/bin/../lib/gcc/arm-none-eabi/4.8.4/armv6-m\libgcc.a(_udivsi3.o)
 .debug_frame   0x00001638       0x20 d:/freescale/kds_3.0.0/toolchain/bin/../lib/gcc/arm-none-eabi/4.8.4/armv6-m\libgcc.a(_divsi3.o)
 .debug_frame   0x00001658       0x2c d:/freescale/kds_3.0.0/toolchain/bin/../lib/gcc/arm-none-eabi/4.8.4/armv6-m\libgcc.a(_fixunsdfsi.o)
 .debug_frame   0x00001684       0x2c d:/freescale/kds_3.0.0/toolchain/bin/../lib/gcc/arm-none-eabi/4.8.4/armv6-m\libgcc.a(_fixunsdfdi.o)
 .debug_frame   0x000016b0       0x50 d:/freescale/kds_3.0.0/toolchain/bin/../lib/gcc/arm-none-eabi/4.8.4/armv6-m\libgcc.a(bpabi.o)
 .debug_frame   0x00001700       0x3c d:/freescale/kds_3.0.0/toolchain/bin/../lib/gcc/arm-none-eabi/4.8.4/armv6-m\libgcc.a(eqdf2.o)
 .debug_frame   0x0000173c       0x38 d:/freescale/kds_3.0.0/toolchain/bin/../lib/gcc/arm-none-eabi/4.8.4/armv6-m\libgcc.a(gedf2.o)
 .debug_frame   0x00001774       0x3c d:/freescale/kds_3.0.0/toolchain/bin/../lib/gcc/arm-none-eabi/4.8.4/armv6-m\libgcc.a(ledf2.o)
 .debug_frame   0x000017b0       0x3c d:/freescale/kds_3.0.0/toolchain/bin/../lib/gcc/arm-none-eabi/4.8.4/armv6-m\libgcc.a(muldf3.o)
 .debug_frame   0x000017ec       0x3c d:/freescale/kds_3.0.0/toolchain/bin/../lib/gcc/arm-none-eabi/4.8.4/armv6-m\libgcc.a(subdf3.o)
 .debug_frame   0x00001828       0x2c d:/freescale/kds_3.0.0/toolchain/bin/../lib/gcc/arm-none-eabi/4.8.4/armv6-m\libgcc.a(fixdfsi.o)
 .debug_frame   0x00001854       0x28 d:/freescale/kds_3.0.0/toolchain/bin/../lib/gcc/arm-none-eabi/4.8.4/armv6-m\libgcc.a(floatunsidf.o)
 .debug_frame   0x0000187c       0x30 d:/freescale/kds_3.0.0/toolchain/bin/../lib/gcc/arm-none-eabi/4.8.4/armv6-m\libgcc.a(_muldi3.o)
 .debug_frame   0x000018ac       0x3c d:/freescale/kds_3.0.0/toolchain/bin/../lib/gcc/arm-none-eabi/4.8.4/armv6-m\libgcc.a(_divdi3.o)
 .debug_frame   0x000018e8       0x3c d:/freescale/kds_3.0.0/toolchain/bin/../lib/gcc/arm-none-eabi/4.8.4/armv6-m\libgcc.a(_udivdi3.o)
 .debug_frame   0x00001924       0x30 d:/freescale/kds_3.0.0/toolchain/bin/../lib/gcc/arm-none-eabi/4.8.4/../../../../arm-none-eabi/lib/armv6-m\libg.a(lib_a-memcpy-stub.o)
 .debug_frame   0x00001954       0x30 d:/freescale/kds_3.0.0/toolchain/bin/../lib/gcc/arm-none-eabi/4.8.4/../../../../arm-none-eabi/lib/armv6-m\libg.a(lib_a-memset.o)
 .debug_frame   0x00001984       0x20 d:/freescale/kds_3.0.0/toolchain/bin/../lib/gcc/arm-none-eabi/4.8.4/../../../../arm-none-eabi/lib/armv6-m\libg.a(lib_a-strlen.o)
