Archive member included because of file (symbol)

D:/suda/KL25_BOOK/program/KL25_MQXLite(20160421)/09_MQXLite/kernel/\libkernel.a(int.o)
                              ./09_MQXLite/psp/cortex_m/int_xcpt.o (_int_get_exception_handler)
D:/suda/KL25_BOOK/program/KL25_MQXLite(20160421)/09_MQXLite/kernel/\libkernel.a(lwevent.o)
                              ./09_MQXLite/app/task_main.o (_lwevent_create)
D:/suda/KL25_BOOK/program/KL25_MQXLite(20160421)/09_MQXLite/kernel/\libkernel.a(mqx_utils.o)
                              ./09_MQXLite/psp/cortex_m/int_xcpt.o (_mqx_fatal_error)
D:/suda/KL25_BOOK/program/KL25_MQXLite(20160421)/09_MQXLite/kernel/\libkernel.a(mqxlite.o)
                              D:/suda/KL25_BOOK/program/KL25_MQXLite(20160421)/09_MQXLite/kernel/\libkernel.a(lwevent.o) (_mqx_zero_tick_struct)
D:/suda/KL25_BOOK/program/KL25_MQXLite(20160421)/09_MQXLite/kernel/\libkernel.a(qu_test.o)
                              D:/suda/KL25_BOOK/program/KL25_MQXLite(20160421)/09_MQXLite/kernel/\libkernel.a(lwevent.o) (_queue_test)
D:/suda/KL25_BOOK/program/KL25_MQXLite(20160421)/09_MQXLite/kernel/\libkernel.a(task.o)
                              ./09_MQXLite/psp/cortex_m/stack_bu.o (_task_exit_function_internal)
D:/suda/KL25_BOOK/program/KL25_MQXLite(20160421)/09_MQXLite/kernel/\libkernel.a(time_ticks.o)
                              D:/suda/KL25_BOOK/program/KL25_MQXLite(20160421)/09_MQXLite/kernel/\libkernel.a(lwevent.o) (_time_delay_for)
D:/suda/KL25_BOOK/program/KL25_MQXLite(20160421)/09_MQXLite/kernel/\libkernel.a(idletask.o)
                              D:/suda/KL25_BOOK/program/KL25_MQXLite(20160421)/09_MQXLite/kernel/\libkernel.a(mqx_utils.o) (_mqx_idle_task)
D:/suda/KL25_BOOK/program/KL25_MQXLite(20160421)/09_MQXLite/kernel/\libkernel.a(lwsem.o)
                              D:/suda/KL25_BOOK/program/KL25_MQXLite(20160421)/09_MQXLite/kernel/\libkernel.a(mqxlite.o) (_lwsem_create)
D:/suda/KL25_BOOK/program/KL25_MQXLite(20160421)/09_MQXLite/kernel/\libkernel.a(sched.o)
                              D:/suda/KL25_BOOK/program/KL25_MQXLite(20160421)/09_MQXLite/kernel/\libkernel.a(task.o) (_sched_set_priority_internal)
d:/freescale/kds_3.0.0/toolchain/bin/../lib/gcc/arm-none-eabi/4.8.4/armv6-m\libgcc.a(_udivsi3.o)
                              ./09_MQXLite/psp/cortex_m/psp_tinm.o (__aeabi_uidiv)
d:/freescale/kds_3.0.0/toolchain/bin/../lib/gcc/arm-none-eabi/4.8.4/armv6-m\libgcc.a(_divsi3.o)
                              ./07_Soft_Component/printf/printf.o (__aeabi_idiv)
d:/freescale/kds_3.0.0/toolchain/bin/../lib/gcc/arm-none-eabi/4.8.4/armv6-m\libgcc.a(_dvmd_tls.o)
                              d:/freescale/kds_3.0.0/toolchain/bin/../lib/gcc/arm-none-eabi/4.8.4/armv6-m\libgcc.a(_udivsi3.o) (__aeabi_idiv0)
d:/freescale/kds_3.0.0/toolchain/bin/../lib/gcc/arm-none-eabi/4.8.4/armv6-m\libgcc.a(_arm_cmpdf2.o)
                              ./07_Soft_Component/printf/printf.o (__aeabi_dcmplt)
d:/freescale/kds_3.0.0/toolchain/bin/../lib/gcc/arm-none-eabi/4.8.4/armv6-m\libgcc.a(_aeabi_uldivmod.o)
                              ./07_Soft_Component/printf/printf.o (__aeabi_uldivmod)
d:/freescale/kds_3.0.0/toolchain/bin/../lib/gcc/arm-none-eabi/4.8.4/armv6-m\libgcc.a(_fixunsdfsi.o)
                              ./07_Soft_Component/printf/printf.o (__aeabi_d2uiz)
d:/freescale/kds_3.0.0/toolchain/bin/../lib/gcc/arm-none-eabi/4.8.4/armv6-m\libgcc.a(_fixunsdfdi.o)
                              ./07_Soft_Component/printf/printf.o (__aeabi_d2ulz)
d:/freescale/kds_3.0.0/toolchain/bin/../lib/gcc/arm-none-eabi/4.8.4/armv6-m\libgcc.a(bpabi.o)
                              d:/freescale/kds_3.0.0/toolchain/bin/../lib/gcc/arm-none-eabi/4.8.4/armv6-m\libgcc.a(_aeabi_uldivmod.o) (__gnu_uldivmod_helper)
d:/freescale/kds_3.0.0/toolchain/bin/../lib/gcc/arm-none-eabi/4.8.4/armv6-m\libgcc.a(eqdf2.o)
                              d:/freescale/kds_3.0.0/toolchain/bin/../lib/gcc/arm-none-eabi/4.8.4/armv6-m\libgcc.a(_arm_cmpdf2.o) (__eqdf2)
d:/freescale/kds_3.0.0/toolchain/bin/../lib/gcc/arm-none-eabi/4.8.4/armv6-m\libgcc.a(gedf2.o)
                              d:/freescale/kds_3.0.0/toolchain/bin/../lib/gcc/arm-none-eabi/4.8.4/armv6-m\libgcc.a(_arm_cmpdf2.o) (__gedf2)
d:/freescale/kds_3.0.0/toolchain/bin/../lib/gcc/arm-none-eabi/4.8.4/armv6-m\libgcc.a(ledf2.o)
                              d:/freescale/kds_3.0.0/toolchain/bin/../lib/gcc/arm-none-eabi/4.8.4/armv6-m\libgcc.a(_arm_cmpdf2.o) (__ledf2)
d:/freescale/kds_3.0.0/toolchain/bin/../lib/gcc/arm-none-eabi/4.8.4/armv6-m\libgcc.a(muldf3.o)
                              ./07_Soft_Component/printf/printf.o (__aeabi_dmul)
d:/freescale/kds_3.0.0/toolchain/bin/../lib/gcc/arm-none-eabi/4.8.4/armv6-m\libgcc.a(subdf3.o)
                              ./07_Soft_Component/printf/printf.o (__aeabi_dsub)
d:/freescale/kds_3.0.0/toolchain/bin/../lib/gcc/arm-none-eabi/4.8.4/armv6-m\libgcc.a(fixdfsi.o)
[...]
Memory Configuration

Name             Origin             Length             Attributes
m_interrupts     0x00000000         0x00000100         xr
m_flash_config   0x00000400         0x00000010         xr
m_text           0x00000410         0x0001fbf0         xr
m_data           0x1ffff000         0x00004000         rw
*default*        0x00000000         0xffffffff

Linker script and memory map

LOAD ./09_MQXLite/psp/cortex_m/core/M0/dispatch.o
LOAD ./09_MQXLite/psp/cortex_m/cortex.o
LOAD ./09_MQXLite/psp/cortex_m/int_gkis.o
LOAD ./09_MQXLite/psp/cortex_m/int_inst.o
LOAD ./09_MQXLite/psp/cortex_m/int_kisr.o
LOAD ./09_MQXLite/psp/cortex_m/int_pvta.o
LOAD ./09_MQXLite/psp/cortex_m/int_unx.o
LOAD ./09_MQXLite/psp/cortex_m/int_vtab.o
LOAD ./09_MQXLite/psp/cortex_m/int_xcpt.o
LOAD ./09_MQXLite/psp/cortex_m/mem_zero.o
LOAD ./09_MQXLite/psp/cortex_m/psp_iinit.o
LOAD ./09_MQXLite/psp/cortex_m/psp_supp.o
LOAD ./09_MQXLite/psp/cortex_m/psp_tiad.o
LOAD ./09_MQXLite/psp/cortex_m/psp_tinm.o
LOAD ./09_MQXLite/psp/cortex_m/psp_tipr.o
LOAD ./09_MQXLite/psp/cortex_m/psp_tisu.o
LOAD ./09_MQXLite/psp/cortex_m/sc_irdyq.o
LOAD ./09_MQXLite/psp/cortex_m/stack_bu.o
LOAD ./09_MQXLite/psp/cortex_m/stack_de.o
LOAD ./09_MQXLite/psp/cortex_m/stack_st.o
LOAD ./09_MQXLite/bsp/init_bsp.o
LOAD ./09_MQXLite/bsp/mqx_init.o
LOAD ./09_MQXLite/app/task_A.o
LOAD ./09_MQXLite/app/task_B.o
LOAD ./09_MQXLite/app/task_C.o
LOAD ./09_MQXLite/app/task_D.o
LOAD ./09_MQXLite/app/task_main.o
LOAD ./09_MQXLite/app/task_templates.o
LOAD ./08_Sources/isr.o
LOAD ./08_Sources/main.o
LOAD ./07_Soft_Component/printf/printf.o
LOAD ./06_App_Component/light/light.o
LOAD ./05_Driver/uart/uart.o
LOAD ./05_Driver/gpio/gpio.o
LOAD ./03_MCU/startup_MKL25Z4.o
LOAD ./03_MCU/system_MKL25Z4.o
LOAD D:/suda/KL25_BOOK/program/KL25_MQXLite(20160421)/09_MQXLite/kernel/\libkernel.a
LOAD d:/freescale/kds_3.0.0/toolchain/bin/../lib/gcc/arm-none-eabi/4.8.4/../../../../arm-none-eabi/lib/armv6-m\libstdc++.a
LOAD d:/freescale/kds_3.0.0/toolchain/bin/../lib/gcc/arm-none-eabi/4.8.4/../../../../arm-none-eabi/lib/armv6-m\libm.a
START GROUP
LOAD d:/freescale/kds_3.0.0/toolchain/bin/../lib/gcc/arm-none-eabi/4.8.4/armv6-m\libgcc.a
LOAD d:/freescale/kds_3.0.0/toolchain/bin/../lib/gcc/arm-none-eabi/4.8.4/../../../../arm-none-eabi/lib/armv6-m\libg_s.a
LOAD d:/freescale/kds_3.0.0/toolchain/bin/../lib/gcc/arm-none-eabi/4.8.4/../../../../arm-none-eabi/lib/armv6-m\libc_s.a
END GROUP
                0x00000000                HEAP_SIZE = DEFINED (__heap_size__)?__heap_size__:0x0
                0x00000400                STACK_SIZE = DEFINED (__stack_size__)?__stack_size__:0x400

.interrupts     0x00000000       0xc0
                0x00000000                __VECTOR_TABLE = .
                0x00000000                . = ALIGN (0x4)
 *(.isr_vector)
 .isr_vector    0x00000000       0xc0 ./03_MCU/startup_MKL25Z4.o
                0x00000000                __isr_vector
                0x000000c0                . = ALIGN (0x4)

.flash_config   0x00000400       0x10
                0x00000400                . = ALIGN (0x4)
 *(.FlashConfig)
 .FlashConfig   0x00000400       0x10 ./03_MCU/startup_MKL25Z4.o
                0x00000410                . = ALIGN (0x4)

.text           0x00000410     0x5ed0
                0x00000410                . = ALIGN (0x4)
 *(.text)
 .text          0x00000410       0x4c ./03_MCU/startup_MKL25Z4.o
                0x00000410                Reset_Handler
                0x00000454                NMI_Handler
                0x00000454                DefaultISR
                0x00000454                PendSV_Handler
                0x00000454                SVC_Handler
                0x00000454                HardFault_Handler
 .text          0x0000045c       0x9c d:/freescale/kds_3.0.0/toolchain/bin/../lib/gcc/arm-none-eabi/4.8.4/armv6-m\libgcc.a(_udivsi3.o)
                0x0000045c                __aeabi_uidiv
                0x0000045c                __udivsi3
                0x000004e4                __aeabi_uidivmod
 .text          0x000004f8       0xc0 d:/freescale/kds_3.0.0/toolchain/bin/../lib/gcc/arm-none-eabi/4.8.4/armv6-m\libgcc.a(_divsi3.o)
                0x000004f8                __divsi3
                0x000004f8                __aeabi_idiv
                0x000005a4                __aeabi_idivmod
 .text          0x000005b8        0x4 d:/freescale/kds_3.0.0/toolchain/bin/../lib/gcc/arm-none-eabi/4.8.4/armv6-m\libgcc.a(_dvmd_tls.o)
                0x000005b8                __aeabi_idiv0
                0x000005b8                __aeabi_ldiv0
 .text          0x000005bc       0x7c d:/freescale/kds_3.0.0/toolchain/bin/../lib/gcc/arm-none-eabi/4.8.4/armv6-m\libgcc.a(_arm_cmpdf2.o)
                0x000005bc                __aeabi_cdrcmple
                0x000005cc                __aeabi_cdcmple
                0x000005cc                __aeabi_cdcmpeq
                0x000005dc                __aeabi_dcmpeq
                0x000005e8                __aeabi_dcmplt
                0x000005fc                __aeabi_dcmple
                0x00000610                __aeabi_dcmpgt
                0x00000624                __aeabi_dcmpge
 .text          0x00000638       0x40 d:/freescale/kds_3.0.0/toolchain/bin/../lib/gcc/arm-none-eabi/4.8.4/armv6-m\libgcc.a(_aeabi_uldivmod.o)
                0x00000638                __aeabi_uldivmod
 .text          0x00000678       0x40 d:/freescale/kds_3.0.0/toolchain/bin/../lib/gcc/arm-none-eabi/4.8.4/armv6-m\libgcc.a(_fixunsdfsi.o)
                0x00000678                __aeabi_d2uiz
                0x00000678                __fixunsdfsi
 .text          0x000006b8       0x48 d:/freescale/kds_3.0.0/toolchain/bin/../lib/gcc/arm-none-eabi/4.8.4/armv6-m\libgcc.a(_fixunsdfdi.o)
                0x000006b8                __fixunsdfdi
                0x000006b8                __aeabi_d2ulz
 .text          0x00000700       0x6c d:/freescale/kds_3.0.0/toolchain/bin/../lib/gcc/arm-none-eabi/4.8.4/armv6-m\libgcc.a(bpabi.o)
                0x00000700                __gnu_ldivmod_helper
                0x00000738                __gnu_uldivmod_helper
 .text          0x0000076c       0x94 d:/freescale/kds_3.0.0/toolchain/bin/../lib/gcc/arm-none-eabi/4.8.4/armv6-m\libgcc.a(eqdf2.o)
                0x0000076c                __nedf2
                0x0000076c                __eqdf2
 .text          0x00000800       0xfc d:/freescale/kds_3.0.0/toolchain/bin/../lib/gcc/arm-none-eabi/4.8.4/armv6-m\libgcc.a(gedf2.o)
                0x00000800                __gedf2
                0x00000800                __gtdf2
 .text          0x000008fc       0xfc d:/freescale/kds_3.0.0/toolchain/bin/../lib/gcc/arm-none-eabi/4.8.4/armv6-m\libgcc.a(ledf2.o)
                0x000008fc                __ledf2
                0x000008fc                __ltdf2
 .text          0x000009f8      0x520 d:/freescale/kds_3.0.0/toolchain/bin/../lib/gcc/arm-none-eabi/4.8.4/armv6-m\libgcc.a(muldf3.o)
                0x000009f8                __aeabi_dmul
 .text          0x00000f18      0x668 d:/freescale/kds_3.0.0/toolchain/bin/../lib/gcc/arm-none-eabi/4.8.4/armv6-m\libgcc.a(subdf3.o)
                0x00000f18                __aeabi_dsub
 .text          0x00001580       0x68 d:/freescale/kds_3.0.0/toolchain/bin/../lib/gcc/arm-none-eabi/4.8.4/armv6-m\libgcc.a(fixdfsi.o)
                0x00001580                __aeabi_d2iz
 .text          0x000015e8       0x68 d:/freescale/kds_3.0.0/toolchain/bin/../lib/gcc/arm-none-eabi/4.8.4/armv6-m\libgcc.a(floatunsidf.o)
                0x000015e8                __aeabi_ui2d
 .text          0x00001650       0x3c d:/freescale/kds_3.0.0/toolchain/bin/../lib/gcc/arm-none-eabi/4.8.4/armv6-m\libgcc.a(_clzsi2.o)
                0x00001650                __clzsi2
 .text          0x0000168c       0x44 d:/freescale/kds_3.0.0/toolchain/bin/../lib/gcc/arm-none-eabi/4.8.4/armv6-m\libgcc.a(_muldi3.o)
                0x0000168c                __muldi3
                0x0000168c                __aeabi_lmul
 .text          0x000016d0      0x3b8 d:/freescale/kds_3.0.0/toolchain/bin/../lib/gcc/arm-none-eabi/4.8.4/armv6-m\libgcc.a(_divdi3.o)
                0x000016d0                __divdi3
 .text          0x00001a88      0x384 d:/freescale/kds_3.0.0/toolchain/bin/../lib/gcc/arm-none-eabi/4.8.4/armv6-m\libgcc.a(_udivdi3.o)
                0x00001a88                __udivdi3
 *(.text*)
 .text._psp_int_install
                0x00001e0c       0x24 ./09_MQXLite/psp/cortex_m/int_inst.o
                0x00001e0c                _psp_int_install
 .text._mem_zero
                0x00001e30      0x188 ./09_MQXLite/psp/cortex_m/mem_zero.o
                0x00001e30                _mem_zero
 .text._psp_int_init
                0x00001fb8       0x30 ./09_MQXLite/psp/cortex_m/psp_iinit.o
                0x00001fb8                _psp_int_init
 .text._psp_add_ticks
                0x00001fe8       0x78 ./09_MQXLite/psp/cortex_m/psp_tiad.o
                0x00001fe8                _psp_add_ticks
 .text._psp_normalize_ticks
                0x00002060       0x6c ./09_MQXLite/psp/cortex_m/psp_tinm.o
                0x00002060                _psp_normalize_ticks
 .text._psp_set_kernel_disable_level
                0x000020cc       0xa4 ./09_MQXLite/psp/cortex_m/sc_irdyq.o
                0x000020cc                _psp_set_kernel_disable_level
 .text._psp_init_readyqs
                0x00002170       0xac ./09_MQXLite/psp/cortex_m/sc_irdyq.o
                0x00002170                _psp_init_readyqs
 .text._psp_build_stack_frame
                0x0000221c       0x80 ./09_MQXLite/psp/cortex_m/stack_bu.o
                0x0000221c                _psp_build_stack_frame
 .text._psp_destroy_stack_frame
                0x0000229c       0x10 ./09_MQXLite/psp/cortex_m/stack_de.o
                0x0000229c                _psp_destroy_stack_frame
 .text.NVIC_SetPriority
                0x000022ac       0xe0 ./09_MQXLite/bsp/init_bsp.o
 .text._bsp_enable_card
                0x0000238c       0xa0 ./09_MQXLite/bsp/init_bsp.o
                0x0000238c                _bsp_enable_card
 .text.systick_init
                0x0000242c       0x44 ./09_MQXLite/bsp/init_bsp.o
 .text._bsp_systick
                0x00002470       0x14 ./09_MQXLite/bsp/init_bsp.o
 .text._bsp_get_hwticks
                0x00002484       0x60 ./09_MQXLite/bsp/init_bsp.o
 .text.task_A   0x000024e4       0x2c ./09_MQXLite/app/task_A.o
                0x000024e4                task_A
 .text.task_B   0x00002510       0x30 ./09_MQXLite/app/task_B.o
                0x00002510                task_B
 .text.task_C   0x00002540       0x34 ./09_MQXLite/app/task_C.o
                0x00002540                task_C
 .text.task_D   0x00002574       0x88 ./09_MQXLite/app/task_D.o
                0x00002574                task_D
 .text.task_main
                0x000025fc       0xcc ./09_MQXLite/app/task_main.o
                0x000025fc                task_main
 .text.UART2_IRQHandler
                0x000026c8       0x6c ./08_Sources/isr.o
                0x000026c8                UART2_IRQHandler
 .text.CreateFrame
                0x00002734       0xe4 ./08_Sources/isr.o
                0x00002734                CreateFrame
 .text.main     0x00002818       0x1c ./08_Sources/main.o
                0x00002818                main
 .text.out_char
                0x00002834       0x20 ./07_Soft_Component/printf/printf.o
                0x00002834                out_char
 .text.printk_putc
                0x00002854       0x50 ./07_Soft_Component/printf/printf.o
 *fill*         0x000028a4        0x4 
 .text.printk_mkfloatstr
                0x000028a8      0x398 ./07_Soft_Component/printf/printf.o
                0x000028a8                printk_mkfloatstr
 .text.printk_mknumstr
                0x00002c40      0x100 ./07_Soft_Component/printf/printf.o
 .text.printk_pad_zero
                0x00002d40       0x38 ./07_Soft_Component/printf/printf.o
 .text.printk_pad_space
                0x00002d78       0x38 ./07_Soft_Component/printf/printf.o
 .text.printk   0x00002db0      0xa98 ./07_Soft_Component/printf/printf.o
                0x00002db0                printk
 .text.myprintf
                0x00003848       0x48 ./07_Soft_Component/printf/printf.o
                0x00003848                myprintf
 .text.light_init
                0x00003890       0x2c ./06_App_Component/light/light.o
                0x00003890                light_init
 .text.light_change
                0x000038bc       0x1c ./06_App_Component/light/light.o
                0x000038bc                light_change
 .text.NVIC_EnableIRQ
                0x000038d8       0x2c ./05_Driver/uart/uart.o
 .text.uart_init
                0x00003904      0x29c ./05_Driver/uart/uart.o
                0x00003904                uart_init
 .text.uart_send1
                0x00003ba0       0xa8 ./05_Driver/uart/uart.o
                0x00003ba0                uart_send1
 .text.uart_re1
                0x00003c48       0xc8 ./05_Driver/uart/uart.o
                0x00003c48                uart_re1
 .text.uart_enable_re_int
                0x00003d10       0x7c ./05_Driver/uart/uart.o
                0x00003d10                uart_enable_re_int
 .text.uart_is_uartNo
                0x00003d8c       0x24 ./05_Driver/uart/uart.o
                0x00003d8c                uart_is_uartNo
 .text.gpio_init
                0x00003db0       0xe8 ./05_Driver/gpio/gpio.o
                0x00003db0                gpio_init
 .text.gpio_set
                0x00003e98       0x80 ./05_Driver/gpio/gpio.o
                0x00003e98                gpio_set
 .text.gpio_reverse
                0x00003f18       0x54 ./05_Driver/gpio/gpio.o
                0x00003f18                gpio_reverse
 .text.gpio_get_port_pin
                0x00003f6c       0x34 ./05_Driver/gpio/gpio.o
                0x00003f6c                gpio_get_port_pin
 .text.SystemInit
                0x00003fa0      0x1e4 ./03_MCU/system_MKL25Z4.o
                0x00003fa0                SystemInit
 .text._int_default_isr
                0x00004184       0x5c D:/suda/KL25_BOOK/program/KL25_MQXLite(20160421)/09_MQXLite/kernel/\libkernel.a(int.o)
                0x00004184                _int_default_isr
 .text._int_disable
                0x000041e0       0x2c D:/suda/KL25_BOOK/program/KL25_MQXLite(20160421)/09_MQXLite/kernel/\libkernel.a(int.o)
                0x000041e0                _int_disable
 .text._int_enable
                0x0000420c       0x40 D:/suda/KL25_BOOK/program/KL25_MQXLite(20160421)/09_MQXLite/kernel/\libkernel.a(int.o)
                0x0000420c                _int_enable
 .text._int_install_isr
                0x0000424c       0x84 D:/suda/KL25_BOOK/program/KL25_MQXLite(20160421)/09_MQXLite/kernel/\libkernel.a(int.o)
                0x0000424c                _int_install_isr
 .text._int_init
                0x000042d0       0x88 D:/suda/KL25_BOOK/program/KL25_MQXLite(20160421)/09_MQXLite/kernel/\libkernel.a(int.o)
                0x000042d0                _int_init
 .text._lwevent_create_internal
                0x00004358      0x13c D:/suda/KL25_BOOK/program/KL25_MQXLite(20160421)/09_MQXLite/kernel/\libkernel.a(lwevent.o)
                0x00004358                _lwevent_create_internal
 .text._lwevent_create
                0x00004494       0x24 D:/suda/KL25_BOOK/program/KL25_MQXLite(20160421)/09_MQXLite/kernel/\libkernel.a(lwevent.o)
                0x00004494                _lwevent_create
 .text._lwevent_clear
                0x000044b8       0x80 D:/suda/KL25_BOOK/program/KL25_MQXLite(20160421)/09_MQXLite/kernel/\libkernel.a(lwevent.o)
                0x000044b8                _lwevent_clear
 .text._lwevent_set
                0x00004538      0x1c0 D:/suda/KL25_BOOK/program/KL25_MQXLite(20160421)/09_MQXLite/kernel/\libkernel.a(lwevent.o)
                0x00004538                _lwevent_set
 .text._lwevent_wait_internal
                0x000046f8      0x1b8 D:/suda/KL25_BOOK/program/KL25_MQXLite(20160421)/09_MQXLite/kernel/\libkernel.a(lwevent.o)
                0x000046f8                _lwevent_wait_internal
 .text._lwevent_wait_ticks
                0x000048b0       0x88 D:/suda/KL25_BOOK/program/KL25_MQXLite(20160421)/09_MQXLite/kernel/\libkernel.a(lwevent.o)
                0x000048b0                _lwevent_wait_ticks
 .text._mqx_set_cpu_type
                0x00004938       0x20 D:/suda/KL25_BOOK/program/KL25_MQXLite(20160421)/09_MQXLite/kernel/\libkernel.a(mqx_utils.o)
                0x00004938                _mqx_set_cpu_type
 .text._mqx_init_kernel_data_internal
                0x00004958      0x19c D:/suda/KL25_BOOK/program/KL25_MQXLite(20160421)/09_MQXLite/kernel/\libkernel.a(mqx_utils.o)
                0x00004958                _mqx_init_kernel_data_internal
 .text._mqxlite_init
                0x00004af4       0xc8 D:/suda/KL25_BOOK/program/KL25_MQXLite(20160421)/09_MQXLite/kernel/\libkernel.a(mqxlite.o)
                0x00004af4                _mqxlite_init
 .text._mqxlite
                0x00004bbc       0xc8 D:/suda/KL25_BOOK/program/KL25_MQXLite(20160421)/09_MQXLite/kernel/\libkernel.a(mqxlite.o)
                0x00004bbc                _mqxlite
 .text._mqx_exit
                0x00004c84       0x18 D:/suda/KL25_BOOK/program/KL25_MQXLite(20160421)/09_MQXLite/kernel/\libkernel.a(mqxlite.o)
                0x00004c84                _mqx_exit
 .text._task_create_at
                0x00004c9c       0xcc D:/suda/KL25_BOOK/program/KL25_MQXLite(20160421)/09_MQXLite/kernel/\libkernel.a(task.o)
                0x00004c9c                _task_create_at
 .text._task_destroy_internal
                0x00004d68      0x284 D:/suda/KL25_BOOK/program/KL25_MQXLite(20160421)/09_MQXLite/kernel/\libkernel.a(task.o)
                0x00004d68                _task_destroy_internal
 .text._task_destroy
                0x00004fec       0x1c D:/suda/KL25_BOOK/program/KL25_MQXLite(20160421)/09_MQXLite/kernel/\libkernel.a(task.o)
                0x00004fec                _task_destroy
 .text._task_get_td
                0x00005008       0xb0 D:/suda/KL25_BOOK/program/KL25_MQXLite(20160421)/09_MQXLite/kernel/\libkernel.a(task.o)
                0x00005008                _task_get_td
 .text._task_set_error
                0x000050b8       0x48 D:/suda/KL25_BOOK/program/KL25_MQXLite(20160421)/09_MQXLite/kernel/\libkernel.a(task.o)
                0x000050b8                _task_set_error
 .text._task_build_internal
                0x00005100       0xb0 D:/suda/KL25_BOOK/program/KL25_MQXLite(20160421)/09_MQXLite/kernel/\libkernel.a(task.o)
                0x00005100                _task_build_internal
 .text._task_exit_function_internal
                0x000051b0       0x30 D:/suda/KL25_BOOK/program/KL25_MQXLite(20160421)/09_MQXLite/kernel/\libkernel.a(task.o)
                0x000051b0                _task_exit_function_internal
 .text._task_init_internal
                0x000051e0      0x1a0 D:/suda/KL25_BOOK/program/KL25_MQXLite(20160421)/09_MQXLite/kernel/\libkernel.a(task.o)
                0x000051e0                _task_init_internal
 .text._task_fill_stack_internal
                0x00005380       0x34 D:/suda/KL25_BOOK/program/KL25_MQXLite(20160421)/09_MQXLite/kernel/\libkernel.a(task.o)
                0x00005380                _task_fill_stack_internal
 .text._task_ready_internal
                0x000053b4       0x44 D:/suda/KL25_BOOK/program/KL25_MQXLite(20160421)/09_MQXLite/kernel/\libkernel.a(task.o)
                0x000053b4                _task_ready_internal
 .text._task_alloc_td_internal
                0x000053f8      0x130 D:/suda/KL25_BOOK/program/KL25_MQXLite(20160421)/09_MQXLite/kernel/\libkernel.a(task.o)
                0x000053f8                _task_alloc_td_internal
 .text._task_set_error_td_internal
                0x00005528       0x2c D:/suda/KL25_BOOK/program/KL25_MQXLite(20160421)/09_MQXLite/kernel/\libkernel.a(task.o)
                0x00005528                _task_set_error_td_internal
 .text._time_delay_for
                0x00005554       0x6c D:/suda/KL25_BOOK/program/KL25_MQXLite(20160421)/09_MQXLite/kernel/\libkernel.a(time_ticks.o)
                0x00005554                _time_delay_for
 .text._time_delay_internal
                0x000055c0       0xf8 D:/suda/KL25_BOOK/program/KL25_MQXLite(20160421)/09_MQXLite/kernel/\libkernel.a(time_ticks.o)
                0x000055c0                _time_delay_internal
 .text._time_delay_ticks
                0x000056b8       0x74 D:/suda/KL25_BOOK/program/KL25_MQXLite(20160421)/09_MQXLite/kernel/\libkernel.a(time_ticks.o)
                0x000056b8                _time_delay_ticks
 .text._time_delay_until
                0x0000572c       0x64 D:/suda/KL25_BOOK/program/KL25_MQXLite(20160421)/09_MQXLite/kernel/\libkernel.a(time_ticks.o)
                0x0000572c                _time_delay_until
 .text._time_notify_kernel
                0x00005790      0x1a0 D:/suda/KL25_BOOK/program/KL25_MQXLite(20160421)/09_MQXLite/kernel/\libkernel.a(time_ticks.o)
                0x00005790                _time_notify_kernel
 .text._time_set_timer_vector
                0x00005930       0x20 D:/suda/KL25_BOOK/program/KL25_MQXLite(20160421)/09_MQXLite/kernel/\libkernel.a(time_ticks.o)
                0x00005930                _time_set_timer_vector
 .text._time_set_hwtick_function
                0x00005950       0x28 D:/suda/KL25_BOOK/program/KL25_MQXLite(20160421)/09_MQXLite/kernel/\libkernel.a(time_ticks.o)
                0x00005950                _time_set_hwtick_function
 .text._time_set_hwticks_per_tick
                0x00005978       0x20 D:/suda/KL25_BOOK/program/KL25_MQXLite(20160421)/09_MQXLite/kernel/\libkernel.a(time_ticks.o)
                0x00005978                _time_set_hwticks_per_tick
 .text._mqx_idle_task
                0x00005998       0x74 D:/suda/KL25_BOOK/program/KL25_MQXLite(20160421)/09_MQXLite/kernel/\libkernel.a(idletask.o)
                0x00005998                _mqx_idle_task
 .text._lwsem_create_internal
                0x00005a0c       0xc8 D:/suda/KL25_BOOK/program/KL25_MQXLite(20160421)/09_MQXLite/kernel/\libkernel.a(lwsem.o)
                0x00005a0c                _lwsem_create_internal
 .text._lwsem_create
                0x00005ad4       0x24 D:/suda/KL25_BOOK/program/KL25_MQXLite(20160421)/09_MQXLite/kernel/\libkernel.a(lwsem.o)
                0x00005ad4                _lwsem_create
 .text._lwsem_post
                0x00005af8      0x154 D:/suda/KL25_BOOK/program/KL25_MQXLite(20160421)/09_MQXLite/kernel/\libkernel.a(lwsem.o)
                0x00005af8                _lwsem_post
 .text._lwsem_wait
                0x00005c4c      0x114 D:/suda/KL25_BOOK/program/KL25_MQXLite(20160421)/09_MQXLite/kernel/\libkernel.a(lwsem.o)
                0x00005c4c                _lwsem_wait
 .text.memset   0x00005d60       0x10 d:/freescale/kds_3.0.0/toolchain/bin/../lib/gcc/arm-none-eabi/4.8.4/../../../../arm-none-eabi/lib/armv6-m\libg_s.a(lib_a-memset.o)
                0x00005d60                memset
 .text.strlen   0x00005d70        0xe d:/freescale/kds_3.0.0/toolchain/bin/../lib/gcc/arm-none-eabi/4.8.4/../../../../arm-none-eabi/lib/armv6-m\libg_s.a(lib_a-strlen.o)
                0x00005d70                strlen
 *(.rodata)
 *fill*         0x00005d7e        0x2 
 .rodata        0x00005d80       0x14 ./09_MQXLite/app/task_A.o
 .rodata        0x00005d94       0x18 ./09_MQXLite/app/task_B.o
 .rodata        0x00005dac       0x14 ./09_MQXLite/app/task_C.o
 .rodata        0x00005dc0       0x2c ./09_MQXLite/app/task_D.o
 .rodata        0x00005dec       0x28 ./09_MQXLite/app/task_templates.o
 .rodata        0x00005e14       0x10 D:/suda/KL25_BOOK/program/KL25_MQXLite(20160421)/09_MQXLite/kernel/\libkernel.a(mqx_utils.o)
 .rodata        0x00005e24       0x40 d:/freescale/kds_3.0.0/toolchain/bin/../lib/gcc/arm-none-eabi/4.8.4/armv6-m\libgcc.a(muldf3.o)
 *(.rodata*)
 .rodata._mem_zero
                0x00005e64       0x40 ./09_MQXLite/psp/cortex_m/mem_zero.o
 .rodata.MQX_init_struct
                0x00005ea4       0x24 ./09_MQXLite/bsp/mqx_init.o
                0x00005ea4                MQX_init_struct
 .rodata.MQX_template_list
                0x00005ec8       0xa8 ./09_MQXLite/app/task_templates.o
                0x00005ec8                MQX_template_list
 .rodata.printk
                0x00005f70       0xc8 ./07_Soft_Component/printf/printf.o
 .rodata.UART_ARR
                0x00006038        0x8 ./05_Driver/uart/uart.o
 .rodata.PORT_ARR
                0x00006040       0x14 ./05_Driver/gpio/gpio.o
                0x00006040                PORT_ARR
 .rodata.GPIO_ARR
                0x00006054       0x14 ./05_Driver/gpio/gpio.o
                0x00006054                GPIO_ARR
 *(.glue_7)
 .glue_7        0x00000000        0x0 linker stubs
 *(.glue_7t)
 .glue_7t       0x00000000        0x0 linker stubs
 *(.eh_frame)
 *(.init)
 *(.fini)
                0x00006068                . = ALIGN (0x4)
 *(KERNEL)
 KERNEL         0x00006068      0x278 ./09_MQXLite/psp/cortex_m/core/M0/dispatch.o
                0x00006068                _sched_start_internal
                0x0000606e                _sched_run_internal
                0x00006074                _sched_check_scheduler_internal
                0x0000608c                _sched_execute_scheduler_internal
                0x00006154                _mqx_api_call
                0x00006156                _task_block
                0x0000619e                _int_kernel_isr
                0x00006248                _psp_exception_return
                0x00006280                _mem_test_and_set
                0x00006296                __get_PSP
                0x0000629c                __get_MSP
                0x000062a2                __set_MSP
                0x000062a8                __get_PSR
                0x000062ae                __enable_interrupt
                0x000062b2                __disable_interrupt
                0x000062b6                __get_LR
                0x000062ba                __get_PC
                0x000062be                __get_CONTROL
                0x00000000                __VECTOR_TABLE_START = __VECTOR_TABLE
                0x000062e0                . = ALIGN (0x4)
 *(.rdata)
                0x000062e0                . = ALIGN (0x4)
 *(.exception)
                0x000062e0                . = ALIGN (0x4)
                0x000062e0                __exception_table_start__ = .
                0x000062e0                __exception_table_end__ = .
                0x000062e0                __sinit__ = .

.vfp11_veneer   0x000062e0        0x0
 .vfp11_veneer  0x00000000        0x0 linker stubs

.v4_bx          0x000062e0        0x0
 .v4_bx         0x00000000        0x0 linker stubs

.iplt           0x000062e0        0x0
 .iplt          0x00000000        0x0 ./09_MQXLite/psp/cortex_m/core/M0/dispatch.o

.ARM.extab
 *(.ARM.extab* .gnu.linkonce.armextab.*)

.ARM            0x000062e0        0x8
                0x000062e0                __exidx_start = .
 *(.ARM.exidx*)
 .ARM.exidx     0x000062e0        0x8 d:/freescale/kds_3.0.0/toolchain/bin/../lib/gcc/arm-none-eabi/4.8.4/armv6-m\libgcc.a(_divdi3.o)
 .ARM.exidx     0x000062e8        0x0 d:/freescale/kds_3.0.0/toolchain/bin/../lib/gcc/arm-none-eabi/4.8.4/armv6-m\libgcc.a(_udivdi3.o)
                                  0x8 (size before relaxing)
                0x000062e8                __exidx_end = .

.rel.dyn        0x000062e8        0x0
 .rel.iplt      0x00000000        0x0 ./09_MQXLite/psp/cortex_m/core/M0/dispatch.o

.ctors          0x000062e8        0x0
                0x000062e8                __CTOR_LIST__ = .
 *crtbegin.o(.ctors)
 *crtbegin?.o(.ctors)
 *(EXCLUDE_FILE(*crtend.o *crtend?.o) .ctors)
 *(SORT(.ctors.*))
 *(.ctors)
                0x000062e8                __CTOR_END__ = .

.dtors          0x000062e8        0x0
                0x000062e8                __DTOR_LIST__ = .
 *crtbegin.o(.dtors)
 *crtbegin?.o(.dtors)
 *(EXCLUDE_FILE(*crtend.o *crtend?.o) .dtors)
 *(SORT(.dtors.*))
 *(.dtors)
                0x000062e8                __DTOR_END__ = .

.preinit_array  0x000062e8        0x0
                0x000062e8                PROVIDE (__preinit_array_start, .)
 *(.preinit_array*)
                0x000062e8                PROVIDE (__preinit_array_end, .)

.init_array     0x000062e8        0x0
                0x000062e8                PROVIDE (__init_array_start, .)
 *(SORT(.init_array.*))
 *(.init_array*)
                0x000062e8                PROVIDE (__init_array_end, .)

.fini_array     0x000062e8        0x0
                0x000062e8                PROVIDE (__fini_array_start, .)
 *(SORT(.fini_array.*))
 *(.fini_array*)
                0x000062e8                PROVIDE (__fini_array_end, .)
                0x000062e8                __etext = .
                0x000062e8                __DATA_ROM = .

.mtb            0x1ffff000        0x0
                0x1ffff000                . = ALIGN (0x8)
                0x1ffff000                _mtb_start = .
 *(.mtb_buf)
                0x1ffff000                . = ALIGN (0x8)
                0x1ffff000                _mtb_end = .

.data           0x1ffff000       0x14 load address 0x000062e8
                0x1ffff000                . = ALIGN (0x4)
                0x1ffff000                __DATA_RAM = .
                0x1ffff000                __data_start__ = .
 *(.data)
 *(.data*)
 .data.mqx_task_stack_pointers
                0x1ffff000        0x8 ./09_MQXLite/app/task_templates.o
                0x1ffff000                mqx_task_stack_pointers
 .data.table_irq_uart
                0x1ffff008        0x4 ./05_Driver/uart/uart.o
 .data.SystemCoreClock
                0x1ffff00c        0x4 ./03_MCU/system_MKL25Z4.o
                0x1ffff00c                SystemCoreClock
 .data._mqx_kernel_data
                0x1ffff010        0x4 D:/suda/KL25_BOOK/program/KL25_MQXLite(20160421)/09_MQXLite/kernel/\libkernel.a(mqxlite.o)
                0x1ffff010                _mqx_kernel_data
 *(.jcr*)
                0x1ffff014                . = ALIGN (0x4)
                0x1ffff014                __data_end__ = .
                0x000062fc                __DATA_END = (__DATA_ROM + (__data_end__ - __data_start__))

.igot.plt       0x1ffff014        0x0 load address 0x000062fc
 .igot.plt      0x00000000        0x0 ./09_MQXLite/psp/cortex_m/core/M0/dispatch.o

.bss            0x1ffff014     0x1884 load address 0x000062fc
                0x1ffff014                . = ALIGN (0x4)
                0x1ffff014                __START_BSS = .
                0x1ffff014                __bss_start__ = .
 *(.bss)
 *(.bss*)
 .bss.frameCount.6279
                0x1ffff014        0x1 ./08_Sources/isr.o
 *(COMMON)
 *fill*         0x1ffff015        0x3 
 COMMON         0x1ffff018      0x94c ./09_MQXLite/bsp/mqx_init.o
                0x1ffff018                mqx_interrupt_stack
                0x1ffff228                mqx_kernel_data
                0x1ffff480                mqx_static_ready_queue
                0x1ffff590                mqx_static_isr_table
                0x1ffff71c                mqx_idle_task_stack
                0x1ffff844                mqx_system_stack
 COMMON         0x1ffff964      0xf20 ./09_MQXLite/app/task_main.o
                0x1ffff964                task_main_stack
                0x1ffffde8                lwevent_group1
                0x1ffffe0c                task_A_stack
                0x20000090                task_C_stack
                0x20000314                g_UART_ISR_buffer
                0x20000378                g_UART_FrameCount
                0x2000037c                task_B_stack
                0x20000600                task_D_stack
 COMMON         0x20000884       0x10 D:/suda/KL25_BOOK/program/KL25_MQXLite(20160421)/09_MQXLite/kernel/\libkernel.a(mqxlite.o)
                0x20000884                _mqx_zero_tick_struct
                0x20000890                _mqx_system_stack
 COMMON         0x20000894        0x4 D:/suda/KL25_BOOK/program/KL25_MQXLite(20160421)/09_MQXLite/kernel/\libkernel.a(task.o)
                0x20000894                _tad_task_at_flag
                0x20000898                . = ALIGN (0x4)
                0x20000898                __bss_end__ = .
                0x20000898                __END_BSS = .

.heap           0x20000898        0x0
                0x20000898                . = ALIGN (0x8)
                0x20000898                __end__ = .
                0x20000898                PROVIDE (end, .)
                0x20000898                __HeapBase = .
                0x20000898                . = (. + HEAP_SIZE)
                0x20000898                __HeapLimit = .

.stack          0x20000898      0x400 load address 0x00007b80
                0x20000898                . = ALIGN (0x8)
                0x20000c98                . = (. + STACK_SIZE)
 *fill*         0x20000898      0x400 
                0x20003000                __StackTop = (ORIGIN (m_data) + 0x4000)
                0x20002c00                __StackLimit = (__StackTop - STACK_SIZE)
                0x20003000                PROVIDE (__stack, __StackTop)

.ARM.attributes
                0x00000000       0x2e
 *(.ARM.attributes)
 .ARM.attributes
                0x00000000       0x22 ./09_MQXLite/psp/cortex_m/core/M0/dispatch.o
 .ARM.attributes
                0x00000022       0x32 ./09_MQXLite/psp/cortex_m/int_inst.o
 .ARM.attributes
                0x00000054       0x32 ./09_MQXLite/psp/cortex_m/mem_zero.o
 .ARM.attributes
                0x00000086       0x32 ./09_MQXLite/psp/cortex_m/psp_iinit.o
 .ARM.attributes
                0x000000b8       0x32 ./09_MQXLite/psp/cortex_m/psp_tiad.o
 .ARM.attributes
                0x000000ea       0x32 ./09_MQXLite/psp/cortex_m/psp_tinm.o
 .ARM.attributes
                0x0000011c       0x32 ./09_MQXLite/psp/cortex_m/sc_irdyq.o
 .ARM.attributes
                0x0000014e       0x32 ./09_MQXLite/psp/cortex_m/stack_bu.o
 .ARM.attributes
                0x00000180       0x32 ./09_MQXLite/psp/cortex_m/stack_de.o
 .ARM.attributes
                0x000001b2       0x32 ./09_MQXLite/bsp/init_bsp.o
 .ARM.attributes
                0x000001e4       0x32 ./09_MQXLite/bsp/mqx_init.o
 .ARM.attributes
                0x00000216       0x32 ./09_MQXLite/app/task_A.o
 .ARM.attributes
                0x00000248       0x32 ./09_MQXLite/app/task_B.o
 .ARM.attributes
                0x0000027a       0x32 ./09_MQXLite/app/task_C.o
 .ARM.attributes
                0x000002ac       0x32 ./09_MQXLite/app/task_D.o
 .ARM.attributes
                0x000002de       0x32 ./09_MQXLite/app/task_main.o
 .ARM.attributes
                0x00000310       0x32 ./09_MQXLite/app/task_templates.o
 .ARM.attributes
                0x00000342       0x32 ./08_Sources/isr.o
 .ARM.attributes
                0x00000374       0x32 ./08_Sources/main.o
 .ARM.attributes
                0x000003a6       0x32 ./07_Soft_Component/printf/printf.o
 .ARM.attributes
                0x000003d8       0x32 ./06_App_Component/light/light.o
 .ARM.attributes
                0x0000040a       0x32 ./05_Driver/uart/uart.o
 .ARM.attributes
                0x0000043c       0x32 ./05_Driver/gpio/gpio.o
 .ARM.attributes
                0x0000046e       0x1b ./03_MCU/startup_MKL25Z4.o
 .ARM.attributes
                0x00000489       0x32 ./03_MCU/system_MKL25Z4.o
 .ARM.attributes
                0x000004bb       0x32 D:/suda/KL25_BOOK/program/KL25_MQXLite(20160421)/09_MQXLite/kernel/\libkernel.a(int.o)
 .ARM.attributes
                0x000004ed       0x32 D:/suda/KL25_BOOK/program/KL25_MQXLite(20160421)/09_MQXLite/kernel/\libkernel.a(lwevent.o)
 .ARM.attributes
                0x0000051f       0x32 D:/suda/KL25_BOOK/program/KL25_MQXLite(20160421)/09_MQXLite/kernel/\libkernel.a(mqx_utils.o)
 .ARM.attributes
                0x00000551       0x32 D:/suda/KL25_BOOK/program/KL25_MQXLite(20160421)/09_MQXLite/kernel/\libkernel.a(mqxlite.o)
 .ARM.attributes
                0x00000583       0x32 D:/suda/KL25_BOOK/program/KL25_MQXLite(20160421)/09_MQXLite/kernel/\libkernel.a(task.o)
 .ARM.attributes
                0x000005b5       0x32 D:/suda/KL25_BOOK/program/KL25_MQXLite(20160421)/09_MQXLite/kernel/\libkernel.a(time_ticks.o)
 .ARM.attributes
                0x000005e7       0x32 D:/suda/KL25_BOOK/program/KL25_MQXLite(20160421)/09_MQXLite/kernel/\libkernel.a(idletask.o)
 .ARM.attributes
                0x00000619       0x32 D:/suda/KL25_BOOK/program/KL25_MQXLite(20160421)/09_MQXLite/kernel/\libkernel.a(lwsem.o)
 .ARM.attributes
                0x0000064b       0x1e d:/freescale/kds_3.0.0/toolchain/bin/../lib/gcc/arm-none-eabi/4.8.4/armv6-m\libgcc.a(_udivsi3.o)
 .ARM.attributes
                0x00000669       0x1e d:/freescale/kds_3.0.0/toolchain/bin/../lib/gcc/arm-none-eabi/4.8.4/armv6-m\libgcc.a(_divsi3.o)
 .ARM.attributes
                0x00000687       0x1e d:/freescale/kds_3.0.0/toolchain/bin/../lib/gcc/arm-none-eabi/4.8.4/armv6-m\libgcc.a(_dvmd_tls.o)
 .ARM.attributes
                0x000006a5       0x1e d:/freescale/kds_3.0.0/toolchain/bin/../lib/gcc/arm-none-eabi/4.8.4/armv6-m\libgcc.a(_arm_cmpdf2.o)
 .ARM.attributes
                0x000006c3       0x1e d:/freescale/kds_3.0.0/toolchain/bin/../lib/gcc/arm-none-eabi/4.8.4/armv6-m\libgcc.a(_aeabi_uldivmod.o)
 .ARM.attributes
                0x000006e1       0x2c d:/freescale/kds_3.0.0/toolchain/bin/../lib/gcc/arm-none-eabi/4.8.4/armv6-m\libgcc.a(_fixunsdfsi.o)
 .ARM.attributes
                0x0000070d       0x2c d:/freescale/kds_3.0.0/toolchain/bin/../lib/gcc/arm-none-eabi/4.8.4/armv6-m\libgcc.a(_fixunsdfdi.o)
 .ARM.attributes
                0x00000739       0x2c d:/freescale/kds_3.0.0/toolchain/bin/../lib/gcc/arm-none-eabi/4.8.4/armv6-m\libgcc.a(bpabi.o)
 .ARM.attributes
                0x00000765       0x2c d:/freescale/kds_3.0.0/toolchain/bin/../lib/gcc/arm-none-eabi/4.8.4/armv6-m\libgcc.a(eqdf2.o)
 .ARM.attributes
                0x00000791       0x2c d:/freescale/kds_3.0.0/toolchain/bin/../lib/gcc/arm-none-eabi/4.8.4/armv6-m\libgcc.a(gedf2.o)
 .ARM.attributes
                0x000007bd       0x2c d:/freescale/kds_3.0.0/toolchain/bin/../lib/gcc/arm-none-eabi/4.8.4/armv6-m\libgcc.a(ledf2.o)
 .ARM.attributes
                0x000007e9       0x2c d:/freescale/kds_3.0.0/toolchain/bin/../lib/gcc/arm-none-eabi/4.8.4/armv6-m\libgcc.a(muldf3.o)
 .ARM.attributes
                0x00000815       0x2c d:/freescale/kds_3.0.0/toolchain/bin/../lib/gcc/arm-none-eabi/4.8.4/armv6-m\libgcc.a(subdf3.o)
 .ARM.attributes
                0x00000841       0x2c d:/freescale/kds_3.0.0/toolchain/bin/../lib/gcc/arm-none-eabi/4.8.4/armv6-m\libgcc.a(fixdfsi.o)
 .ARM.attributes
                0x0000086d       0x2c d:/freescale/kds_3.0.0/toolchain/bin/../lib/gcc/arm-none-eabi/4.8.4/armv6-m\libgcc.a(floatunsidf.o)
 .ARM.attributes
                0x00000899       0x1e d:/freescale/kds_3.0.0/toolchain/bin/../lib/gcc/arm-none-eabi/4.8.4/armv6-m\libgcc.a(_clzsi2.o)
 .ARM.attributes
                0x000008b7       0x2c d:/freescale/kds_3.0.0/toolchain/bin/../lib/gcc/arm-none-eabi/4.8.4/armv6-m\libgcc.a(_muldi3.o)
 .ARM.attributes
                0x000008e3       0x2c d:/freescale/kds_3.0.0/toolchain/bin/../lib/gcc/arm-none-eabi/4.8.4/armv6-m\libgcc.a(_divdi3.o)
 .ARM.attributes
                0x0000090f       0x2c d:/freescale/kds_3.0.0/toolchain/bin/../lib/gcc/arm-none-eabi/4.8.4/armv6-m\libgcc.a(_udivdi3.o)
 .ARM.attributes
                0x0000093b       0x2c d:/freescale/kds_3.0.0/toolchain/bin/../lib/gcc/arm-none-eabi/4.8.4/../../../../arm-none-eabi/lib/armv6-m\libg_s.a(lib_a-memset.o)
 .ARM.attributes
                0x00000967       0x2c d:/freescale/kds_3.0.0/toolchain/bin/../lib/gcc/arm-none-eabi/4.8.4/../../../../arm-none-eabi/lib/armv6-m\libg_s.a(lib_a-strlen.o)
                0x00000001                ASSERT ((__StackLimit >= __HeapLimit), region m_data overflowed with stack and heap)
OUTPUT(KL25_MQXLite(0327).elf elf32-littlearm)

.debug_line     0x00000000     0xbbfc
 .debug_line    0x00000000      0x18e ./09_MQXLite/psp/cortex_m/core/M0/dispatch.o
 .debug_line    0x0000018e      0x518 ./09_MQXLite/psp/cortex_m/int_inst.o
 .debug_line    0x000006a6      0x594 ./09_MQXLite/psp/cortex_m/mem_zero.o
 .debug_line    0x00000c3a      0x510 ./09_MQXLite/psp/cortex_m/psp_iinit.o
 .debug_line    0x0000114a      0x513 ./09_MQXLite/psp/cortex_m/psp_tiad.o
 .debug_line    0x0000165d      0x511 ./09_MQXLite/psp/cortex_m/psp_tinm.o
 .debug_line    0x00001b6e      0x569 ./09_MQXLite/psp/cortex_m/sc_irdyq.o
 .debug_line    0x000020d7      0x51a ./09_MQXLite/psp/cortex_m/stack_bu.o
 .debug_line    0x000025f1      0x50b ./09_MQXLite/psp/cortex_m/stack_de.o
 .debug_line    0x00002afc      0x66a ./09_MQXLite/bsp/init_bsp.o
 .debug_line    0x00003166      0x4f2 ./09_MQXLite/bsp/mqx_init.o
 .debug_line    0x00003658      0x794 ./09_MQXLite/app/task_A.o
 .debug_line    0x00003dec      0x795 ./09_MQXLite/app/task_B.o
 .debug_line    0x00004581      0x795 ./09_MQXLite/app/task_C.o
 .debug_line    0x00004d16      0x79a ./09_MQXLite/app/task_D.o
 .debug_line    0x000054b0      0x7a8 ./09_MQXLite/app/task_main.o
 .debug_line    0x00005c58      0x77b ./09_MQXLite/app/task_templates.o
 .debug_line    0x000063d3      0x7fc ./08_Sources/isr.o
 .debug_line    0x00006bcf      0x45a ./08_Sources/main.o
 .debug_line    0x00007029      0x69b ./07_Soft_Component/printf/printf.o
 .debug_line    0x000076c4      0x36d ./06_App_Component/light/light.o
 .debug_line    0x00007a31      0x49a ./05_Driver/uart/uart.o
 .debug_line    0x00007ecb      0x445 ./05_Driver/gpio/gpio.o
 .debug_line    0x00008310       0x70 ./03_MCU/startup_MKL25Z4.o
 .debug_line    0x00008380      0x296 ./03_MCU/system_MKL25Z4.o
 .debug_line    0x00008616      0x5a4 D:/suda/KL25_BOOK/program/KL25_MQXLite(20160421)/09_MQXLite/kernel/\libkernel.a(int.o)
 .debug_line    0x00008bba      0x65e D:/suda/KL25_BOOK/program/KL25_MQXLite(20160421)/09_MQXLite/kernel/\libkernel.a(lwevent.o)
 .debug_line    0x00009218      0x579 D:/suda/KL25_BOOK/program/KL25_MQXLite(20160421)/09_MQXLite/kernel/\libkernel.a(mqx_utils.o)
 .debug_line    0x00009791      0x812 D:/suda/KL25_BOOK/program/KL25_MQXLite(20160421)/09_MQXLite/kernel/\libkernel.a(mqxlite.o)
 .debug_line    0x00009fa3      0xaf4 D:/suda/KL25_BOOK/program/KL25_MQXLite(20160421)/09_MQXLite/kernel/\libkernel.a(task.o)
 .debug_line    0x0000aa97      0x71b D:/suda/KL25_BOOK/program/KL25_MQXLite(20160421)/09_MQXLite/kernel/\libkernel.a(time_ticks.o)
 .debug_line    0x0000b1b2      0x3e3 D:/suda/KL25_BOOK/program/KL25_MQXLite(20160421)/09_MQXLite/kernel/\libkernel.a(idletask.o)
 .debug_line    0x0000b595      0x667 D:/suda/KL25_BOOK/program/KL25_MQXLite(20160421)/09_MQXLite/kernel/\libkernel.a(lwsem.o)

.debug_info     0x00000000    0x1006f
 .debug_info    0x00000000       0x8d ./09_MQXLite/psp/cortex_m/core/M0/dispatch.o
 .debug_info    0x0000008d      0xa33 ./09_MQXLite/psp/cortex_m/int_inst.o
 .debug_info    0x00000ac0      0x144 ./09_MQXLite/psp/cortex_m/mem_zero.o
 .debug_info    0x00000c04       0xe2 ./09_MQXLite/psp/cortex_m/psp_iinit.o
 .debug_info    0x00000ce6      0xa83 ./09_MQXLite/psp/cortex_m/psp_tiad.o
 .debug_info    0x00001769      0xa7c ./09_MQXLite/psp/cortex_m/psp_tinm.o
 .debug_info    0x000021e5      0xbd3 ./09_MQXLite/psp/cortex_m/sc_irdyq.o
 .debug_info    0x00002db8      0x60c ./09_MQXLite/psp/cortex_m/stack_bu.o
 .debug_info    0x000033c4      0x401 ./09_MQXLite/psp/cortex_m/stack_de.o
 .debug_info    0x000037c5      0xdc5 ./09_MQXLite/bsp/init_bsp.o
 .debug_info    0x0000458a      0xbc6 ./09_MQXLite/bsp/mqx_init.o
 .debug_info    0x00005150       0xac ./09_MQXLite/app/task_A.o
 .debug_info    0x000051fc       0xac ./09_MQXLite/app/task_B.o
 .debug_info    0x000052a8       0xac ./09_MQXLite/app/task_C.o
 .debug_info    0x00005354      0x20f ./09_MQXLite/app/task_D.o
 .debug_info    0x00005563      0x3a5 ./09_MQXLite/app/task_main.o
 .debug_info    0x00005908      0x295 ./09_MQXLite/app/task_templates.o
 .debug_info    0x00005b9d      0x26f ./08_Sources/isr.o
 .debug_info    0x00005e0c      0x21d ./08_Sources/main.o
 .debug_info    0x00006029      0x654 ./07_Soft_Component/printf/printf.o
 .debug_info    0x0000667d      0x110 ./06_App_Component/light/light.o
 .debug_info    0x0000678d      0xa66 ./05_Driver/uart/uart.o
 .debug_info    0x000071f3      0x850 ./05_Driver/gpio/gpio.o
 .debug_info    0x00007a43       0x7b ./03_MCU/startup_MKL25Z4.o
 .debug_info    0x00007abe      0x5ae ./03_MCU/system_MKL25Z4.o
 .debug_info    0x0000806c      0xde1 D:/suda/KL25_BOOK/program/KL25_MQXLite(20160421)/09_MQXLite/kernel/\libkernel.a(int.o)
 .debug_info    0x00008e4d     0x10ac D:/suda/KL25_BOOK/program/KL25_MQXLite(20160421)/09_MQXLite/kernel/\libkernel.a(lwevent.o)
 .debug_info    0x00009ef9      0xb92 D:/suda/KL25_BOOK/program/KL25_MQXLite(20160421)/09_MQXLite/kernel/\libkernel.a(mqx_utils.o)
 .debug_info    0x0000aa8b      0xc6d D:/suda/KL25_BOOK/program/KL25_MQXLite(20160421)/09_MQXLite/kernel/\libkernel.a(mqxlite.o)
 .debug_info    0x0000b6f8     0x1ee2 D:/suda/KL25_BOOK/program/KL25_MQXLite(20160421)/09_MQXLite/kernel/\libkernel.a(task.o)
 .debug_info    0x0000d5da     0x102c D:/suda/KL25_BOOK/program/KL25_MQXLite(20160421)/09_MQXLite/kernel/\libkernel.a(time_ticks.o)
 .debug_info    0x0000e606      0x9fe D:/suda/KL25_BOOK/program/KL25_MQXLite(20160421)/09_MQXLite/kernel/\libkernel.a(idletask.o)
 .debug_info    0x0000f004     0x106b D:/suda/KL25_BOOK/program/KL25_MQXLite(20160421)/09_MQXLite/kernel/\libkernel.a(lwsem.o)

.debug_abbrev   0x00000000     0x2829
 .debug_abbrev  0x00000000       0x14 ./09_MQXLite/psp/cortex_m/core/M0/dispatch.o
 .debug_abbrev  0x00000014      0x164 ./09_MQXLite/psp/cortex_m/int_inst.o
 .debug_abbrev  0x00000178       0x80 ./09_MQXLite/psp/cortex_m/mem_zero.o
 .debug_abbrev  0x000001f8       0x72 ./09_MQXLite/psp/cortex_m/psp_iinit.o
 .debug_abbrev  0x0000026a      0x13d ./09_MQXLite/psp/cortex_m/psp_tiad.o
 .debug_abbrev  0x000003a7      0x155 ./09_MQXLite/psp/cortex_m/psp_tinm.o
 .debug_abbrev  0x000004fc      0x196 ./09_MQXLite/psp/cortex_m/sc_irdyq.o
 .debug_abbrev  0x00000692      0x11e ./09_MQXLite/psp/cortex_m/stack_bu.o
 .debug_abbrev  0x000007b0       0xe3 ./09_MQXLite/psp/cortex_m/stack_de.o
 .debug_abbrev  0x00000893      0x21d ./09_MQXLite/bsp/init_bsp.o
 .debug_abbrev  0x00000ab0      0x146 ./09_MQXLite/bsp/mqx_init.o
 .debug_abbrev  0x00000bf6       0x54 ./09_MQXLite/app/task_A.o
 .debug_abbrev  0x00000c4a       0x54 ./09_MQXLite/app/task_B.o
 .debug_abbrev  0x00000c9e       0x54 ./09_MQXLite/app/task_C.o
 .debug_abbrev  0x00000cf2       0xcb ./09_MQXLite/app/task_D.o
 .debug_abbrev  0x00000dbd       0xfb ./09_MQXLite/app/task_main.o
 .debug_abbrev  0x00000eb8       0xd6 ./09_MQXLite/app/task_templates.o
 .debug_abbrev  0x00000f8e       0xee ./08_Sources/isr.o
 .debug_abbrev  0x0000107c       0xb7 ./08_Sources/main.o
 .debug_abbrev  0x00001133      0x1d8 ./07_Soft_Component/printf/printf.o
 .debug_abbrev  0x0000130b       0x6e ./06_App_Component/light/light.o
 .debug_abbrev  0x00001379      0x217 ./05_Driver/uart/uart.o
 .debug_abbrev  0x00001590      0x1e9 ./05_Driver/gpio/gpio.o
 .debug_abbrev  0x00001779       0x14 ./03_MCU/startup_MKL25Z4.o
 .debug_abbrev  0x0000178d      0x188 ./03_MCU/system_MKL25Z4.o
 .debug_abbrev  0x00001915      0x1ff D:/suda/KL25_BOOK/program/KL25_MQXLite(20160421)/09_MQXLite/kernel/\libkernel.a(int.o)
 .debug_abbrev  0x00001b14      0x1dd D:/suda/KL25_BOOK/program/KL25_MQXLite(20160421)/09_MQXLite/kernel/\libkernel.a(lwevent.o)
 .debug_abbrev  0x00001cf1      0x1e1 D:/suda/KL25_BOOK/program/KL25_MQXLite(20160421)/09_MQXLite/kernel/\libkernel.a(mqx_utils.o)
 .debug_abbrev  0x00001ed2      0x1d6 D:/suda/KL25_BOOK/program/KL25_MQXLite(20160421)/09_MQXLite/kernel/\libkernel.a(mqxlite.o)
 .debug_abbrev  0x000020a8      0x276 D:/suda/KL25_BOOK/program/KL25_MQXLite(20160421)/09_MQXLite/kernel/\libkernel.a(task.o)
 .debug_abbrev  0x0000231e      0x200 D:/suda/KL25_BOOK/program/KL25_MQXLite(20160421)/09_MQXLite/kernel/\libkernel.a(time_ticks.o)
 .debug_abbrev  0x0000251e      0x144 D:/suda/KL25_BOOK/program/KL25_MQXLite(20160421)/09_MQXLite/kernel/\libkernel.a(idletask.o)
 .debug_abbrev  0x00002662      0x1c7 D:/suda/KL25_BOOK/program/KL25_MQXLite(20160421)/09_MQXLite/kernel/\libkernel.a(lwsem.o)

.debug_aranges  0x00000000      0x8b0
 .debug_aranges
                0x00000000       0x20 ./09_MQXLite/psp/cortex_m/core/M0/dispatch.o
 .debug_aranges
                0x00000020       0x20 ./09_MQXLite/psp/cortex_m/int_inst.o
 .debug_aranges
                0x00000040       0x20 ./09_MQXLite/psp/cortex_m/mem_zero.o
 .debug_aranges
                0x00000060       0x20 ./09_MQXLite/psp/cortex_m/psp_iinit.o
 .debug_aranges
                0x00000080       0x20 ./09_MQXLite/psp/cortex_m/psp_tiad.o
 .debug_aranges
                0x000000a0       0x20 ./09_MQXLite/psp/cortex_m/psp_tinm.o
 .debug_aranges
                0x000000c0       0x28 ./09_MQXLite/psp/cortex_m/sc_irdyq.o
 .debug_aranges
                0x000000e8       0x20 ./09_MQXLite/psp/cortex_m/stack_bu.o
 .debug_aranges
                0x00000108       0x20 ./09_MQXLite/psp/cortex_m/stack_de.o
 .debug_aranges
                0x00000128       0x40 ./09_MQXLite/bsp/init_bsp.o
 .debug_aranges
                0x00000168       0x18 ./09_MQXLite/bsp/mqx_init.o
 .debug_aranges
                0x00000180       0x20 ./09_MQXLite/app/task_A.o
 .debug_aranges
                0x000001a0       0x20 ./09_MQXLite/app/task_B.o
 .debug_aranges
                0x000001c0       0x20 ./09_MQXLite/app/task_C.o
 .debug_aranges
                0x000001e0       0x20 ./09_MQXLite/app/task_D.o
 .debug_aranges
                0x00000200       0x20 ./09_MQXLite/app/task_main.o
 .debug_aranges
                0x00000220       0x18 ./09_MQXLite/app/task_templates.o
 .debug_aranges
                0x00000238       0x28 ./08_Sources/isr.o
 .debug_aranges
                0x00000260       0x20 ./08_Sources/main.o
 .debug_aranges
                0x00000280       0x58 ./07_Soft_Component/printf/printf.o
 .debug_aranges
                0x000002d8       0x30 ./06_App_Component/light/light.o
 .debug_aranges
                0x00000308       0x78 ./05_Driver/uart/uart.o
 .debug_aranges
                0x00000380       0x88 ./05_Driver/gpio/gpio.o
 .debug_aranges
                0x00000408       0x20 ./03_MCU/startup_MKL25Z4.o
 .debug_aranges
                0x00000428       0x20 ./03_MCU/system_MKL25Z4.o
 .debug_aranges
                0x00000448       0x90 D:/suda/KL25_BOOK/program/KL25_MQXLite(20160421)/09_MQXLite/kernel/\libkernel.a(int.o)
 .debug_aranges
                0x000004d8       0x80 D:/suda/KL25_BOOK/program/KL25_MQXLite(20160421)/09_MQXLite/kernel/\libkernel.a(lwevent.o)
 .debug_aranges
                0x00000558       0x60 D:/suda/KL25_BOOK/program/KL25_MQXLite(20160421)/09_MQXLite/kernel/\libkernel.a(mqx_utils.o)
 .debug_aranges
                0x000005b8       0x30 D:/suda/KL25_BOOK/program/KL25_MQXLite(20160421)/09_MQXLite/kernel/\libkernel.a(mqxlite.o)
 .debug_aranges
                0x000005e8      0x170 D:/suda/KL25_BOOK/program/KL25_MQXLite(20160421)/09_MQXLite/kernel/\libkernel.a(task.o)
 .debug_aranges
                0x00000758       0xb8 D:/suda/KL25_BOOK/program/KL25_MQXLite(20160421)/09_MQXLite/kernel/\libkernel.a(time_ticks.o)
 .debug_aranges
                0x00000810       0x20 D:/suda/KL25_BOOK/program/KL25_MQXLite(20160421)/09_MQXLite/kernel/\libkernel.a(idletask.o)
 .debug_aranges
                0x00000830       0x80 D:/suda/KL25_BOOK/program/KL25_MQXLite(20160421)/09_MQXLite/kernel/\libkernel.a(lwsem.o)

.debug_ranges   0x00000000      0x670
 .debug_ranges  0x00000000       0x10 ./09_MQXLite/psp/cortex_m/int_inst.o
 .debug_ranges  0x00000010       0x10 ./09_MQXLite/psp/cortex_m/mem_zero.o
 .debug_ranges  0x00000020       0x10 ./09_MQXLite/psp/cortex_m/psp_iinit.o
 .debug_ranges  0x00000030       0x10 ./09_MQXLite/psp/cortex_m/psp_tiad.o
 .debug_ranges  0x00000040       0x10 ./09_MQXLite/psp/cortex_m/psp_tinm.o
 .debug_ranges  0x00000050       0x18 ./09_MQXLite/psp/cortex_m/sc_irdyq.o
 .debug_ranges  0x00000068       0x10 ./09_MQXLite/psp/cortex_m/stack_bu.o
 .debug_ranges  0x00000078       0x10 ./09_MQXLite/psp/cortex_m/stack_de.o
 .debug_ranges  0x00000088       0x30 ./09_MQXLite/bsp/init_bsp.o
 .debug_ranges  0x000000b8       0x10 ./09_MQXLite/app/task_A.o
 .debug_ranges  0x000000c8       0x10 ./09_MQXLite/app/task_B.o
 .debug_ranges  0x000000d8       0x10 ./09_MQXLite/app/task_C.o
 .debug_ranges  0x000000e8       0x10 ./09_MQXLite/app/task_D.o
 .debug_ranges  0x000000f8       0x10 ./09_MQXLite/app/task_main.o
 .debug_ranges  0x00000108       0x18 ./08_Sources/isr.o
 .debug_ranges  0x00000120       0x10 ./08_Sources/main.o
 .debug_ranges  0x00000130       0x48 ./07_Soft_Component/printf/printf.o
 .debug_ranges  0x00000178       0x20 ./06_App_Component/light/light.o
 .debug_ranges  0x00000198       0x68 ./05_Driver/uart/uart.o
 .debug_ranges  0x00000200       0x78 ./05_Driver/gpio/gpio.o
 .debug_ranges  0x00000278       0x10 ./03_MCU/system_MKL25Z4.o
 .debug_ranges  0x00000288       0x80 D:/suda/KL25_BOOK/program/KL25_MQXLite(20160421)/09_MQXLite/kernel/\libkernel.a(int.o)
 .debug_ranges  0x00000308       0x70 D:/suda/KL25_BOOK/program/KL25_MQXLite(20160421)/09_MQXLite/kernel/\libkernel.a(lwevent.o)
 .debug_ranges  0x00000378       0x50 D:/suda/KL25_BOOK/program/KL25_MQXLite(20160421)/09_MQXLite/kernel/\libkernel.a(mqx_utils.o)
 .debug_ranges  0x000003c8       0x20 D:/suda/KL25_BOOK/program/KL25_MQXLite(20160421)/09_MQXLite/kernel/\libkernel.a(mqxlite.o)
 .debug_ranges  0x000003e8      0x160 D:/suda/KL25_BOOK/program/KL25_MQXLite(20160421)/09_MQXLite/kernel/\libkernel.a(task.o)
 .debug_ranges  0x00000548       0xa8 D:/suda/KL25_BOOK/program/KL25_MQXLite(20160421)/09_MQXLite/kernel/\libkernel.a(time_ticks.o)
 .debug_ranges  0x000005f0       0x10 D:/suda/KL25_BOOK/program/KL25_MQXLite(20160421)/09_MQXLite/kernel/\libkernel.a(idletask.o)
 .debug_ranges  0x00000600       0x70 D:/suda/KL25_BOOK/program/KL25_MQXLite(20160421)/09_MQXLite/kernel/\libkernel.a(lwsem.o)

.debug_macro    0x00000000     0xc4f0
 .debug_macro   0x00000000      0x1b4 ./09_MQXLite/psp/cortex_m/int_inst.o
 .debug_macro   0x000001b4      0x1b4 ./09_MQXLite/psp/cortex_m/mem_zero.o
 .debug_macro   0x00000368      0x1b4 ./09_MQXLite/psp/cortex_m/psp_iinit.o
 .debug_macro   0x0000051c      0x1b4 ./09_MQXLite/psp/cortex_m/psp_tiad.o
 .debug_macro   0x000006d0      0x1b4 ./09_MQXLite/psp/cortex_m/psp_tinm.o
 .debug_macro   0x00000884      0x1b4 ./09_MQXLite/psp/cortex_m/sc_irdyq.o
 .debug_macro   0x00000a38      0x1b4 ./09_MQXLite/psp/cortex_m/stack_bu.o
 .debug_macro   0x00000bec      0x1b4 ./09_MQXLite/psp/cortex_m/stack_de.o
 .debug_macro   0x00000da0      0x1f6 ./09_MQXLite/bsp/init_bsp.o
 .debug_macro   0x00000f96       0x52 ./09_MQXLite/bsp/init_bsp.o
 .debug_macro   0x00000fe8       0x28 ./09_MQXLite/bsp/init_bsp.o
 .debug_macro   0x00001010      0x1c0 ./09_MQXLite/bsp/mqx_init.o
 .debug_macro   0x000011d0      0x2d2 ./09_MQXLite/app/task_A.o
 .debug_macro   0x000014a2       0x28 ./09_MQXLite/app/task_A.o
 .debug_macro   0x000014ca       0x52 ./09_MQXLite/app/task_A.o
 .debug_macro   0x0000151c      0x2d2 ./09_MQXLite/app/task_B.o
 .debug_macro   0x000017ee      0x2d2 ./09_MQXLite/app/task_C.o
 .debug_macro   0x00001ac0      0x2d2 ./09_MQXLite/app/task_D.o
 .debug_macro   0x00001d92      0x2d8 ./09_MQXLite/app/task_main.o
 .debug_macro   0x0000206a       0x52 ./09_MQXLite/app/task_main.o
 .debug_macro   0x000020bc      0x2d2 ./09_MQXLite/app/task_templates.o
 .debug_macro   0x0000238e      0x2e2 ./08_Sources/isr.o
 .debug_macro   0x00002670       0x2e ./08_Sources/isr.o
 .debug_macro   0x0000269e      0x172 ./08_Sources/main.o
 .debug_macro   0x00002810      0x162 ./07_Soft_Component/printf/printf.o
 .debug_macro   0x00002972       0x4a ./07_Soft_Component/printf/printf.o
 .debug_macro   0x000029bc       0x16 ./07_Soft_Component/printf/printf.o
 .debug_macro   0x000029d2      0x20f ./07_Soft_Component/printf/printf.o
 .debug_macro   0x00002be1       0x3a ./07_Soft_Component/printf/printf.o
 .debug_macro   0x00002c1b       0xa2 ./07_Soft_Component/printf/printf.o
 .debug_macro   0x00002cbd       0x9a ./07_Soft_Component/printf/printf.o
 .debug_macro   0x00002d57       0xbb ./06_App_Component/light/light.o
 .debug_macro   0x00002e12       0x22 ./06_App_Component/light/light.o
 .debug_macro   0x00002e34       0xb2 ./05_Driver/uart/uart.o
 .debug_macro   0x00002ee6       0xb2 ./05_Driver/gpio/gpio.o
 .debug_macro   0x00002f98       0x4c ./05_Driver/gpio/gpio.o
 .debug_macro   0x00002fe4       0x7e ./03_MCU/system_MKL25Z4.o
 .debug_macro   0x00003062      0x163 D:/suda/KL25_BOOK/program/KL25_MQXLite(20160421)/09_MQXLite/kernel/\libkernel.a(int.o)
 .debug_macro   0x000031c5      0x802 D:/suda/KL25_BOOK/program/KL25_MQXLite(20160421)/09_MQXLite/kernel/\libkernel.a(int.o)
 .debug_macro   0x000039c7       0x6a D:/suda/KL25_BOOK/program/KL25_MQXLite(20160421)/09_MQXLite/kernel/\libkernel.a(int.o)
 .debug_macro   0x00003a31      0x214 D:/suda/KL25_BOOK/program/KL25_MQXLite(20160421)/09_MQXLite/kernel/\libkernel.a(int.o)
 .debug_macro   0x00003c45     0x61b3 D:/suda/KL25_BOOK/program/KL25_MQXLite(20160421)/09_MQXLite/kernel/\libkernel.a(int.o)
 .debug_macro   0x00009df8      0x103 D:/suda/KL25_BOOK/program/KL25_MQXLite(20160421)/09_MQXLite/kernel/\libkernel.a(int.o)
 .debug_macro   0x00009efb       0x28 D:/suda/KL25_BOOK/program/KL25_MQXLite(20160421)/09_MQXLite/kernel/\libkernel.a(int.o)
 .debug_macro   0x00009f23      0x170 D:/suda/KL25_BOOK/program/KL25_MQXLite(20160421)/09_MQXLite/kernel/\libkernel.a(lwevent.o)
 .debug_macro   0x0000a093       0x10 D:/suda/KL25_BOOK/program/KL25_MQXLite(20160421)/09_MQXLite/kernel/\libkernel.a(lwevent.o)
 .debug_macro   0x0000a0a3      0x1b2 D:/suda/KL25_BOOK/program/KL25_MQXLite(20160421)/09_MQXLite/kernel/\libkernel.a(mqx_utils.o)
 .debug_macro   0x0000a255       0x2e D:/suda/KL25_BOOK/program/KL25_MQXLite(20160421)/09_MQXLite/kernel/\libkernel.a(mqx_utils.o)
 .debug_macro   0x0000a283       0x2e D:/suda/KL25_BOOK/program/KL25_MQXLite(20160421)/09_MQXLite/kernel/\libkernel.a(mqx_utils.o)
 .debug_macro   0x0000a2b1       0x95 D:/suda/KL25_BOOK/program/KL25_MQXLite(20160421)/09_MQXLite/kernel/\libkernel.a(mqx_utils.o)
 .debug_macro   0x0000a346      0x2fa D:/suda/KL25_BOOK/program/KL25_MQXLite(20160421)/09_MQXLite/kernel/\libkernel.a(mqxlite.o)
 .debug_macro   0x0000a640       0x16 D:/suda/KL25_BOOK/program/KL25_MQXLite(20160421)/09_MQXLite/kernel/\libkernel.a(mqxlite.o)
 .debug_macro   0x0000a656       0x89 D:/suda/KL25_BOOK/program/KL25_MQXLite(20160421)/09_MQXLite/kernel/\libkernel.a(mqxlite.o)
 .debug_macro   0x0000a6df       0x10 D:/suda/KL25_BOOK/program/KL25_MQXLite(20160421)/09_MQXLite/kernel/\libkernel.a(mqxlite.o)
 .debug_macro   0x0000a6ef       0x3a D:/suda/KL25_BOOK/program/KL25_MQXLite(20160421)/09_MQXLite/kernel/\libkernel.a(mqxlite.o)
 .debug_macro   0x0000a729       0x19 D:/suda/KL25_BOOK/program/KL25_MQXLite(20160421)/09_MQXLite/kernel/\libkernel.a(mqxlite.o)
 .debug_macro   0x0000a742      0x16d D:/suda/KL25_BOOK/program/KL25_MQXLite(20160421)/09_MQXLite/kernel/\libkernel.a(mqxlite.o)
 .debug_macro   0x0000a8af       0x10 D:/suda/KL25_BOOK/program/KL25_MQXLite(20160421)/09_MQXLite/kernel/\libkernel.a(mqxlite.o)
 .debug_macro   0x0000a8bf       0xef D:/suda/KL25_BOOK/program/KL25_MQXLite(20160421)/09_MQXLite/kernel/\libkernel.a(mqxlite.o)
 .debug_macro   0x0000a9ae       0x22 D:/suda/KL25_BOOK/program/KL25_MQXLite(20160421)/09_MQXLite/kernel/\libkernel.a(mqxlite.o)
 .debug_macro   0x0000a9d0       0x91 D:/suda/KL25_BOOK/program/KL25_MQXLite(20160421)/09_MQXLite/kernel/\libkernel.a(mqxlite.o)
 .debug_macro   0x0000aa61       0x16 D:/suda/KL25_BOOK/program/KL25_MQXLite(20160421)/09_MQXLite/kernel/\libkernel.a(mqxlite.o)
 .debug_macro   0x0000aa77      0x14a D:/suda/KL25_BOOK/program/KL25_MQXLite(20160421)/09_MQXLite/kernel/\libkernel.a(mqxlite.o)
 .debug_macro   0x0000abc1       0xe8 D:/suda/KL25_BOOK/program/KL25_MQXLite(20160421)/09_MQXLite/kernel/\libkernel.a(mqxlite.o)
 .debug_macro   0x0000aca9       0x1c D:/suda/KL25_BOOK/program/KL25_MQXLite(20160421)/09_MQXLite/kernel/\libkernel.a(mqxlite.o)
 .debug_macro   0x0000acc5       0x58 D:/suda/KL25_BOOK/program/KL25_MQXLite(20160421)/09_MQXLite/kernel/\libkernel.a(mqxlite.o)
 .debug_macro   0x0000ad1d      0x95e D:/suda/KL25_BOOK/program/KL25_MQXLite(20160421)/09_MQXLite/kernel/\libkernel.a(mqxlite.o)
 .debug_macro   0x0000b67b       0x28 D:/suda/KL25_BOOK/program/KL25_MQXLite(20160421)/09_MQXLite/kernel/\libkernel.a(mqxlite.o)
 .debug_macro   0x0000b6a3       0x52 D:/suda/KL25_BOOK/program/KL25_MQXLite(20160421)/09_MQXLite/kernel/\libkernel.a(mqxlite.o)
 .debug_macro   0x0000b6f5       0x40 D:/suda/KL25_BOOK/program/KL25_MQXLite(20160421)/09_MQXLite/kernel/\libkernel.a(mqxlite.o)
 .debug_macro   0x0000b735       0x52 D:/suda/KL25_BOOK/program/KL25_MQXLite(20160421)/09_MQXLite/kernel/\libkernel.a(mqxlite.o)
 .debug_macro   0x0000b787       0x28 D:/suda/KL25_BOOK/program/KL25_MQXLite(20160421)/09_MQXLite/kernel/\libkernel.a(mqxlite.o)
 .debug_macro   0x0000b7af      0x209 D:/suda/KL25_BOOK/program/KL25_MQXLite(20160421)/09_MQXLite/kernel/\libkernel.a(task.o)
 .debug_macro   0x0000b9b8      0x703 D:/suda/KL25_BOOK/program/KL25_MQXLite(20160421)/09_MQXLite/kernel/\libkernel.a(task.o)
 .debug_macro   0x0000c0bb      0x16f D:/suda/KL25_BOOK/program/KL25_MQXLite(20160421)/09_MQXLite/kernel/\libkernel.a(time_ticks.o)
 .debug_macro   0x0000c22a      0x163 D:/suda/KL25_BOOK/program/KL25_MQXLite(20160421)/09_MQXLite/kernel/\libkernel.a(idletask.o)
 .debug_macro   0x0000c38d      0x163 D:/suda/KL25_BOOK/program/KL25_MQXLite(20160421)/09_MQXLite/kernel/\libkernel.a(lwsem.o)

.debug_str      0x00000000    0x51758
 .debug_str     0x00000000    0x3adc2 ./09_MQXLite/psp/cortex_m/int_inst.o
                              0x3b27b (size before relaxing)
 .debug_str     0x0003adc2       0x92 ./09_MQXLite/psp/cortex_m/mem_zero.o
                              0x3a983 (size before relaxing)
 .debug_str     0x0003ae54       0x6e ./09_MQXLite/psp/cortex_m/psp_iinit.o
                              0x3a95d (size before relaxing)
 .debug_str     0x0003aec2       0x89 ./09_MQXLite/psp/cortex_m/psp_tiad.o
                              0x3b283 (size before relaxing)
 .debug_str     0x0003af4b       0x3b ./09_MQXLite/psp/cortex_m/psp_tinm.o
                              0x3b296 (size before relaxing)
 .debug_str     0x0003af86      0x12d ./09_MQXLite/psp/cortex_m/sc_irdyq.o
                              0x3b363 (size before relaxing)
 .debug_str     0x0003b0b3      0x166 ./09_MQXLite/psp/cortex_m/stack_bu.o
                              0x3ad4c (size before relaxing)
 .debug_str     0x0003b219       0x3f ./09_MQXLite/psp/cortex_m/stack_de.o
                              0x3abf9 (size before relaxing)
 .debug_str     0x0003b258      0x596 ./09_MQXLite/bsp/init_bsp.o
                              0x3b83a (size before relaxing)
 .debug_str     0x0003b7ee      0x133 ./09_MQXLite/bsp/mqx_init.o
                              0x3b51c (size before relaxing)
 .debug_str     0x0003b921     0x29dd ./09_MQXLite/app/task_A.o
                              0x3d64b (size before relaxing)
 .debug_str     0x0003e2fe       0x2f ./09_MQXLite/app/task_B.o
                              0x3d650 (size before relaxing)
 .debug_str     0x0003e32d       0x22 ./09_MQXLite/app/task_C.o
                              0x3d650 (size before relaxing)
 .debug_str     0x0003e34f       0x91 ./09_MQXLite/app/task_D.o
                              0x3d75c (size before relaxing)
 .debug_str     0x0003e3e0       0xa1 ./09_MQXLite/app/task_main.o
                              0x3d96e (size before relaxing)
 .debug_str     0x0003e481       0x3b ./09_MQXLite/app/task_templates.o
                              0x3d8e6 (size before relaxing)
 .debug_str     0x0003e4bc       0x89 ./08_Sources/isr.o
                              0x3d7a6 (size before relaxing)
 .debug_str     0x0003e545       0x15 ./08_Sources/main.o
                              0x37739 (size before relaxing)
 .debug_str     0x0003e55a      0x166 ./07_Soft_Component/printf/printf.o
                              0x34927 (size before relaxing)
 .debug_str     0x0003e6c0       0x4e ./06_App_Component/light/light.o
                              0x320f8 (size before relaxing)
 .debug_str     0x0003e70e      0x21f ./05_Driver/uart/uart.o
                              0x32446 (size before relaxing)
 .debug_str     0x0003e92d      0x143 ./05_Driver/gpio/gpio.o
                              0x3240a (size before relaxing)
 .debug_str     0x0003ea70       0x83 ./03_MCU/system_MKL25Z4.o
                              0x31e21 (size before relaxing)
 .debug_str     0x0003eaf3     0xd93c D:/suda/KL25_BOOK/program/KL25_MQXLite(20160421)/09_MQXLite/kernel/\libkernel.a(int.o)
                              0x2c85c (size before relaxing)
 .debug_str     0x0004c42f      0x232 D:/suda/KL25_BOOK/program/KL25_MQXLite(20160421)/09_MQXLite/kernel/\libkernel.a(lwevent.o)
                              0x2c8e5 (size before relaxing)
 .debug_str     0x0004c661      0x149 D:/suda/KL25_BOOK/program/KL25_MQXLite(20160421)/09_MQXLite/kernel/\libkernel.a(mqx_utils.o)
                              0x2cad3 (size before relaxing)
 .debug_str     0x0004c7aa     0x45b8 D:/suda/KL25_BOOK/program/KL25_MQXLite(20160421)/09_MQXLite/kernel/\libkernel.a(mqxlite.o)
                              0x31e69 (size before relaxing)
 .debug_str     0x00050d62      0x618 D:/suda/KL25_BOOK/program/KL25_MQXLite(20160421)/09_MQXLite/kernel/\libkernel.a(task.o)
                              0x2ea67 (size before relaxing)
 .debug_str     0x0005137a      0x27f D:/suda/KL25_BOOK/program/KL25_MQXLite(20160421)/09_MQXLite/kernel/\libkernel.a(time_ticks.o)
                              0x2c948 (size before relaxing)
 .debug_str     0x000515f9       0x2f D:/suda/KL25_BOOK/program/KL25_MQXLite(20160421)/09_MQXLite/kernel/\libkernel.a(idletask.o)
                              0x2c622 (size before relaxing)
 .debug_str     0x00051628      0x130 D:/suda/KL25_BOOK/program/KL25_MQXLite(20160421)/09_MQXLite/kernel/\libkernel.a(lwsem.o)
                              0x2c804 (size before relaxing)

.comment        0x00000000       0x9a
 .comment       0x00000000       0x70 ./09_MQXLite/psp/cortex_m/int_inst.o
                                 0x71 (size before relaxing)
 .comment       0x00000000       0x71 ./09_MQXLite/psp/cortex_m/mem_zero.o
 .comment       0x00000000       0x71 ./09_MQXLite/psp/cortex_m/psp_iinit.o
 .comment       0x00000000       0x71 ./09_MQXLite/psp/cortex_m/psp_tiad.o
 .comment       0x00000000       0x71 ./09_MQXLite/psp/cortex_m/psp_tinm.o
 .comment       0x00000000       0x71 ./09_MQXLite/psp/cortex_m/sc_irdyq.o
 .comment       0x00000000       0x71 ./09_MQXLite/psp/cortex_m/stack_bu.o
 .comment       0x00000000       0x71 ./09_MQXLite/psp/cortex_m/stack_de.o
 .comment       0x00000000       0x71 ./09_MQXLite/bsp/init_bsp.o
 .comment       0x00000000       0x71 ./09_MQXLite/bsp/mqx_init.o
 .comment       0x00000000       0x71 ./09_MQXLite/app/task_A.o
 .comment       0x00000000       0x71 ./09_MQXLite/app/task_B.o
 .comment       0x00000000       0x71 ./09_MQXLite/app/task_C.o
 .comment       0x00000000       0x71 ./09_MQXLite/app/task_D.o
 .comment       0x00000000       0x71 ./09_MQXLite/app/task_main.o
 .comment       0x00000000       0x71 ./09_MQXLite/app/task_templates.o
 .comment       0x00000000       0x71 ./08_Sources/isr.o
 .comment       0x00000000       0x71 ./08_Sources/main.o
 .comment       0x00000000       0x71 ./07_Soft_Component/printf/printf.o
 .comment       0x00000000       0x71 ./06_App_Component/light/light.o
 .comment       0x00000000       0x71 ./05_Driver/uart/uart.o
 .comment       0x00000000       0x71 ./05_Driver/gpio/gpio.o
 .comment       0x00000000       0x71 ./03_MCU/system_MKL25Z4.o
 .comment       0x00000070       0x2a D:/suda/KL25_BOOK/program/KL25_MQXLite(20160421)/09_MQXLite/kernel/\libkernel.a(int.o)
                                 0x2b (size before relaxing)
 .comment       0x00000000       0x2b D:/suda/KL25_BOOK/program/KL25_MQXLite(20160421)/09_MQXLite/kernel/\libkernel.a(lwevent.o)
 .comment       0x00000000       0x2b D:/suda/KL25_BOOK/program/KL25_MQXLite(20160421)/09_MQXLite/kernel/\libkernel.a(mqx_utils.o)
 .comment       0x00000000       0x2b D:/suda/KL25_BOOK/program/KL25_MQXLite(20160421)/09_MQXLite/kernel/\libkernel.a(mqxlite.o)
 .comment       0x00000000       0x2b D:/suda/KL25_BOOK/program/KL25_MQXLite(20160421)/09_MQXLite/kernel/\libkernel.a(task.o)
 .comment       0x00000000       0x2b D:/suda/KL25_BOOK/program/KL25_MQXLite(20160421)/09_MQXLite/kernel/\libkernel.a(time_ticks.o)
 .comment       0x00000000       0x2b D:/suda/KL25_BOOK/program/KL25_MQXLite(20160421)/09_MQXLite/kernel/\libkernel.a(idletask.o)
 .comment       0x00000000       0x2b D:/suda/KL25_BOOK/program/KL25_MQXLite(20160421)/09_MQXLite/kernel/\libkernel.a(lwsem.o)

.debug_frame    0x00000000     0x1b6c
 .debug_frame   0x00000000       0x30 ./09_MQXLite/psp/cortex_m/int_inst.o
 .debug_frame   0x00000030       0x34 ./09_MQXLite/psp/cortex_m/mem_zero.o
 .debug_frame   0x00000064       0x30 ./09_MQXLite/psp/cortex_m/psp_iinit.o
 .debug_frame   0x00000094       0x38 ./09_MQXLite/psp/cortex_m/psp_tiad.o
 .debug_frame   0x000000cc       0x38 ./09_MQXLite/psp/cortex_m/psp_tinm.o
 .debug_frame   0x00000104       0x50 ./09_MQXLite/psp/cortex_m/sc_irdyq.o
 .debug_frame   0x00000154       0x30 ./09_MQXLite/psp/cortex_m/stack_bu.o
 .debug_frame   0x00000184       0x30 ./09_MQXLite/psp/cortex_m/stack_de.o
 .debug_frame   0x000001b4       0xb4 ./09_MQXLite/bsp/init_bsp.o
 .debug_frame   0x00000268       0x30 ./09_MQXLite/app/task_A.o
 .debug_frame   0x00000298       0x30 ./09_MQXLite/app/task_B.o
 .debug_frame   0x000002c8       0x30 ./09_MQXLite/app/task_C.o
 .debug_frame   0x000002f8       0x30 ./09_MQXLite/app/task_D.o
 .debug_frame   0x00000328       0x30 ./09_MQXLite/app/task_main.o
 .debug_frame   0x00000358       0x50 ./08_Sources/isr.o
 .debug_frame   0x000003a8       0x2c ./08_Sources/main.o
 .debug_frame   0x000003d4      0x114 ./07_Soft_Component/printf/printf.o
 .debug_frame   0x000004e8       0x70 ./06_App_Component/light/light.o
 .debug_frame   0x00000558      0x190 ./05_Driver/uart/uart.o
 .debug_frame   0x000006e8      0x1d0 ./05_Driver/gpio/gpio.o
 .debug_frame   0x000008b8       0x30 ./03_MCU/system_MKL25Z4.o
 .debug_frame   0x000008e8      0x1f0 D:/suda/KL25_BOOK/program/KL25_MQXLite(20160421)/09_MQXLite/kernel/\libkernel.a(int.o)
 .debug_frame   0x00000ad8      0x1b4 D:/suda/KL25_BOOK/program/KL25_MQXLite(20160421)/09_MQXLite/kernel/\libkernel.a(lwevent.o)
 .debug_frame   0x00000c8c      0x12c D:/suda/KL25_BOOK/program/KL25_MQXLite(20160421)/09_MQXLite/kernel/\libkernel.a(mqx_utils.o)
 .debug_frame   0x00000db8       0x70 D:/suda/KL25_BOOK/program/KL25_MQXLite(20160421)/09_MQXLite/kernel/\libkernel.a(mqxlite.o)
 .debug_frame   0x00000e28      0x568 D:/suda/KL25_BOOK/program/KL25_MQXLite(20160421)/09_MQXLite/kernel/\libkernel.a(task.o)
 .debug_frame   0x00001390      0x2ac D:/suda/KL25_BOOK/program/KL25_MQXLite(20160421)/09_MQXLite/kernel/\libkernel.a(time_ticks.o)
 .debug_frame   0x0000163c       0x30 D:/suda/KL25_BOOK/program/KL25_MQXLite(20160421)/09_MQXLite/kernel/\libkernel.a(idletask.o)
 .debug_frame   0x0000166c      0x1b4 D:/suda/KL25_BOOK/program/KL25_MQXLite(20160421)/09_MQXLite/kernel/\libkernel.a(lwsem.o)
 .debug_frame   0x00001820       0x20 d:/freescale/kds_3.0.0/toolchain/bin/../lib/gcc/arm-none-eabi/4.8.4/armv6-m\libgcc.a(_udivsi3.o)
 .debug_frame   0x00001840       0x20 d:/freescale/kds_3.0.0/toolchain/bin/../lib/gcc/arm-none-eabi/4.8.4/armv6-m\libgcc.a(_divsi3.o)
 .debug_frame   0x00001860       0x2c d:/freescale/kds_3.0.0/toolchain/bin/../lib/gcc/arm-none-eabi/4.8.4/armv6-m\libgcc.a(_fixunsdfsi.o)
 .debug_frame   0x0000188c       0x2c d:/freescale/kds_3.0.0/toolchain/bin/../lib/gcc/arm-none-eabi/4.8.4/armv6-m\libgcc.a(_fixunsdfdi.o)
 .debug_frame   0x000018b8       0x50 d:/freescale/kds_3.0.0/toolchain/bin/../lib/gcc/arm-none-eabi/4.8.4/armv6-m\libgcc.a(bpabi.o)
 .debug_frame   0x00001908       0x3c d:/freescale/kds_3.0.0/toolchain/bin/../lib/gcc/arm-none-eabi/4.8.4/armv6-m\libgcc.a(eqdf2.o)
 .debug_frame   0x00001944       0x38 d:/freescale/kds_3.0.0/toolchain/bin/../lib/gcc/arm-none-eabi/4.8.4/armv6-m\libgcc.a(gedf2.o)
 .debug_frame   0x0000197c       0x3c d:/freescale/kds_3.0.0/toolchain/bin/../lib/gcc/arm-none-eabi/4.8.4/armv6-m\libgcc.a(ledf2.o)
 .debug_frame   0x000019b8       0x3c d:/freescale/kds_3.0.0/toolchain/bin/../lib/gcc/arm-none-eabi/4.8.4/armv6-m\libgcc.a(muldf3.o)
 .debug_frame   0x000019f4       0x3c d:/freescale/kds_3.0.0/toolchain/bin/../lib/gcc/arm-none-eabi/4.8.4/armv6-m\libgcc.a(subdf3.o)
 .debug_frame   0x00001a30       0x2c d:/freescale/kds_3.0.0/toolchain/bin/../lib/gcc/arm-none-eabi/4.8.4/armv6-m\libgcc.a(fixdfsi.o)
 .debug_frame   0x00001a5c       0x28 d:/freescale/kds_3.0.0/toolchain/bin/../lib/gcc/arm-none-eabi/4.8.4/armv6-m\libgcc.a(floatunsidf.o)
 .debug_frame   0x00001a84       0x30 d:/freescale/kds_3.0.0/toolchain/bin/../lib/gcc/arm-none-eabi/4.8.4/armv6-m\libgcc.a(_muldi3.o)
 .debug_frame   0x00001ab4       0x3c d:/freescale/kds_3.0.0/toolchain/bin/../lib/gcc/arm-none-eabi/4.8.4/armv6-m\libgcc.a(_divdi3.o)
 .debug_frame   0x00001af0       0x3c d:/freescale/kds_3.0.0/toolchain/bin/../lib/gcc/arm-none-eabi/4.8.4/armv6-m\libgcc.a(_udivdi3.o)
 .debug_frame   0x00001b2c       0x20 d:/freescale/kds_3.0.0/toolchain/bin/../lib/gcc/arm-none-eabi/4.8.4/../../../../arm-none-eabi/lib/armv6-m\libg_s.a(lib_a-memset.o)
 .debug_frame   0x00001b4c       0x20 d:/freescale/kds_3.0.0/toolchain/bin/../lib/gcc/arm-none-eabi/4.8.4/../../../../arm-none-eabi/lib/armv6-m\libg_s.a(lib_a-strlen.o)
